Component: ARM Compiler 5.06 update 4 (build 422) Tool: armlink [4d35d2]

==============================================================================

Section Cross References

    startup_stm32f429xx.o(STACK) refers (Special) to heapauxi.o(.text) for __use_two_region_memory
    startup_stm32f429xx.o(HEAP) refers (Special) to heapauxi.o(.text) for __use_two_region_memory
    startup_stm32f429xx.o(RESET) refers (Special) to heapauxi.o(.text) for __use_two_region_memory
    startup_stm32f429xx.o(RESET) refers to startup_stm32f429xx.o(STACK) for __initial_sp
    startup_stm32f429xx.o(RESET) refers to startup_stm32f429xx.o(.text) for Reset_Handler
    startup_stm32f429xx.o(RESET) refers to time_task.o(i.TIM3_IRQHandler) for TIM3_IRQHandler
    startup_stm32f429xx.o(RESET) refers to usart.o(i.USART1_IRQHandler) for USART1_IRQHandler
    startup_stm32f429xx.o(RESET) refers to cap.o(i.TIM5_IRQHandler) for TIM5_IRQHandler
    startup_stm32f429xx.o(.text) refers (Special) to heapauxi.o(.text) for __use_two_region_memory
    startup_stm32f429xx.o(.text) refers to __main.o(!!!main) for __main
    startup_stm32f429xx.o(.text) refers to startup_stm32f429xx.o(HEAP) for Heap_Mem
    startup_stm32f429xx.o(.text) refers to startup_stm32f429xx.o(STACK) for Stack_Mem
    test.o(i.main) refers to sys.o(i.Stm32_Clock_Init) for Stm32_Clock_Init
    test.o(i.main) refers to delay.o(i.delay_init) for delay_init
    test.o(i.main) refers to usart.o(i.uart_init) for uart_init
    test.o(i.main) refers to led.o(i.led_lnit) for led_lnit
    test.o(i.main) refers to time_task.o(i.time3_init) for time3_init
    test.o(i.main) refers to pwm.o(i.pwm_init) for pwm_init
    test.o(i.main) refers to cap.o(i.cap_init) for cap_init
    test.o(i.main) refers to sdram.o(i.sdram_init) for sdram_init
    test.o(i.main) refers to sdram.o(i.sd_task) for sd_task
    test.o(i.main) refers to lcd.o(i.LCD_Init) for LCD_Init
    test.o(i.main) refers to lcd.o(i.LCD_ShowString) for LCD_ShowString
    test.o(i.main) refers to delay.o(i.delay_ms) for delay_ms
    delay.o(i.delay_init) refers to delay.o(.data) for fac_us
    delay.o(i.delay_ms) refers to delay.o(i.delay_xms) for delay_xms
    delay.o(i.delay_us) refers to delay.o(.data) for fac_us
    delay.o(i.delay_xms) refers to delay.o(.data) for fac_ms
    sys.o(i.MY_NVIC_Init) refers to sys.o(i.MY_NVIC_PriorityGroupConfig) for MY_NVIC_PriorityGroupConfig
    sys.o(i.Stm32_Clock_Init) refers to sys.o(i.Sys_Clock_Set) for Sys_Clock_Set
    sys.o(i.Stm32_Clock_Init) refers to sys.o(i.MY_NVIC_SetVectorTable) for MY_NVIC_SetVectorTable
    sys.o(i.Sys_Standby) refers to sys.o(i.WFI_SET) for WFI_SET
    usart.o(.rev16_text) refers (Special) to use_no_semi_2.o(.text) for __use_no_semihosting
    usart.o(.revsh_text) refers (Special) to use_no_semi_2.o(.text) for __use_no_semihosting
    usart.o(.rrx_text) refers (Special) to use_no_semi_2.o(.text) for __use_no_semihosting
    usart.o(i.USART1_IRQHandler) refers (Special) to use_no_semi_2.o(.text) for __use_no_semihosting
    usart.o(i.USART1_IRQHandler) refers to usart.o(.data) for USART_RX_STA
    usart.o(i.USART1_IRQHandler) refers to usart.o(.bss) for USART_RX_BUF
    usart.o(i._sys_exit) refers (Special) to use_no_semi_2.o(.text) for __use_no_semihosting
    usart.o(i._ttywrch) refers (Special) to use_no_semi_2.o(.text) for __use_no_semihosting
    usart.o(i.fputc) refers (Special) to use_no_semi_2.o(.text) for __use_no_semihosting
    usart.o(i.uart_init) refers (Special) to use_no_semi_2.o(.text) for __use_no_semihosting
    usart.o(i.uart_init) refers to sys.o(i.GPIO_Set) for GPIO_Set
    usart.o(i.uart_init) refers to sys.o(i.GPIO_AF_Set) for GPIO_AF_Set
    usart.o(i.uart_init) refers to sys.o(i.MY_NVIC_Init) for MY_NVIC_Init
    usart.o(.bss) refers (Special) to use_no_semi_2.o(.text) for __use_no_semihosting
    usart.o(.data) refers (Special) to use_no_semi_2.o(.text) for __use_no_semihosting
    led.o(i.led_lnit) refers to sys.o(i.GPIO_Set) for GPIO_Set
    led.o(i.led_task) refers to led.o(.data) for cnt
    time_task.o(i.TIM3_IRQHandler) refers to time_task.o(.data) for st_TASK_SCHDLR_list
    time_task.o(i.TIM3_IRQHandler) refers to time_task.o(.constdata) for gp_SCHDLR_TASK_CYCL_CFG
    time_task.o(i.time3_init) refers to sys.o(i.MY_NVIC_Init) for MY_NVIC_Init
    time_task.o(.data) refers to led.o(i.led_task) for led_task
    time_task.o(.data) refers to pwm.o(i.pwm_task) for pwm_task
    time_task.o(.data) refers to cap.o(i.cap_task) for cap_task
    pwm.o(i.pwm_init) refers to sys.o(i.GPIO_Set) for GPIO_Set
    pwm.o(i.pwm_init) refers to sys.o(i.GPIO_AF_Set) for GPIO_AF_Set
    pwm.o(i.pwm_task) refers to pwm.o(.data) for increase_flag
    cap.o(i.TIM5_IRQHandler) refers to cap.o(.data) for TIM5CH1_CAPTURE_STA
    cap.o(i.cap_init) refers to sys.o(i.GPIO_Set) for GPIO_Set
    cap.o(i.cap_init) refers to sys.o(i.GPIO_AF_Set) for GPIO_AF_Set
    cap.o(i.cap_init) refers to sys.o(i.MY_NVIC_Init) for MY_NVIC_Init
[...]
    __rtentry.o(.ARM.Collect$$rtentry$$00000000) refers (Special) to __rtentry2.o(.ARM.Collect$$rtentry$$00000009) for __rt_entry_postsh_1
    __rtentry.o(.ARM.Collect$$rtentry$$00000000) refers (Special) to __rtentry2.o(.ARM.Collect$$rtentry$$00000002) for __rt_entry_presh_1
    __rtentry.o(.ARM.Collect$$rtentry$$00000000) refers (Special) to __rtentry4.o(.ARM.Collect$$rtentry$$00000004) for __rt_entry_sh
    _printf_char_file.o(.text) refers to _printf_char_common.o(.text) for _printf_char_common
    _printf_char_file.o(.text) refers to ferror.o(.text) for ferror
    _printf_char_file.o(.text) refers to usart.o(i.fputc) for fputc
    dnaninf.o(x$fpl$dnaninf) refers (Special) to usenofp.o(x$fpl$usenofp) for __I$use$fp
    dretinf.o(x$fpl$dretinf) refers (Special) to usenofp.o(x$fpl$usenofp) for __I$use$fp
    __rtentry2.o(.ARM.Collect$$rtentry$$00000008) refers to boardinit2.o(.text) for _platform_post_stackheap_init
    __rtentry2.o(.ARM.Collect$$rtentry$$0000000A) refers to libinit.o(.ARM.Collect$$libinit$$00000000) for __rt_lib_init
    __rtentry2.o(.ARM.Collect$$rtentry$$0000000B) refers to boardinit3.o(.text) for _platform_post_lib_init
    __rtentry2.o(.ARM.Collect$$rtentry$$0000000D) refers to test.o(i.main) for main
    __rtentry2.o(.ARM.Collect$$rtentry$$0000000D) refers to exit.o(.text) for exit
    __rtentry2.o(.ARM.exidx) refers to __rtentry2.o(.ARM.Collect$$rtentry$$00000001) for .ARM.Collect$$rtentry$$00000001
    __rtentry2.o(.ARM.exidx) refers to __rtentry2.o(.ARM.Collect$$rtentry$$00000008) for .ARM.Collect$$rtentry$$00000008
    __rtentry2.o(.ARM.exidx) refers to __rtentry2.o(.ARM.Collect$$rtentry$$0000000A) for .ARM.Collect$$rtentry$$0000000A
    __rtentry2.o(.ARM.exidx) refers to __rtentry2.o(.ARM.Collect$$rtentry$$0000000B) for .ARM.Collect$$rtentry$$0000000B
    __rtentry2.o(.ARM.exidx) refers to __rtentry2.o(.ARM.Collect$$rtentry$$0000000D) for .ARM.Collect$$rtentry$$0000000D
    __rtentry4.o(.ARM.Collect$$rtentry$$00000004) refers to sys_stackheap_outer.o(.text) for __user_setup_stackheap
    __rtentry4.o(.ARM.exidx) refers to __rtentry4.o(.ARM.Collect$$rtentry$$00000004) for .ARM.Collect$$rtentry$$00000004
    _printf_char_common.o(.text) refers to __printf_ss.o(.text) for __printf
    sys_stackheap_outer.o(.text) refers to libspace.o(.text) for __user_perproc_libspace
    sys_stackheap_outer.o(.text) refers to startup_stm32f429xx.o(.text) for __user_initial_stackheap
    exit.o(.text) refers to rtexit.o(.ARM.Collect$$rtexit$$00000000) for __rt_exit
    libinit.o(.ARM.Collect$$libinit$$00000000) refers (Special) to libinit2.o(.ARM.Collect$$libinit$$0000002E) for __rt_lib_init_alloca_1
    libinit.o(.ARM.Collect$$libinit$$00000000) refers (Special) to libinit2.o(.ARM.Collect$$libinit$$0000002C) for __rt_lib_init_argv_1
    libinit.o(.ARM.Collect$$libinit$$00000000) refers (Special) to libinit2.o(.ARM.Collect$$libinit$$0000001B) for __rt_lib_init_atexit_1
    libinit.o(.ARM.Collect$$libinit$$00000000) refers (Special) to libinit2.o(.ARM.Collect$$libinit$$00000021) for __rt_lib_init_clock_1
    libinit.o(.ARM.Collect$$libinit$$00000000) refers (Special) to libinit2.o(.ARM.Collect$$libinit$$00000032) for __rt_lib_init_cpp_1
    libinit.o(.ARM.Collect$$libinit$$00000000) refers (Special) to libinit2.o(.ARM.Collect$$libinit$$00000030) for __rt_lib_init_exceptions_1
    libinit.o(.ARM.Collect$$libinit$$00000000) refers (Special) to libinit2.o(.ARM.Collect$$libinit$$00000001) for __rt_lib_init_fp_1
    libinit.o(.ARM.Collect$$libinit$$00000000) refers (Special) to libinit2.o(.ARM.Collect$$libinit$$0000001F) for __rt_lib_init_fp_trap_1
    libinit.o(.ARM.Collect$$libinit$$00000000) refers (Special) to libinit2.o(.ARM.Collect$$libinit$$00000023) for __rt_lib_init_getenv_1
    libinit.o(.ARM.Collect$$libinit$$00000000) refers (Special) to libinit2.o(.ARM.Collect$$libinit$$0000000A) for __rt_lib_init_heap_1
    libinit.o(.ARM.Collect$$libinit$$00000000) refers (Special) to libinit2.o(.ARM.Collect$$libinit$$00000011) for __rt_lib_init_lc_collate_1
    libinit.o(.ARM.Collect$$libinit$$00000000) refers (Special) to libinit2.o(.ARM.Collect$$libinit$$00000013) for __rt_lib_init_lc_ctype_1
    libinit.o(.ARM.Collect$$libinit$$00000000) refers (Special) to libinit2.o(.ARM.Collect$$libinit$$00000015) for __rt_lib_init_lc_monetary_1
    libinit.o(.ARM.Collect$$libinit$$00000000) refers (Special) to libinit2.o(.ARM.Collect$$libinit$$00000017) for __rt_lib_init_lc_numeric_1
    libinit.o(.ARM.Collect$$libinit$$00000000) refers (Special) to libinit2.o(.ARM.Collect$$libinit$$00000019) for __rt_lib_init_lc_time_1
    libinit.o(.ARM.Collect$$libinit$$00000000) refers (Special) to libinit2.o(.ARM.Collect$$libinit$$00000004) for __rt_lib_init_preinit_1
    libinit.o(.ARM.Collect$$libinit$$00000000) refers (Special) to libinit2.o(.ARM.Collect$$libinit$$0000000E) for __rt_lib_init_rand_1
    libinit.o(.ARM.Collect$$libinit$$00000000) refers (Special) to libinit2.o(.ARM.Collect$$libinit$$00000033) for __rt_lib_init_return
    libinit.o(.ARM.Collect$$libinit$$00000000) refers (Special) to libinit2.o(.ARM.Collect$$libinit$$0000001D) for __rt_lib_init_signal_1
    libinit.o(.ARM.Collect$$libinit$$00000000) refers (Special) to libinit2.o(.ARM.Collect$$libinit$$00000025) for __rt_lib_init_stdio_1
    libinit.o(.ARM.Collect$$libinit$$00000000) refers (Special) to libinit2.o(.ARM.Collect$$libinit$$0000000C) for __rt_lib_init_user_alloc_1
    libspace.o(.text) refers to libspace.o(.bss) for __libspace_start
    rtexit.o(.ARM.Collect$$rtexit$$00000000) refers (Special) to rtexit2.o(.ARM.Collect$$rtexit$$00000004) for __rt_exit_exit
    rtexit.o(.ARM.Collect$$rtexit$$00000000) refers (Special) to rtexit2.o(.ARM.Collect$$rtexit$$00000003) for __rt_exit_ls
    rtexit.o(.ARM.Collect$$rtexit$$00000000) refers (Special) to rtexit2.o(.ARM.Collect$$rtexit$$00000002) for __rt_exit_prels_1
    rtexit.o(.ARM.exidx) refers (Special) to rtexit2.o(.ARM.Collect$$rtexit$$00000004) for __rt_exit_exit
    rtexit.o(.ARM.exidx) refers (Special) to rtexit2.o(.ARM.Collect$$rtexit$$00000003) for __rt_exit_ls
    rtexit.o(.ARM.exidx) refers (Special) to rtexit2.o(.ARM.Collect$$rtexit$$00000002) for __rt_exit_prels_1
    rtexit.o(.ARM.exidx) refers to rtexit.o(.ARM.Collect$$rtexit$$00000000) for .ARM.Collect$$rtexit$$00000000
    libinit2.o(.ARM.Collect$$libinit$$00000001) refers to fpinit.o(x$fpl$fpinit) for _fp_init
    libinit2.o(.ARM.Collect$$libinit$$00000010) refers to libinit2.o(.ARM.Collect$$libinit$$0000000F) for .ARM.Collect$$libinit$$0000000F
    libinit2.o(.ARM.Collect$$libinit$$00000012) refers to libinit2.o(.ARM.Collect$$libinit$$0000000F) for .ARM.Collect$$libinit$$0000000F
    libinit2.o(.ARM.Collect$$libinit$$00000014) refers to libinit2.o(.ARM.Collect$$libinit$$0000000F) for .ARM.Collect$$libinit$$0000000F
    libinit2.o(.ARM.Collect$$libinit$$00000016) refers to libinit2.o(.ARM.Collect$$libinit$$0000000F) for .ARM.Collect$$libinit$$0000000F
    libinit2.o(.ARM.Collect$$libinit$$00000018) refers to libinit2.o(.ARM.Collect$$libinit$$0000000F) for .ARM.Collect$$libinit$$0000000F
    libinit2.o(.ARM.Collect$$libinit$$00000026) refers to argv_veneer.o(.emb_text) for __ARM_argv_veneer
    libinit2.o(.ARM.Collect$$libinit$$00000027) refers to argv_veneer.o(.emb_text) for __ARM_argv_veneer
    rtexit2.o(.ARM.Collect$$rtexit$$00000003) refers to libshutdown.o(.ARM.Collect$$libshutdown$$00000000) for __rt_lib_shutdown
    rtexit2.o(.ARM.Collect$$rtexit$$00000004) refers to usart.o(i._sys_exit) for _sys_exit
    rtexit2.o(.ARM.exidx) refers to rtexit2.o(.ARM.Collect$$rtexit$$00000001) for .ARM.Collect$$rtexit$$00000001
    rtexit2.o(.ARM.exidx) refers to rtexit2.o(.ARM.Collect$$rtexit$$00000003) for .ARM.Collect$$rtexit$$00000003
    rtexit2.o(.ARM.exidx) refers to rtexit2.o(.ARM.Collect$$rtexit$$00000004) for .ARM.Collect$$rtexit$$00000004
    argv_veneer.o(.emb_text) refers to no_argv.o(.text) for __ARM_get_argv
    _get_argv_nomalloc.o(.text) refers (Special) to hrguard.o(.text) for __heap_region$guard
    _get_argv_nomalloc.o(.text) refers to defsig_rtmem_outer.o(.text) for __rt_SIGRTMEM
    _get_argv_nomalloc.o(.text) refers to sys_command.o(.text) for _sys_command_string
    libshutdown.o(.ARM.Collect$$libshutdown$$00000000) refers (Special) to libshutdown2.o(.ARM.Collect$$libshutdown$$00000002) for __rt_lib_shutdown_cpp_1
    libshutdown.o(.ARM.Collect$$libshutdown$$00000000) refers (Special) to libshutdown2.o(.ARM.Collect$$libshutdown$$00000007) for __rt_lib_shutdown_fp_trap_1
    libshutdown.o(.ARM.Collect$$libshutdown$$00000000) refers (Special) to libshutdown2.o(.ARM.Collect$$libshutdown$$0000000F) for __rt_lib_shutdown_heap_1
    libshutdown.o(.ARM.Collect$$libshutdown$$00000000) refers (Special) to libshutdown2.o(.ARM.Collect$$libshutdown$$00000010) for __rt_lib_shutdown_return
    libshutdown.o(.ARM.Collect$$libshutdown$$00000000) refers (Special) to libshutdown2.o(.ARM.Collect$$libshutdown$$0000000A) for __rt_lib_shutdown_signal_1
    libshutdown.o(.ARM.Collect$$libshutdown$$00000000) refers (Special) to libshutdown2.o(.ARM.Collect$$libshutdown$$00000004) for __rt_lib_shutdown_stdio_1
    libshutdown.o(.ARM.Collect$$libshutdown$$00000000) refers (Special) to libshutdown2.o(.ARM.Collect$$libshutdown$$0000000C) for __rt_lib_shutdown_user_alloc_1
    sys_command.o(.text) refers (Special) to use_no_semi.o(.text) for __I$use$semihosting
    sys_command.o(.text) refers (Special) to indicate_semi.o(.text) for __semihosting_library_function
    defsig_rtmem_outer.o(.text) refers to defsig_rtmem_inner.o(.text) for __rt_SIGRTMEM_inner
    defsig_rtmem_outer.o(.text) refers to defsig_exit.o(.text) for __sig_exit
    defsig_rtmem_formal.o(.text) refers to rt_raise.o(.text) for __rt_raise
    rt_raise.o(.text) refers to __raise.o(.text) for __raise
    rt_raise.o(.text) refers to usart.o(i._sys_exit) for _sys_exit
    defsig_exit.o(.text) refers to usart.o(i._sys_exit) for _sys_exit
    defsig_rtmem_inner.o(.text) refers to defsig_general.o(.text) for __default_signal_display
    __raise.o(.text) refers to defsig.o(CL$$defsig) for __default_signal_handler
    defsig_general.o(.text) refers to usart.o(i._ttywrch) for _ttywrch
    defsig.o(CL$$defsig) refers to defsig_rtmem_inner.o(.text) for __rt_SIGRTMEM_inner
    defsig_abrt_inner.o(.text) refers to defsig_general.o(.text) for __default_signal_display
    defsig_fpe_inner.o(.text) refers to defsig_general.o(.text) for __default_signal_display
    defsig_rtred_inner.o(.text) refers to defsig_general.o(.text) for __default_signal_display
    defsig_stak_inner.o(.text) refers to defsig_general.o(.text) for __default_signal_display
    defsig_pvfn_inner.o(.text) refers to defsig_general.o(.text) for __default_signal_display
    defsig_cppl_inner.o(.text) refers to defsig_general.o(.text) for __default_signal_display
    defsig_segv_inner.o(.text) refers to defsig_general.o(.text) for __default_signal_display
    defsig_other.o(.text) refers to defsig_general.o(.text) for __default_signal_display


==============================================================================

Removing Unused input sections from the image.

    Removing test.o(.rev16_text), (4 bytes).
    Removing test.o(.revsh_text), (4 bytes).
    Removing test.o(.rrx_text), (6 bytes).
    Removing delay.o(.rev16_text), (4 bytes).
    Removing delay.o(.revsh_text), (4 bytes).
    Removing delay.o(.rrx_text), (6 bytes).
    Removing sys.o(.rev16_text), (4 bytes).
    Removing sys.o(.revsh_text), (4 bytes).
    Removing sys.o(.rrx_text), (6 bytes).
    Removing sys.o(.emb_text), (6 bytes).
    Removing sys.o(i.Ex_NVIC_Config), (180 bytes).
    Removing sys.o(i.INTX_DISABLE), (4 bytes).
    Removing sys.o(i.INTX_ENABLE), (4 bytes).
    Removing sys.o(i.Sys_Soft_Reset), (16 bytes).
    Removing sys.o(i.Sys_Standby), (76 bytes).
    Removing sys.o(i.WFI_SET), (4 bytes).
    Removing usart.o(.rev16_text), (4 bytes).
    Removing usart.o(.revsh_text), (4 bytes).
    Removing usart.o(.rrx_text), (6 bytes).
    Removing usart.o(i._ttywrch), (4 bytes).
    Removing led.o(.rev16_text), (4 bytes).
    Removing led.o(.revsh_text), (4 bytes).
    Removing led.o(.rrx_text), (6 bytes).
    Removing time_task.o(.rev16_text), (4 bytes).
    Removing time_task.o(.revsh_text), (4 bytes).
    Removing time_task.o(.rrx_text), (6 bytes).
    Removing pwm.o(.rev16_text), (4 bytes).
    Removing pwm.o(.revsh_text), (4 bytes).
    Removing pwm.o(.rrx_text), (6 bytes).
    Removing cap.o(.rev16_text), (4 bytes).
    Removing cap.o(.revsh_text), (4 bytes).
    Removing cap.o(.rrx_text), (6 bytes).
    Removing sdram.o(.rev16_text), (4 bytes).
    Removing sdram.o(.revsh_text), (4 bytes).
    Removing sdram.o(.rrx_text), (6 bytes).
    Removing sdram.o(i.FMC_SDRAM_ReadBuffer), (22 bytes).
    Removing sdram.o(i.FMC_SDRAM_WriteBuffer), (24 bytes).
    Removing lcd.o(.rev16_text), (4 bytes).
    Removing lcd.o(.revsh_text), (4 bytes).
    Removing lcd.o(.rrx_text), (6 bytes).
    Removing lcd.o(i.LCD_BGR2RGB), (26 bytes).
    Removing lcd.o(i.LCD_Color_Fill), (124 bytes).
    Removing lcd.o(i.LCD_DisplayOff), (92 bytes).
    Removing lcd.o(i.LCD_DisplayOn), (92 bytes).
    Removing lcd.o(i.LCD_DrawLine), (176 bytes).
    Removing lcd.o(i.LCD_DrawPoint), (60 bytes).
    Removing lcd.o(i.LCD_DrawRectangle), (64 bytes).
    Removing lcd.o(i.LCD_Draw_Circle), (152 bytes).
    Removing lcd.o(i.LCD_Fill), (112 bytes).
    Removing lcd.o(i.LCD_Pow), (22 bytes).
    Removing lcd.o(i.LCD_ReadPoint), (204 bytes).
    Removing lcd.o(i.LCD_ReadReg), (22 bytes).
    Removing lcd.o(i.LCD_Set_Window), (404 bytes).
    Removing lcd.o(i.LCD_ShowNum), (148 bytes).
    Removing lcd.o(i.LCD_ShowxNum), (190 bytes).
    Removing lcd.o(i.LCD_WriteRAM), (12 bytes).
    Removing lcd.o(i.opt_delay), (14 bytes).
    Removing ltdc.o(.rev16_text), (4 bytes).
    Removing ltdc.o(.revsh_text), (4 bytes).
    Removing ltdc.o(.rrx_text), (6 bytes).
    Removing ltdc.o(i.LTDC_Color_Fill), (340 bytes).
    Removing ltdc.o(i.LTDC_Read_Point), (80 bytes).

62 unused section(s) (total 2828 bytes) removed from the image.

==============================================================================

Image Symbol Table

    Local Symbols

    Symbol Name                              Value     Ov Type        Size  Object(Section)

    ../clib/angel/boardlib.s                 0x00000000   Number         0  boardinit1.o ABSOLUTE
    ../clib/angel/boardlib.s                 0x00000000   Number         0  boardinit2.o ABSOLUTE
    ../clib/angel/boardlib.s                 0x00000000   Number         0  boardinit3.o ABSOLUTE
    ../clib/angel/boardlib.s                 0x00000000   Number         0  boardshut.o ABSOLUTE
    ../clib/angel/handlers.s                 0x00000000   Number         0  __scatter_zi.o ABSOLUTE
    ../clib/angel/handlers.s                 0x00000000   Number         0  __scatter_copy.o ABSOLUTE
    ../clib/angel/kernel.s                   0x00000000   Number         0  __rtentry.o ABSOLUTE
    ../clib/angel/kernel.s                   0x00000000   Number         0  __rtentry2.o ABSOLUTE
    ../clib/angel/kernel.s                   0x00000000   Number         0  __rtentry4.o ABSOLUTE
    ../clib/angel/kernel.s                   0x00000000   Number         0  rtexit.o ABSOLUTE
    ../clib/angel/kernel.s                   0x00000000   Number         0  rtexit2.o ABSOLUTE
    ../clib/angel/rt.s                       0x00000000   Number         0  rt_raise.o ABSOLUTE
    ../clib/angel/scatter.s                  0x00000000   Number         0  __scatter.o ABSOLUTE
    ../clib/angel/startup.s                  0x00000000   Number         0  __main.o ABSOLUTE
    ../clib/angel/sys.s                      0x00000000   Number         0  use_no_semi_2.o ABSOLUTE
    ../clib/angel/sys.s                      0x00000000   Number         0  use_no_semi.o ABSOLUTE
    ../clib/angel/sys.s                      0x00000000   Number         0  indicate_semi.o ABSOLUTE
    ../clib/angel/sys.s                      0x00000000   Number         0  sys_stackheap_outer.o ABSOLUTE
    ../clib/angel/sys.s                      0x00000000   Number         0  libspace.o ABSOLUTE
    ../clib/angel/sysapp.c                   0x00000000   Number         0  sys_command.o ABSOLUTE
    ../clib/armsys.c                         0x00000000   Number         0  argv_veneer.o ABSOLUTE
    ../clib/armsys.c                         0x00000000   Number         0  argv_veneer.o ABSOLUTE
    ../clib/armsys.c                         0x00000000   Number         0  _get_argv_nomalloc.o ABSOLUTE
    ../clib/armsys.c                         0x00000000   Number         0  no_argv.o ABSOLUTE
    ../clib/heapalloc.c                      0x00000000   Number         0  hrguard.o ABSOLUTE
    ../clib/heapaux.c                        0x00000000   Number         0  heapauxi.o ABSOLUTE
    ../clib/libinit.s                        0x00000000   Number         0  libshutdown.o ABSOLUTE
    ../clib/libinit.s                        0x00000000   Number         0  libinit.o ABSOLUTE
    ../clib/libinit.s                        0x00000000   Number         0  libinit2.o ABSOLUTE
    ../clib/libinit.s                        0x00000000   Number         0  libshutdown2.o ABSOLUTE
    ../clib/longlong.s                       0x00000000   Number         0  lludiv10.o ABSOLUTE
    ../clib/misc.s                           0x00000000   Number         0  printf_stubs.o ABSOLUTE
    ../clib/printf.c                         0x00000000   Number         0  noretval__2printf.o ABSOLUTE
    ../clib/printf.c                         0x00000000   Number         0  __printf_nopercent.o ABSOLUTE
    ../clib/printf.c                         0x00000000   Number         0  _printf_hex_int_ll.o ABSOLUTE
    ../clib/printf.c                         0x00000000   Number         0  __2printf.o ABSOLUTE
    ../clib/printf.c                         0x00000000   Number         0  _printf_intcommon.o ABSOLUTE
    ../clib/printf.c                         0x00000000   Number         0  _printf_longlong_dec.o ABSOLUTE
    ../clib/printf.c                         0x00000000   Number         0  _printf_hex_int_ptr.o ABSOLUTE
    ../clib/printf.c                         0x00000000   Number         0  _printf_hex_ll_ptr.o ABSOLUTE
    ../clib/printf.c                         0x00000000   Number         0  _printf_hex_int_ll_ptr.o ABSOLUTE
    ../clib/printf.c                         0x00000000   Number         0  __printf_flags.o ABSOLUTE
    ../clib/printf.c                         0x00000000   Number         0  __printf_ss.o ABSOLUTE
    ../clib/printf.c                         0x00000000   Number         0  _printf_char_file.o ABSOLUTE
    ../clib/printf.c                         0x00000000   Number         0  __printf_flags_ss.o ABSOLUTE
    ../clib/printf.c                         0x00000000   Number         0  __printf_wp.o ABSOLUTE
    ../clib/printf.c                         0x00000000   Number         0  __printf_flags_wp.o ABSOLUTE
    ../clib/printf.c                         0x00000000   Number         0  __printf_flags_ss_wp.o ABSOLUTE
    ../clib/printf.c                         0x00000000   Number         0  __printf_ss_wp.o ABSOLUTE
    ../clib/printf.c                         0x00000000   Number         0  _printf_hex_ptr.o ABSOLUTE
    ../clib/printf.c                         0x00000000   Number         0  __printf.o ABSOLUTE
    ../clib/printf.c                         0x00000000   Number         0  _printf_hex_ll.o ABSOLUTE
    ../clib/printf.c                         0x00000000   Number         0  _printf_char_common.o ABSOLUTE
    ../clib/printf.c                         0x00000000   Number         0  _printf_hex_int.o ABSOLUTE
    ../clib/printf_percent.s                 0x00000000   Number         0  _printf_lld.o ABSOLUTE
    ../clib/printf_percent.s                 0x00000000   Number         0  _printf_percent.o ABSOLUTE
    ../clib/printf_percent.s                 0x00000000   Number         0  _printf_x.o ABSOLUTE
    ../clib/printf_percent.s                 0x00000000   Number         0  _printf_percent_end.o ABSOLUTE
    ../clib/printf_percent.s                 0x00000000   Number         0  _printf_ll.o ABSOLUTE
    ../clib/signal.c                         0x00000000   Number         0  defsig_exit.o ABSOLUTE
    ../clib/signal.c                         0x00000000   Number         0  defsig_general.o ABSOLUTE
    ../clib/signal.c                         0x00000000   Number         0  defsig_abrt_inner.o ABSOLUTE
    ../clib/signal.c                         0x00000000   Number         0  defsig_rtmem_formal.o ABSOLUTE
    ../clib/signal.c                         0x00000000   Number         0  defsig_rtmem_outer.o ABSOLUTE
    ../clib/signal.c                         0x00000000   Number         0  defsig_rtmem_inner.o ABSOLUTE
    ../clib/signal.c                         0x00000000   Number         0  __raise.o ABSOLUTE
    ../clib/signal.c                         0x00000000   Number         0  defsig_fpe_inner.o ABSOLUTE
    ../clib/signal.c                         0x00000000   Number         0  defsig_rtred_inner.o ABSOLUTE
    ../clib/signal.c                         0x00000000   Number         0  defsig_stak_inner.o ABSOLUTE
    ../clib/signal.c                         0x00000000   Number         0  defsig_pvfn_inner.o ABSOLUTE
    ../clib/signal.c                         0x00000000   Number         0  defsig_cppl_inner.o ABSOLUTE
    ../clib/signal.c                         0x00000000   Number         0  defsig_segv_inner.o ABSOLUTE
    ../clib/signal.c                         0x00000000   Number         0  defsig_other.o ABSOLUTE
    ../clib/signal.s                         0x00000000   Number         0  defsig.o ABSOLUTE
    ../clib/stdio.c                          0x00000000   Number         0  ferror.o ABSOLUTE
    ../clib/stdio.c                          0x00000000   Number         0  ferror_locked.o ABSOLUTE
    ../clib/stdlib.c                         0x00000000   Number         0  exit.o ABSOLUTE
    ../fplib/dfixu.s                         0x00000000   Number         0  dfixu.o ABSOLUTE
    ../fplib/dflt.s                          0x00000000   Number         0  dflt_clz.o ABSOLUTE
    ../fplib/dmul.s                          0x00000000   Number         0  dmul.o ABSOLUTE
    ../fplib/dnaninf.s                       0x00000000   Number         0  dnaninf.o ABSOLUTE
    ../fplib/dretinf.s                       0x00000000   Number         0  dretinf.o ABSOLUTE
    ../fplib/fpinit.s                        0x00000000   Number         0  fpinit.o ABSOLUTE
    ../fplib/usenofp.s                       0x00000000   Number         0  usenofp.o ABSOLUTE
    ..\HARDWARE\cap.c                        0x00000000   Number         0  cap.o ABSOLUTE
    ..\HARDWARE\lcd.c                        0x00000000   Number         0  lcd.o ABSOLUTE
    ..\HARDWARE\led.c                        0x00000000   Number         0  led.o ABSOLUTE
    ..\HARDWARE\ltdc.c                       0x00000000   Number         0  ltdc.o ABSOLUTE
    ..\HARDWARE\pwm.c                        0x00000000   Number         0  pwm.o ABSOLUTE
    ..\HARDWARE\sdram.c                      0x00000000   Number         0  sdram.o ABSOLUTE
    ..\HARDWARE\time_task.c                  0x00000000   Number         0  time_task.o ABSOLUTE
    ..\SYSTEM\delay\delay.c                  0x00000000   Number         0  delay.o ABSOLUTE
    ..\SYSTEM\sys\sys.c                      0x00000000   Number         0  sys.o ABSOLUTE
    ..\SYSTEM\usart\usart.c                  0x00000000   Number         0  usart.o ABSOLUTE
    ..\\HARDWARE\\cap.c                      0x00000000   Number         0  cap.o ABSOLUTE
    ..\\HARDWARE\\lcd.c                      0x00000000   Number         0  lcd.o ABSOLUTE
    ..\\HARDWARE\\led.c                      0x00000000   Number         0  led.o ABSOLUTE
    ..\\HARDWARE\\ltdc.c                     0x00000000   Number         0  ltdc.o ABSOLUTE
    ..\\HARDWARE\\pwm.c                      0x00000000   Number         0  pwm.o ABSOLUTE
    ..\\HARDWARE\\sdram.c                    0x00000000   Number         0  sdram.o ABSOLUTE
    ..\\HARDWARE\\time_task.c                0x00000000   Number         0  time_task.o ABSOLUTE
    ..\\SYSTEM\\delay\\delay.c               0x00000000   Number         0  delay.o ABSOLUTE
    ..\\SYSTEM\\sys\\sys.c                   0x00000000   Number         0  sys.o ABSOLUTE
    ..\\SYSTEM\\usart\\usart.c               0x00000000   Number         0  usart.o ABSOLUTE
    dc.s                                     0x00000000   Number         0  dc.o ABSOLUTE
    startup_stm32f429xx.s                    0x00000000   Number         0  startup_stm32f429xx.o ABSOLUTE
    test.c                                   0x00000000   Number         0  test.o ABSOLUTE
    test.c                                   0x00000000   Number         0  test.o ABSOLUTE
    RESET                                    0x08000000   Section      428  startup_stm32f429xx.o(RESET)
    !!!main                                  0x080001ac   Section        8  __main.o(!!!main)
    !!!scatter                               0x080001b4   Section       52  __scatter.o(!!!scatter)
    !!handler_copy                           0x080001e8   Section       26  __scatter_copy.o(!!handler_copy)
    !!handler_zi                             0x08000204   Section       28  __scatter_zi.o(!!handler_zi)
    .ARM.Collect$$_printf_percent$$00000000  0x08000220   Section        0  _printf_percent.o(.ARM.Collect$$_printf_percent$$00000000)
    .ARM.Collect$$_printf_percent$$00000007  0x08000220   Section       10  _printf_ll.o(.ARM.Collect$$_printf_percent$$00000007)
    .ARM.Collect$$_printf_percent$$0000000C  0x0800022a   Section        6  _printf_x.o(.ARM.Collect$$_printf_percent$$0000000C)
    .ARM.Collect$$_printf_percent$$0000000E  0x08000230   Section        6  _printf_lld.o(.ARM.Collect$$_printf_percent$$0000000E)
    .ARM.Collect$$_printf_percent$$00000017  0x08000236   Section        4  _printf_percent_end.o(.ARM.Collect$$_printf_percent$$00000017)
    .ARM.Collect$$libinit$$00000000          0x0800023a   Section        2  libinit.o(.ARM.Collect$$libinit$$00000000)
    .ARM.Collect$$libinit$$00000001          0x0800023c   Section        4  libinit2.o(.ARM.Collect$$libinit$$00000001)
    .ARM.Collect$$libinit$$00000004          0x08000240   Section        0  libinit2.o(.ARM.Collect$$libinit$$00000004)
    .ARM.Collect$$libinit$$0000000A          0x08000240   Section        0  libinit2.o(.ARM.Collect$$libinit$$0000000A)
    .ARM.Collect$$libinit$$0000000C          0x08000240   Section        0  libinit2.o(.ARM.Collect$$libinit$$0000000C)
    .ARM.Collect$$libinit$$0000000E          0x08000240   Section        0  libinit2.o(.ARM.Collect$$libinit$$0000000E)
    .ARM.Collect$$libinit$$00000011          0x08000240   Section        0  libinit2.o(.ARM.Collect$$libinit$$00000011)
    .ARM.Collect$$libinit$$00000013          0x08000240   Section        0  libinit2.o(.ARM.Collect$$libinit$$00000013)
    .ARM.Collect$$libinit$$00000015          0x08000240   Section        0  libinit2.o(.ARM.Collect$$libinit$$00000015)
    .ARM.Collect$$libinit$$00000017          0x08000240   Section        0  libinit2.o(.ARM.Collect$$libinit$$00000017)
    .ARM.Collect$$libinit$$00000019          0x08000240   Section        0  libinit2.o(.ARM.Collect$$libinit$$00000019)
    .ARM.Collect$$libinit$$0000001B          0x08000240   Section        0  libinit2.o(.ARM.Collect$$libinit$$0000001B)
    .ARM.Collect$$libinit$$0000001D          0x08000240   Section        0  libinit2.o(.ARM.Collect$$libinit$$0000001D)
    .ARM.Collect$$libinit$$0000001F          0x08000240   Section        0  libinit2.o(.ARM.Collect$$libinit$$0000001F)
    .ARM.Collect$$libinit$$00000021          0x08000240   Section        0  libinit2.o(.ARM.Collect$$libinit$$00000021)
    .ARM.Collect$$libinit$$00000023          0x08000240   Section        0  libinit2.o(.ARM.Collect$$libinit$$00000023)
    .ARM.Collect$$libinit$$00000025          0x08000240   Section        0  libinit2.o(.ARM.Collect$$libinit$$00000025)
    .ARM.Collect$$libinit$$0000002C          0x08000240   Section        0  libinit2.o(.ARM.Collect$$libinit$$0000002C)
    .ARM.Collect$$libinit$$0000002E          0x08000240   Section        0  libinit2.o(.ARM.Collect$$libinit$$0000002E)
    .ARM.Collect$$libinit$$00000030          0x08000240   Section        0  libinit2.o(.ARM.Collect$$libinit$$00000030)
    .ARM.Collect$$libinit$$00000032          0x08000240   Section        0  libinit2.o(.ARM.Collect$$libinit$$00000032)
    .ARM.Collect$$libinit$$00000033          0x08000240   Section        2  libinit2.o(.ARM.Collect$$libinit$$00000033)
    .ARM.Collect$$libshutdown$$00000000      0x08000242   Section        2  libshutdown.o(.ARM.Collect$$libshutdown$$00000000)
    .ARM.Collect$$libshutdown$$00000002      0x08000244   Section        0  libshutdown2.o(.ARM.Collect$$libshutdown$$00000002)
    .ARM.Collect$$libshutdown$$00000004      0x08000244   Section        0  libshutdown2.o(.ARM.Collect$$libshutdown$$00000004)
    .ARM.Collect$$libshutdown$$00000007      0x08000244   Section        0  libshutdown2.o(.ARM.Collect$$libshutdown$$00000007)
    .ARM.Collect$$libshutdown$$0000000A      0x08000244   Section        0  libshutdown2.o(.ARM.Collect$$libshutdown$$0000000A)
    .ARM.Collect$$libshutdown$$0000000C      0x08000244   Section        0  libshutdown2.o(.ARM.Collect$$libshutdown$$0000000C)
    .ARM.Collect$$libshutdown$$0000000F      0x08000244   Section        0  libshutdown2.o(.ARM.Collect$$libshutdown$$0000000F)
    .ARM.Collect$$libshutdown$$00000010      0x08000244   Section        2  libshutdown2.o(.ARM.Collect$$libshutdown$$00000010)
    .ARM.Collect$$rtentry$$00000000          0x08000246   Section        0  __rtentry.o(.ARM.Collect$$rtentry$$00000000)
    .ARM.Collect$$rtentry$$00000002          0x08000246   Section        0  __rtentry2.o(.ARM.Collect$$rtentry$$00000002)
    .ARM.Collect$$rtentry$$00000004          0x08000246   Section        6  __rtentry4.o(.ARM.Collect$$rtentry$$00000004)
    .ARM.Collect$$rtentry$$00000009          0x0800024c   Section        0  __rtentry2.o(.ARM.Collect$$rtentry$$00000009)
    .ARM.Collect$$rtentry$$0000000A          0x0800024c   Section        4  __rtentry2.o(.ARM.Collect$$rtentry$$0000000A)
    .ARM.Collect$$rtentry$$0000000C          0x08000250   Section        0  __rtentry2.o(.ARM.Collect$$rtentry$$0000000C)
    .ARM.Collect$$rtentry$$0000000D          0x08000250   Section        8  __rtentry2.o(.ARM.Collect$$rtentry$$0000000D)
    .ARM.Collect$$rtexit$$00000000           0x08000258   Section        2  rtexit.o(.ARM.Collect$$rtexit$$00000000)
    .ARM.Collect$$rtexit$$00000002           0x0800025a   Section        0  rtexit2.o(.ARM.Collect$$rtexit$$00000002)
    .ARM.Collect$$rtexit$$00000003           0x0800025a   Section        4  rtexit2.o(.ARM.Collect$$rtexit$$00000003)
    .ARM.Collect$$rtexit$$00000004           0x0800025e   Section        6  rtexit2.o(.ARM.Collect$$rtexit$$00000004)
    .text                                    0x08000264   Section       68  startup_stm32f429xx.o(.text)
    $v0                                      0x08000264   Number         0  startup_stm32f429xx.o(.text)
    .text                                    0x080002a8   Section        2  use_no_semi_2.o(.text)
    .text                                    0x080002ac   Section        0  noretval__2printf.o(.text)
    .text                                    0x080002c4   Section        0  _printf_longlong_dec.o(.text)
    .text                                    0x08000340   Section        0  _printf_hex_int.o(.text)
    .text                                    0x08000398   Section        0  __printf_ss.o(.text)
    .text                                    0x08000450   Section        0  heapauxi.o(.text)
    .text                                    0x08000456   Section        2  use_no_semi.o(.text)
    .text                                    0x08000458   Section      138  lludiv10.o(.text)
    .text                                    0x080004e2   Section        0  _printf_intcommon.o(.text)
    .text                                    0x08000594   Section        0  _printf_char_file.o(.text)
    .text                                    0x080005b8   Section        0  _printf_char_common.o(.text)
    _printf_input_char                       0x080005b9   Thumb Code    10  _printf_char_common.o(.text)
    .text                                    0x080005e8   Section        0  ferror.o(.text)
    .text                                    0x080005f0   Section       74  sys_stackheap_outer.o(.text)
    .text                                    0x0800063a   Section        0  exit.o(.text)
    .text                                    0x0800064c   Section        8  libspace.o(.text)
    i.GPIO_AF_Set                            0x08000654   Section        0  sys.o(i.GPIO_AF_Set)
    i.GPIO_Set                               0x08000694   Section        0  sys.o(i.GPIO_Set)
    i.LCD_Clear                              0x08000774   Section        0  lcd.o(i.LCD_Clear)
    i.LCD_Display_Dir                        0x080007bc   Section        0  lcd.o(i.LCD_Display_Dir)
    i.LCD_Fast_DrawPoint                     0x0800093c   Section        0  lcd.o(i.LCD_Fast_DrawPoint)
    i.LCD_Init                               0x08000a60   Section        0  lcd.o(i.LCD_Init)
    i.LCD_RD_DATA                            0x08002ff0   Section        0  lcd.o(i.LCD_RD_DATA)
    i.LCD_SSD_BackLightSet                   0x08003004   Section        0  lcd.o(i.LCD_SSD_BackLightSet)
    i.LCD_Scan_Dir                           0x08003064   Section        0  lcd.o(i.LCD_Scan_Dir)
    i.LCD_SetCursor                          0x080032d8   Section        0  lcd.o(i.LCD_SetCursor)
    i.LCD_ShowChar                           0x08003410   Section        0  lcd.o(i.LCD_ShowChar)
    i.LCD_ShowString                         0x0800354c   Section        0  lcd.o(i.LCD_ShowString)
    i.LCD_WR_DATA                            0x080035b4   Section        0  lcd.o(i.LCD_WR_DATA)
    i.LCD_WR_REG                             0x080035cc   Section        0  lcd.o(i.LCD_WR_REG)
    i.LCD_WriteRAM_Prepare                   0x080035e4   Section        0  lcd.o(i.LCD_WriteRAM_Prepare)
    i.LCD_WriteReg                           0x080035f8   Section        0  lcd.o(i.LCD_WriteReg)
    i.LTDC_Clear                             0x08003608   Section        0  ltdc.o(i.LTDC_Clear)
    i.LTDC_Clk_Set                           0x0800362c   Section        0  ltdc.o(i.LTDC_Clk_Set)
    i.LTDC_Display_Dir                       0x080036c4   Section        0  ltdc.o(i.LTDC_Display_Dir)
    i.LTDC_Draw_Point                        0x080036f0   Section        0  ltdc.o(i.LTDC_Draw_Point)
    i.LTDC_Fill                              0x08003740   Section        0  ltdc.o(i.LTDC_Fill)
    i.LTDC_Init                              0x08003888   Section        0  ltdc.o(i.LTDC_Init)
    i.LTDC_Layer_Parameter_Config            0x08003c14   Section        0  ltdc.o(i.LTDC_Layer_Parameter_Config)
    i.LTDC_Layer_Switch                      0x08003c9c   Section        0  ltdc.o(i.LTDC_Layer_Switch)
    i.LTDC_Layer_Window_Config               0x08003cfc   Section        0  ltdc.o(i.LTDC_Layer_Window_Config)
    i.LTDC_PanelID_Read                      0x08003e34   Section        0  ltdc.o(i.LTDC_PanelID_Read)
    i.LTDC_Select_Layer                      0x08003ed4   Section        0  ltdc.o(i.LTDC_Select_Layer)
    i.LTDC_Switch                            0x08003ee0   Section        0  ltdc.o(i.LTDC_Switch)
    i.MY_NVIC_Init                           0x08003f08   Section        0  sys.o(i.MY_NVIC_Init)
    i.MY_NVIC_PriorityGroupConfig            0x08003f80   Section        0  sys.o(i.MY_NVIC_PriorityGroupConfig)
    i.MY_NVIC_SetVectorTable                 0x08003fa8   Section        0  sys.o(i.MY_NVIC_SetVectorTable)
    i.SDRAM_Send_Cmd                         0x08003fb8   Section        0  sdram.o(i.SDRAM_Send_Cmd)
    i.Stm32_Clock_Init                       0x08004000   Section        0  sys.o(i.Stm32_Clock_Init)
    i.Sys_Clock_Set                          0x08004068   Section        0  sys.o(i.Sys_Clock_Set)
    i.TIM3_IRQHandler                        0x08004174   Section        0  time_task.o(i.TIM3_IRQHandler)
    i.TIM5_IRQHandler                        0x080041d8   Section        0  cap.o(i.TIM5_IRQHandler)
    i.USART1_IRQHandler                      0x080042c0   Section        0  usart.o(i.USART1_IRQHandler)
    i._sys_exit                              0x08004340   Section        0  usart.o(i._sys_exit)
    i.cap_init                               0x08004344   Section        0  cap.o(i.cap_init)
    i.cap_task                               0x0800440c   Section        0  cap.o(i.cap_task)
    i.delay_init                             0x08004474   Section        0  delay.o(i.delay_init)
    i.delay_ms                               0x080044ac   Section        0  delay.o(i.delay_ms)
    i.delay_us                               0x080044e4   Section        0  delay.o(i.delay_us)
    i.delay_xms                              0x08004520   Section        0  delay.o(i.delay_xms)
    i.fputc                                  0x0800455c   Section        0  usart.o(i.fputc)
    i.led_lnit                               0x08004578   Section        0  led.o(i.led_lnit)
    i.led_task                               0x080045b0   Section        0  led.o(i.led_task)
    i.main                                   0x08004604   Section        0  test.o(i.main)
    i.pwm_init                               0x08004668   Section        0  pwm.o(i.pwm_init)
    i.pwm_task                               0x08004730   Section        0  pwm.o(i.pwm_task)
    i.sd_task                                0x08004784   Section        0  sdram.o(i.sd_task)
    i.sdram_init                             0x08004788   Section        0  sdram.o(i.sdram_init)
    i.time3_init                             0x08004a54   Section        0  time_task.o(i.time3_init)
    i.uart_init                              0x08004ab0   Section        0  usart.o(i.uart_init)
    x$fpl$dfixu                              0x08004bb0   Section       90  dfixu.o(x$fpl$dfixu)
    $v0                                      0x08004bb0   Number         0  dfixu.o(x$fpl$dfixu)
    x$fpl$dfltu                              0x08004c0a   Section       38  dflt_clz.o(x$fpl$dfltu)
    $v0                                      0x08004c0a   Number         0  dflt_clz.o(x$fpl$dfltu)
    x$fpl$dmul                               0x08004c30   Section      340  dmul.o(x$fpl$dmul)
    $v0                                      0x08004c30   Number         0  dmul.o(x$fpl$dmul)
    x$fpl$dnaninf                            0x08004d84   Section      156  dnaninf.o(x$fpl$dnaninf)
    $v0                                      0x08004d84   Number         0  dnaninf.o(x$fpl$dnaninf)
    x$fpl$dretinf                            0x08004e20   Section       12  dretinf.o(x$fpl$dretinf)
    $v0                                      0x08004e20   Number         0  dretinf.o(x$fpl$dretinf)
    x$fpl$fpinit                             0x08004e2c   Section       10  fpinit.o(x$fpl$fpinit)
    $v0                                      0x08004e2c   Number         0  fpinit.o(x$fpl$fpinit)
    x$fpl$usenofp                            0x08004e36   Section        0  usenofp.o(x$fpl$usenofp)
    .constdata                               0x08004e38   Section       40  time_task.o(.constdata)
    .constdata                               0x08004e60   Section    18240  lcd.o(.constdata)
    .constdata                               0x080095a0   Section       40  _printf_hex_int.o(.constdata)
    uc_hextab                                0x080095a0   Data          20  _printf_hex_int.o(.constdata)
    lc_hextab                                0x080095b4   Data          20  _printf_hex_int.o(.constdata)
    .data                                    0x20000000   Section        4  delay.o(.data)
    fac_us                                   0x20000000   Data           1  delay.o(.data)
    fac_ms                                   0x20000002   Data           2  delay.o(.data)
    .data                                    0x20000004   Section        6  usart.o(.data)
    .data                                    0x2000000a   Section        2  led.o(.data)
    cnt                                      0x2000000a   Data           1  led.o(.data)
    led_flag                                 0x2000000b   Data           1  led.o(.data)
    .data                                    0x2000000c   Section       36  time_task.o(.data)
    .data                                    0x20000030   Section        2  pwm.o(.data)
    ctn_val                                  0x20000030   Data           1  pwm.o(.data)
    increase_flag                            0x20000031   Data           1  pwm.o(.data)
    .data                                    0x20000034   Section        8  cap.o(.data)
    .data                                    0x2000003c   Section        8  lcd.o(.data)
    .data                                    0x20000044   Section        8  ltdc.o(.data)
    .bss                                     0x2000004c   Section      200  usart.o(.bss)
    .bss                                     0x20000114   Section       14  lcd.o(.bss)
    .bss                                     0x20000124   Section       32  ltdc.o(.bss)
    .bss                                     0x20000144   Section       96  libspace.o(.bss)
    HEAP                                     0x200001a8   Section        0  startup_stm32f429xx.o(HEAP)
    STACK                                    0x200001a8   Section     2048  startup_stm32f429xx.o(STACK)
    Heap_Mem                                 0x200001a8   Data           0  startup_stm32f429xx.o(HEAP)
    Stack_Mem                                0x200001a8   Data        2048  startup_stm32f429xx.o(STACK)
    __initial_sp                             0x200009a8   Data           0  startup_stm32f429xx.o(STACK)
    .ARM.__AT_0xC0000000                     0xc0000000   Section    2048000  ltdc.o(.ARM.__AT_0xC0000000)

    Global Symbols

    Symbol Name                              Value     Ov Type        Size  Object(Section)

    BuildAttributes$$THM_ISAv4$E$P$D$K$B$S$7EM$VFPi3$EXTD16$VFPS$VFMA$PE$A:L22UL41UL21$X:L11$S22US41US21$IEEE1$IW$USESV6$~STKCKD$USESV7$~SHL$OSPACE$ROPI$EBA8$UX$STANDARDLIB$REQ8$PRES8$EABIv2 0x00000000   Number         0  anon$$obj.o ABSOLUTE
    __ARM_use_no_argv                        0x00000000   Number         0  test.o ABSOLUTE
    _printf_flags                            0x00000000   Number         0  printf_stubs.o ABSOLUTE
    _printf_return_value                     0x00000000   Number         0  printf_stubs.o ABSOLUTE
    _printf_sizespec                         0x00000000   Number         0  printf_stubs.o ABSOLUTE
    _printf_widthprec                        0x00000000   Number         0  printf_stubs.o ABSOLUTE
    __ARM_exceptions_init                     - Undefined Weak Reference
    __alloca_initialize                       - Undefined Weak Reference
    __arm_preinit_                            - Undefined Weak Reference
    __cpp_initialize__aeabi_                  - Undefined Weak Reference
    __cxa_finalize                            - Undefined Weak Reference
    __rt_locale                               - Undefined Weak Reference
    __sigvec_lookup                           - Undefined Weak Reference
    _atexit_init                              - Undefined Weak Reference
    _call_atexit_fns                          - Undefined Weak Reference
    _clock_init                               - Undefined Weak Reference
    _fp_trap_init                             - Undefined Weak Reference
    _fp_trap_shutdown                         - Undefined Weak Reference
    _get_lc_collate                           - Undefined Weak Reference
    _get_lc_ctype                             - Undefined Weak Reference
    _get_lc_monetary                          - Undefined Weak Reference
    _get_lc_numeric                           - Undefined Weak Reference
    _get_lc_time                              - Undefined Weak Reference
    _getenv_init                              - Undefined Weak Reference
    _handle_redirection                       - Undefined Weak Reference
    _init_alloc                               - Undefined Weak Reference
    _init_user_alloc                          - Undefined Weak Reference
    _initio                                   - Undefined Weak Reference
    _mutex_acquire                            - Undefined Weak Reference
    _mutex_release                            - Undefined Weak Reference
    _printf_post_padding                      - Undefined Weak Reference
    _printf_pre_padding                       - Undefined Weak Reference
    _printf_truncate_unsigned                 - Undefined Weak Reference
    _rand_init                                - Undefined Weak Reference
    _signal_finish                            - Undefined Weak Reference
    _signal_init                              - Undefined Weak Reference
    _terminate_alloc                          - Undefined Weak Reference
    _terminate_user_alloc                     - Undefined Weak Reference
    _terminateio                              - Undefined Weak Reference
    __Vectors_Size                           0x000001ac   Number         0  startup_stm32f429xx.o ABSOLUTE
    __Vectors                                0x08000000   Data           4  startup_stm32f429xx.o(RESET)
    __Vectors_End                            0x080001ac   Data           0  startup_stm32f429xx.o(RESET)
    __main                                   0x080001ad   Thumb Code     8  __main.o(!!!main)
    __scatterload                            0x080001b5   Thumb Code     0  __scatter.o(!!!scatter)
    __scatterload_rt2                        0x080001b5   Thumb Code    44  __scatter.o(!!!scatter)
    __scatterload_rt2_thumb_only             0x080001b5   Thumb Code     0  __scatter.o(!!!scatter)
    __scatterload_null                       0x080001c3   Thumb Code     0  __scatter.o(!!!scatter)
    __scatterload_copy                       0x080001e9   Thumb Code    26  __scatter_copy.o(!!handler_copy)
    __scatterload_zeroinit                   0x08000205   Thumb Code    28  __scatter_zi.o(!!handler_zi)
    _printf_ll                               0x08000221   Thumb Code     0  _printf_ll.o(.ARM.Collect$$_printf_percent$$00000007)
    _printf_percent                          0x08000221   Thumb Code     0  _printf_percent.o(.ARM.Collect$$_printf_percent$$00000000)
    _printf_x                                0x0800022b   Thumb Code     0  _printf_x.o(.ARM.Collect$$_printf_percent$$0000000C)
    _printf_lld                              0x08000231   Thumb Code     0  _printf_lld.o(.ARM.Collect$$_printf_percent$$0000000E)
    _printf_percent_end                      0x08000237   Thumb Code     0  _printf_percent_end.o(.ARM.Collect$$_printf_percent$$00000017)
    __rt_lib_init                            0x0800023b   Thumb Code     0  libinit.o(.ARM.Collect$$libinit$$00000000)
    __rt_lib_init_fp_1                       0x0800023d   Thumb Code     0  libinit2.o(.ARM.Collect$$libinit$$00000001)
    __rt_lib_init_alloca_1                   0x08000241   Thumb Code     0  libinit2.o(.ARM.Collect$$libinit$$0000002E)
    __rt_lib_init_argv_1                     0x08000241   Thumb Code     0  libinit2.o(.ARM.Collect$$libinit$$0000002C)
    __rt_lib_init_atexit_1                   0x08000241   Thumb Code     0  libinit2.o(.ARM.Collect$$libinit$$0000001B)
    __rt_lib_init_clock_1                    0x08000241   Thumb Code     0  libinit2.o(.ARM.Collect$$libinit$$00000021)
    __rt_lib_init_cpp_1                      0x08000241   Thumb Code     0  libinit2.o(.ARM.Collect$$libinit$$00000032)
    __rt_lib_init_exceptions_1               0x08000241   Thumb Code     0  libinit2.o(.ARM.Collect$$libinit$$00000030)
    __rt_lib_init_fp_trap_1                  0x08000241   Thumb Code     0  libinit2.o(.ARM.Collect$$libinit$$0000001F)
    __rt_lib_init_getenv_1                   0x08000241   Thumb Code     0  libinit2.o(.ARM.Collect$$libinit$$00000023)
    __rt_lib_init_heap_1                     0x08000241   Thumb Code     0  libinit2.o(.ARM.Collect$$libinit$$0000000A)
    __rt_lib_init_lc_collate_1               0x08000241   Thumb Code     0  libinit2.o(.ARM.Collect$$libinit$$00000011)
    __rt_lib_init_lc_ctype_1                 0x08000241   Thumb Code     0  libinit2.o(.ARM.Collect$$libinit$$00000013)
    __rt_lib_init_lc_monetary_1              0x08000241   Thumb Code     0  libinit2.o(.ARM.Collect$$libinit$$00000015)
    __rt_lib_init_lc_numeric_1               0x08000241   Thumb Code     0  libinit2.o(.ARM.Collect$$libinit$$00000017)
    __rt_lib_init_lc_time_1                  0x08000241   Thumb Code     0  libinit2.o(.ARM.Collect$$libinit$$00000019)
    __rt_lib_init_preinit_1                  0x08000241   Thumb Code     0  libinit2.o(.ARM.Collect$$libinit$$00000004)
    __rt_lib_init_rand_1                     0x08000241   Thumb Code     0  libinit2.o(.ARM.Collect$$libinit$$0000000E)
    __rt_lib_init_return                     0x08000241   Thumb Code     0  libinit2.o(.ARM.Collect$$libinit$$00000033)
    __rt_lib_init_signal_1                   0x08000241   Thumb Code     0  libinit2.o(.ARM.Collect$$libinit$$0000001D)
    __rt_lib_init_stdio_1                    0x08000241   Thumb Code     0  libinit2.o(.ARM.Collect$$libinit$$00000025)
    __rt_lib_init_user_alloc_1               0x08000241   Thumb Code     0  libinit2.o(.ARM.Collect$$libinit$$0000000C)
    __rt_lib_shutdown                        0x08000243   Thumb Code     0  libshutdown.o(.ARM.Collect$$libshutdown$$00000000)
    __rt_lib_shutdown_cpp_1                  0x08000245   Thumb Code     0  libshutdown2.o(.ARM.Collect$$libshutdown$$00000002)
    __rt_lib_shutdown_fp_trap_1              0x08000245   Thumb Code     0  libshutdown2.o(.ARM.Collect$$libshutdown$$00000007)
    __rt_lib_shutdown_heap_1                 0x08000245   Thumb Code     0  libshutdown2.o(.ARM.Collect$$libshutdown$$0000000F)
    __rt_lib_shutdown_return                 0x08000245   Thumb Code     0  libshutdown2.o(.ARM.Collect$$libshutdown$$00000010)
    __rt_lib_shutdown_signal_1               0x08000245   Thumb Code     0  libshutdown2.o(.ARM.Collect$$libshutdown$$0000000A)
    __rt_lib_shutdown_stdio_1                0x08000245   Thumb Code     0  libshutdown2.o(.ARM.Collect$$libshutdown$$00000004)
    __rt_lib_shutdown_user_alloc_1           0x08000245   Thumb Code     0  libshutdown2.o(.ARM.Collect$$libshutdown$$0000000C)
    __rt_entry                               0x08000247   Thumb Code     0  __rtentry.o(.ARM.Collect$$rtentry$$00000000)
    __rt_entry_presh_1                       0x08000247   Thumb Code     0  __rtentry2.o(.ARM.Collect$$rtentry$$00000002)
    __rt_entry_sh                            0x08000247   Thumb Code     0  __rtentry4.o(.ARM.Collect$$rtentry$$00000004)
    __rt_entry_li                            0x0800024d   Thumb Code     0  __rtentry2.o(.ARM.Collect$$rtentry$$0000000A)
    __rt_entry_postsh_1                      0x0800024d   Thumb Code     0  __rtentry2.o(.ARM.Collect$$rtentry$$00000009)
    __rt_entry_main                          0x08000251   Thumb Code     0  __rtentry2.o(.ARM.Collect$$rtentry$$0000000D)
    __rt_entry_postli_1                      0x08000251   Thumb Code     0  __rtentry2.o(.ARM.Collect$$rtentry$$0000000C)
    __rt_exit                                0x08000259   Thumb Code     0  rtexit.o(.ARM.Collect$$rtexit$$00000000)
    __rt_exit_ls                             0x0800025b   Thumb Code     0  rtexit2.o(.ARM.Collect$$rtexit$$00000003)
    __rt_exit_prels_1                        0x0800025b   Thumb Code     0  rtexit2.o(.ARM.Collect$$rtexit$$00000002)
    __rt_exit_exit                           0x0800025f   Thumb Code     0  rtexit2.o(.ARM.Collect$$rtexit$$00000004)
    Reset_Handler                            0x08000265   Thumb Code    14  startup_stm32f429xx.o(.text)
    NMI_Handler                              0x08000273   Thumb Code     2  startup_stm32f429xx.o(.text)
    HardFault_Handler                        0x08000275   Thumb Code     2  startup_stm32f429xx.o(.text)
    MemManage_Handler                        0x08000277   Thumb Code     2  startup_stm32f429xx.o(.text)
    BusFault_Handler                         0x08000279   Thumb Code     2  startup_stm32f429xx.o(.text)
    UsageFault_Handler                       0x0800027b   Thumb Code     2  startup_stm32f429xx.o(.text)
    SVC_Handler                              0x0800027d   Thumb Code     2  startup_stm32f429xx.o(.text)
    DebugMon_Handler                         0x0800027f   Thumb Code     2  startup_stm32f429xx.o(.text)
    PendSV_Handler                           0x08000281   Thumb Code     2  startup_stm32f429xx.o(.text)
    SysTick_Handler                          0x08000283   Thumb Code     2  startup_stm32f429xx.o(.text)
    ADC_IRQHandler                           0x08000285   Thumb Code     0  startup_stm32f429xx.o(.text)
    CAN1_RX0_IRQHandler                      0x08000285   Thumb Code     0  startup_stm32f429xx.o(.text)
    CAN1_RX1_IRQHandler                      0x08000285   Thumb Code     0  startup_stm32f429xx.o(.text)
    CAN1_SCE_IRQHandler                      0x08000285   Thumb Code     0  startup_stm32f429xx.o(.text)
    CAN1_TX_IRQHandler                       0x08000285   Thumb Code     0  startup_stm32f429xx.o(.text)
    CAN2_RX0_IRQHandler                      0x08000285   Thumb Code     0  startup_stm32f429xx.o(.text)
    CAN2_RX1_IRQHandler                      0x08000285   Thumb Code     0  startup_stm32f429xx.o(.text)
    CAN2_SCE_IRQHandler                      0x08000285   Thumb Code     0  startup_stm32f429xx.o(.text)
    CAN2_TX_IRQHandler                       0x08000285   Thumb Code     0  startup_stm32f429xx.o(.text)
    DCMI_IRQHandler                          0x08000285   Thumb Code     0  startup_stm32f429xx.o(.text)
    DMA1_Stream0_IRQHandler                  0x08000285   Thumb Code     0  startup_stm32f429xx.o(.text)
    DMA1_Stream1_IRQHandler                  0x08000285   Thumb Code     0  startup_stm32f429xx.o(.text)
    DMA1_Stream2_IRQHandler                  0x08000285   Thumb Code     0  startup_stm32f429xx.o(.text)
    DMA1_Stream3_IRQHandler                  0x08000285   Thumb Code     0  startup_stm32f429xx.o(.text)
    DMA1_Stream4_IRQHandler                  0x08000285   Thumb Code     0  startup_stm32f429xx.o(.text)
    DMA1_Stream5_IRQHandler                  0x08000285   Thumb Code     0  startup_stm32f429xx.o(.text)
    DMA1_Stream6_IRQHandler                  0x08000285   Thumb Code     0  startup_stm32f429xx.o(.text)
    DMA1_Stream7_IRQHandler                  0x08000285   Thumb Code     0  startup_stm32f429xx.o(.text)
    DMA2D_IRQHandler                         0x08000285   Thumb Code     0  startup_stm32f429xx.o(.text)
    DMA2_Stream0_IRQHandler                  0x08000285   Thumb Code     0  startup_stm32f429xx.o(.text)
    DMA2_Stream1_IRQHandler                  0x08000285   Thumb Code     0  startup_stm32f429xx.o(.text)
    DMA2_Stream2_IRQHandler                  0x08000285   Thumb Code     0  startup_stm32f429xx.o(.text)
    DMA2_Stream3_IRQHandler                  0x08000285   Thumb Code     0  startup_stm32f429xx.o(.text)
    DMA2_Stream4_IRQHandler                  0x08000285   Thumb Code     0  startup_stm32f429xx.o(.text)
    DMA2_Stream5_IRQHandler                  0x08000285   Thumb Code     0  startup_stm32f429xx.o(.text)
    DMA2_Stream6_IRQHandler                  0x08000285   Thumb Code     0  startup_stm32f429xx.o(.text)
    DMA2_Stream7_IRQHandler                  0x08000285   Thumb Code     0  startup_stm32f429xx.o(.text)
    ETH_IRQHandler                           0x08000285   Thumb Code     0  startup_stm32f429xx.o(.text)
    ETH_WKUP_IRQHandler                      0x08000285   Thumb Code     0  startup_stm32f429xx.o(.text)
    EXTI0_IRQHandler                         0x08000285   Thumb Code     0  startup_stm32f429xx.o(.text)
    EXTI15_10_IRQHandler                     0x08000285   Thumb Code     0  startup_stm32f429xx.o(.text)
    EXTI1_IRQHandler                         0x08000285   Thumb Code     0  startup_stm32f429xx.o(.text)
    EXTI2_IRQHandler                         0x08000285   Thumb Code     0  startup_stm32f429xx.o(.text)
    EXTI3_IRQHandler                         0x08000285   Thumb Code     0  startup_stm32f429xx.o(.text)
    EXTI4_IRQHandler                         0x08000285   Thumb Code     0  startup_stm32f429xx.o(.text)
    EXTI9_5_IRQHandler                       0x08000285   Thumb Code     0  startup_stm32f429xx.o(.text)
    FLASH_IRQHandler                         0x08000285   Thumb Code     0  startup_stm32f429xx.o(.text)
    FMC_IRQHandler                           0x08000285   Thumb Code     0  startup_stm32f429xx.o(.text)
    FPU_IRQHandler                           0x08000285   Thumb Code     0  startup_stm32f429xx.o(.text)
    HASH_RNG_IRQHandler                      0x08000285   Thumb Code     0  startup_stm32f429xx.o(.text)
    I2C1_ER_IRQHandler                       0x08000285   Thumb Code     0  startup_stm32f429xx.o(.text)
    I2C1_EV_IRQHandler                       0x08000285   Thumb Code     0  startup_stm32f429xx.o(.text)
    I2C2_ER_IRQHandler                       0x08000285   Thumb Code     0  startup_stm32f429xx.o(.text)
    I2C2_EV_IRQHandler                       0x08000285   Thumb Code     0  startup_stm32f429xx.o(.text)
    I2C3_ER_IRQHandler                       0x08000285   Thumb Code     0  startup_stm32f429xx.o(.text)
    I2C3_EV_IRQHandler                       0x08000285   Thumb Code     0  startup_stm32f429xx.o(.text)
    LTDC_ER_IRQHandler                       0x08000285   Thumb Code     0  startup_stm32f429xx.o(.text)
    LTDC_IRQHandler                          0x08000285   Thumb Code     0  startup_stm32f429xx.o(.text)
    OTG_FS_IRQHandler                        0x08000285   Thumb Code     0  startup_stm32f429xx.o(.text)
    OTG_FS_WKUP_IRQHandler                   0x08000285   Thumb Code     0  startup_stm32f429xx.o(.text)
    OTG_HS_EP1_IN_IRQHandler                 0x08000285   Thumb Code     0  startup_stm32f429xx.o(.text)
    OTG_HS_EP1_OUT_IRQHandler                0x08000285   Thumb Code     0  startup_stm32f429xx.o(.text)
    OTG_HS_IRQHandler                        0x08000285   Thumb Code     0  startup_stm32f429xx.o(.text)
    OTG_HS_WKUP_IRQHandler                   0x08000285   Thumb Code     0  startup_stm32f429xx.o(.text)
    PVD_IRQHandler                           0x08000285   Thumb Code     0  startup_stm32f429xx.o(.text)
    RCC_IRQHandler                           0x08000285   Thumb Code     0  startup_stm32f429xx.o(.text)
    RTC_Alarm_IRQHandler                     0x08000285   Thumb Code     0  startup_stm32f429xx.o(.text)
    RTC_WKUP_IRQHandler                      0x08000285   Thumb Code     0  startup_stm32f429xx.o(.text)
    SAI1_IRQHandler                          0x08000285   Thumb Code     0  startup_stm32f429xx.o(.text)
    SDIO_IRQHandler                          0x08000285   Thumb Code     0  startup_stm32f429xx.o(.text)
    SPI1_IRQHandler                          0x08000285   Thumb Code     0  startup_stm32f429xx.o(.text)
    SPI2_IRQHandler                          0x08000285   Thumb Code     0  startup_stm32f429xx.o(.text)
    SPI3_IRQHandler                          0x08000285   Thumb Code     0  startup_stm32f429xx.o(.text)
    SPI4_IRQHandler                          0x08000285   Thumb Code     0  startup_stm32f429xx.o(.text)
    SPI5_IRQHandler                          0x08000285   Thumb Code     0  startup_stm32f429xx.o(.text)
    SPI6_IRQHandler                          0x08000285   Thumb Code     0  startup_stm32f429xx.o(.text)
    TAMP_STAMP_IRQHandler                    0x08000285   Thumb Code     0  startup_stm32f429xx.o(.text)
    TIM1_BRK_TIM9_IRQHandler                 0x08000285   Thumb Code     0  startup_stm32f429xx.o(.text)
    TIM1_CC_IRQHandler                       0x08000285   Thumb Code     0  startup_stm32f429xx.o(.text)
    TIM1_TRG_COM_TIM11_IRQHandler            0x08000285   Thumb Code     0  startup_stm32f429xx.o(.text)
    TIM1_UP_TIM10_IRQHandler                 0x08000285   Thumb Code     0  startup_stm32f429xx.o(.text)
    TIM2_IRQHandler                          0x08000285   Thumb Code     0  startup_stm32f429xx.o(.text)
    TIM4_IRQHandler                          0x08000285   Thumb Code     0  startup_stm32f429xx.o(.text)
    TIM6_DAC_IRQHandler                      0x08000285   Thumb Code     0  startup_stm32f429xx.o(.text)
    TIM7_IRQHandler                          0x08000285   Thumb Code     0  startup_stm32f429xx.o(.text)
    TIM8_BRK_TIM12_IRQHandler                0x08000285   Thumb Code     0  startup_stm32f429xx.o(.text)
    TIM8_CC_IRQHandler                       0x08000285   Thumb Code     0  startup_stm32f429xx.o(.text)
    TIM8_TRG_COM_TIM14_IRQHandler            0x08000285   Thumb Code     0  startup_stm32f429xx.o(.text)
    TIM8_UP_TIM13_IRQHandler                 0x08000285   Thumb Code     0  startup_stm32f429xx.o(.text)
    UART4_IRQHandler                         0x08000285   Thumb Code     0  startup_stm32f429xx.o(.text)
    UART5_IRQHandler                         0x08000285   Thumb Code     0  startup_stm32f429xx.o(.text)
    UART7_IRQHandler                         0x08000285   Thumb Code     0  startup_stm32f429xx.o(.text)
    UART8_IRQHandler                         0x08000285   Thumb Code     0  startup_stm32f429xx.o(.text)
    USART2_IRQHandler                        0x08000285   Thumb Code     0  startup_stm32f429xx.o(.text)
    USART3_IRQHandler                        0x08000285   Thumb Code     0  startup_stm32f429xx.o(.text)
    USART6_IRQHandler                        0x08000285   Thumb Code     0  startup_stm32f429xx.o(.text)
    WWDG_IRQHandler                          0x08000285   Thumb Code     0  startup_stm32f429xx.o(.text)
    __user_initial_stackheap                 0x08000289   Thumb Code     0  startup_stm32f429xx.o(.text)
    __use_no_semihosting                     0x080002a9   Thumb Code     2  use_no_semi_2.o(.text)
    __2printf                                0x080002ad   Thumb Code    20  noretval__2printf.o(.text)
    _printf_longlong_dec                     0x080002c5   Thumb Code   108  _printf_longlong_dec.o(.text)
    _printf_int_hex                          0x08000341   Thumb Code    84  _printf_hex_int.o(.text)
    _printf_longlong_hex                     0x08000341   Thumb Code     0  _printf_hex_int.o(.text)
    __printf                                 0x08000399   Thumb Code   184  __printf_ss.o(.text)
    __use_two_region_memory                  0x08000451   Thumb Code     2  heapauxi.o(.text)
    __rt_heap_escrow$2region                 0x08000453   Thumb Code     2  heapauxi.o(.text)
    __rt_heap_expand$2region                 0x08000455   Thumb Code     2  heapauxi.o(.text)
    __I$use$semihosting                      0x08000457   Thumb Code     0  use_no_semi.o(.text)
    __use_no_semihosting_swi                 0x08000457   Thumb Code     2  use_no_semi.o(.text)
    _ll_udiv10                               0x08000459   Thumb Code   138  lludiv10.o(.text)
    _printf_int_common                       0x080004e3   Thumb Code   178  _printf_intcommon.o(.text)
    _printf_char_file                        0x08000595   Thumb Code    32  _printf_char_file.o(.text)
    _printf_char_common                      0x080005c3   Thumb Code    32  _printf_char_common.o(.text)
    ferror                                   0x080005e9   Thumb Code     8  ferror.o(.text)
    __user_setup_stackheap                   0x080005f1   Thumb Code    74  sys_stackheap_outer.o(.text)
    exit                                     0x0800063b   Thumb Code    18  exit.o(.text)
    __user_libspace                          0x0800064d   Thumb Code     8  libspace.o(.text)
    __user_perproc_libspace                  0x0800064d   Thumb Code     0  libspace.o(.text)
    __user_perthread_libspace                0x0800064d   Thumb Code     0  libspace.o(.text)
    GPIO_AF_Set                              0x08000655   Thumb Code    64  sys.o(i.GPIO_AF_Set)
    GPIO_Set                                 0x08000695   Thumb Code   222  sys.o(i.GPIO_Set)
    LCD_Clear                                0x08000775   Thumb Code    58  lcd.o(i.LCD_Clear)
    LCD_Display_Dir                          0x080007bd   Thumb Code   376  lcd.o(i.LCD_Display_Dir)
    LCD_Fast_DrawPoint                       0x0800093d   Thumb Code   278  lcd.o(i.LCD_Fast_DrawPoint)
    LCD_Init                                 0x08000a61   Thumb Code  9604  lcd.o(i.LCD_Init)
    LCD_RD_DATA                              0x08002ff1   Thumb Code    14  lcd.o(i.LCD_RD_DATA)
    LCD_SSD_BackLightSet                     0x08003005   Thumb Code    88  lcd.o(i.LCD_SSD_BackLightSet)
    LCD_Scan_Dir                             0x08003065   Thumb Code   624  lcd.o(i.LCD_Scan_Dir)
    LCD_SetCursor                            0x080032d9   Thumb Code   306  lcd.o(i.LCD_SetCursor)
    LCD_ShowChar                             0x08003411   Thumb Code   288  lcd.o(i.LCD_ShowChar)
    LCD_ShowString                           0x0800354d   Thumb Code   102  lcd.o(i.LCD_ShowString)
    LCD_WR_DATA                              0x080035b5   Thumb Code    18  lcd.o(i.LCD_WR_DATA)
    LCD_WR_REG                               0x080035cd   Thumb Code    18  lcd.o(i.LCD_WR_REG)
    LCD_WriteRAM_Prepare                     0x080035e5   Thumb Code    10  lcd.o(i.LCD_WriteRAM_Prepare)
    LCD_WriteReg                             0x080035f9   Thumb Code    10  lcd.o(i.LCD_WriteReg)
    LTDC_Clear                               0x08003609   Thumb Code    32  ltdc.o(i.LTDC_Clear)
    LTDC_Clk_Set                             0x0800362d   Thumb Code   148  ltdc.o(i.LTDC_Clk_Set)
    LTDC_Display_Dir                         0x080036c5   Thumb Code    40  ltdc.o(i.LTDC_Display_Dir)
    LTDC_Draw_Point                          0x080036f1   Thumb Code    70  ltdc.o(i.LTDC_Draw_Point)
    LTDC_Fill                                0x08003741   Thumb Code   312  ltdc.o(i.LTDC_Fill)
    LTDC_Init                                0x08003889   Thumb Code   860  ltdc.o(i.LTDC_Init)
    LTDC_Layer_Parameter_Config              0x08003c15   Thumb Code   132  ltdc.o(i.LTDC_Layer_Parameter_Config)
    LTDC_Layer_Switch                        0x08003c9d   Thumb Code    90  ltdc.o(i.LTDC_Layer_Switch)
    LTDC_Layer_Window_Config                 0x08003cfd   Thumb Code   304  ltdc.o(i.LTDC_Layer_Window_Config)
    LTDC_PanelID_Read                        0x08003e35   Thumb Code   136  ltdc.o(i.LTDC_PanelID_Read)
    LTDC_Select_Layer                        0x08003ed5   Thumb Code     6  ltdc.o(i.LTDC_Select_Layer)
    LTDC_Switch                              0x08003ee1   Thumb Code    34  ltdc.o(i.LTDC_Switch)
    MY_NVIC_Init                             0x08003f09   Thumb Code   116  sys.o(i.MY_NVIC_Init)
    MY_NVIC_PriorityGroupConfig              0x08003f81   Thumb Code    32  sys.o(i.MY_NVIC_PriorityGroupConfig)
    MY_NVIC_SetVectorTable                   0x08003fa9   Thumb Code    12  sys.o(i.MY_NVIC_SetVectorTable)
    SDRAM_Send_Cmd                           0x08003fb9   Thumb Code    66  sdram.o(i.SDRAM_Send_Cmd)
    Stm32_Clock_Init                         0x08004001   Thumb Code    90  sys.o(i.Stm32_Clock_Init)
    Sys_Clock_Set                            0x08004069   Thumb Code   254  sys.o(i.Sys_Clock_Set)
    TIM3_IRQHandler                          0x08004175   Thumb Code    82  time_task.o(i.TIM3_IRQHandler)
    TIM5_IRQHandler                          0x080041d9   Thumb Code   220  cap.o(i.TIM5_IRQHandler)
    USART1_IRQHandler                        0x080042c1   Thumb Code   116  usart.o(i.USART1_IRQHandler)
    _sys_exit                                0x08004341   Thumb Code     4  usart.o(i._sys_exit)
    cap_init                                 0x08004345   Thumb Code   186  cap.o(i.cap_init)
    cap_task                                 0x0800440d   Thumb Code    80  cap.o(i.cap_task)
    delay_init                               0x08004475   Thumb Code    46  delay.o(i.delay_init)
    delay_ms                                 0x080044ad   Thumb Code    56  delay.o(i.delay_ms)
    delay_us                                 0x080044e5   Thumb Code    56  delay.o(i.delay_us)
    delay_xms                                0x08004521   Thumb Code    56  delay.o(i.delay_xms)
    fputc                                    0x0800455d   Thumb Code    22  usart.o(i.fputc)
    led_lnit                                 0x08004579   Thumb Code    42  led.o(i.led_lnit)
    led_task                                 0x080045b1   Thumb Code    70  led.o(i.led_task)
    main                                     0x08004605   Thumb Code    96  test.o(i.main)
    pwm_init                                 0x08004669   Thumb Code   188  pwm.o(i.pwm_init)
    pwm_task                                 0x08004731   Thumb Code    70  pwm.o(i.pwm_task)
    sd_task                                  0x08004785   Thumb Code     2  sdram.o(i.sd_task)
    sdram_init                               0x08004789   Thumb Code   688  sdram.o(i.sdram_init)
    time3_init                               0x08004a55   Thumb Code    82  time_task.o(i.time3_init)
    uart_init                                0x08004ab1   Thumb Code   240  usart.o(i.uart_init)
    __aeabi_d2uiz                            0x08004bb1   Thumb Code     0  dfixu.o(x$fpl$dfixu)
    _dfixu                                   0x08004bb1   Thumb Code    90  dfixu.o(x$fpl$dfixu)
    __aeabi_ui2d                             0x08004c0b   Thumb Code     0  dflt_clz.o(x$fpl$dfltu)
    _dfltu                                   0x08004c0b   Thumb Code    38  dflt_clz.o(x$fpl$dfltu)
    __aeabi_dmul                             0x08004c31   Thumb Code     0  dmul.o(x$fpl$dmul)
    _dmul                                    0x08004c31   Thumb Code   332  dmul.o(x$fpl$dmul)
    __fpl_dnaninf                            0x08004d85   Thumb Code   156  dnaninf.o(x$fpl$dnaninf)
    __fpl_dretinf                            0x08004e21   Thumb Code    12  dretinf.o(x$fpl$dretinf)
    _fp_init                                 0x08004e2d   Thumb Code    10  fpinit.o(x$fpl$fpinit)
    __fplib_config_fpu_vfp                   0x08004e35   Thumb Code     0  fpinit.o(x$fpl$fpinit)
    __fplib_config_pureend_doubles           0x08004e35   Thumb Code     0  fpinit.o(x$fpl$fpinit)
    __I$use$fp                               0x08004e36   Number         0  usenofp.o(x$fpl$usenofp)
    gp_SCHDLR_TASK_CYCL_CFG                  0x08004e38   Data          40  time_task.o(.constdata)
    asc2_1206                                0x08004e60   Data        1140  lcd.o(.constdata)
    asc2_1608                                0x080052d4   Data        1520  lcd.o(.constdata)
    asc2_2412                                0x080058c4   Data        3420  lcd.o(.constdata)
    asc2_3216                                0x08006620   Data       12160  lcd.o(.constdata)
    Region$$Table$$Base                      0x080095c8   Number         0  anon$$obj.o(Region$$Table)
    Region$$Table$$Limit                     0x080095e8   Number         0  anon$$obj.o(Region$$Table)
    __stdout                                 0x20000004   Data           4  usart.o(.data)
    USART_RX_STA                             0x20000008   Data           2  usart.o(.data)
    schdlr_task_cycl_index                   0x2000000c   Data           1  time_task.o(.data)
    st_TASK_SCHDLR_list                      0x20000010   Data          32  time_task.o(.data)
    count                                    0x20000034   Data           2  cap.o(.data)
    TIM5CH1_CAPTURE_STA                      0x20000036   Data           1  cap.o(.data)
    TIM5CH1_CAPTURE_VAL                      0x20000038   Data           4  cap.o(.data)
    POINT_COLOR                              0x2000003c   Data           4  lcd.o(.data)
    BACK_COLOR                               0x20000040   Data           4  lcd.o(.data)
    ltdc_framebuf                            0x20000044   Data           8  ltdc.o(.data)
    USART_RX_BUF                             0x2000004c   Data         200  usart.o(.bss)
    lcddev                                   0x20000114   Data          14  lcd.o(.bss)
    lcdltdc                                  0x20000124   Data          32  ltdc.o(.bss)
    __libspace_start                         0x20000144   Data          96  libspace.o(.bss)
    __temporary_stack_top$libspace           0x200001a4   Data           0  libspace.o(.bss)
    ltdc_lcd_framebuf                        0xc0000000   Data       2048000  ltdc.o(.ARM.__AT_0xC0000000)



==============================================================================

Memory Map of the image

  Image Entry point : 0x080001ad

  Load Region LR_IROM1 (Base: 0x08000000, Size: 0x00009634, Max: 0x00100000, ABSOLUTE)

    Execution Region ER_IROM1 (Base: 0x08000000, Size: 0x000095e8, Max: 0x00100000, ABSOLUTE)

    Base Addr    Size         Type   Attr      Idx    E Section Name        Object

    0x08000000   0x000001ac   Data   RO            3    RESET               startup_stm32f429xx.o
    0x080001ac   0x00000008   Code   RO          880  * !!!main             c_w.l(__main.o)
    0x080001b4   0x00000034   Code   RO         1066    !!!scatter          c_w.l(__scatter.o)
    0x080001e8   0x0000001a   Code   RO         1068    !!handler_copy      c_w.l(__scatter_copy.o)
    0x08000202   0x00000002   PAD
    0x08000204   0x0000001c   Code   RO         1070    !!handler_zi        c_w.l(__scatter_zi.o)
    0x08000220   0x00000000   Code   RO          876    .ARM.Collect$$_printf_percent$$00000000  c_w.l(_printf_percent.o)
    0x08000220   0x0000000a   Code   RO          904    .ARM.Collect$$_printf_percent$$00000007  c_w.l(_printf_ll.o)
    0x0800022a   0x00000006   Code   RO          875    .ARM.Collect$$_printf_percent$$0000000C  c_w.l(_printf_x.o)
    0x08000230   0x00000006   Code   RO          877    .ARM.Collect$$_printf_percent$$0000000E  c_w.l(_printf_lld.o)
    0x08000236   0x00000004   Code   RO          903    .ARM.Collect$$_printf_percent$$00000017  c_w.l(_printf_percent_end.o)
    0x0800023a   0x00000002   Code   RO          942    .ARM.Collect$$libinit$$00000000  c_w.l(libinit.o)
    0x0800023c   0x00000004   Code   RO          948    .ARM.Collect$$libinit$$00000001  c_w.l(libinit2.o)
    0x08000240   0x00000000   Code   RO          951    .ARM.Collect$$libinit$$00000004  c_w.l(libinit2.o)
    0x08000240   0x00000000   Code   RO          954    .ARM.Collect$$libinit$$0000000A  c_w.l(libinit2.o)
    0x08000240   0x00000000   Code   RO          956    .ARM.Collect$$libinit$$0000000C  c_w.l(libinit2.o)
    0x08000240   0x00000000   Code   RO          958    .ARM.Collect$$libinit$$0000000E  c_w.l(libinit2.o)
    0x08000240   0x00000000   Code   RO          961    .ARM.Collect$$libinit$$00000011  c_w.l(libinit2.o)
    0x08000240   0x00000000   Code   RO          963    .ARM.Collect$$libinit$$00000013  c_w.l(libinit2.o)
    0x08000240   0x00000000   Code   RO          965    .ARM.Collect$$libinit$$00000015  c_w.l(libinit2.o)
    0x08000240   0x00000000   Code   RO          967    .ARM.Collect$$libinit$$00000017  c_w.l(libinit2.o)
    0x08000240   0x00000000   Code   RO          969    .ARM.Collect$$libinit$$00000019  c_w.l(libinit2.o)
    0x08000240   0x00000000   Code   RO          971    .ARM.Collect$$libinit$$0000001B  c_w.l(libinit2.o)
    0x08000240   0x00000000   Code   RO          973    .ARM.Collect$$libinit$$0000001D  c_w.l(libinit2.o)
    0x08000240   0x00000000   Code   RO          975    .ARM.Collect$$libinit$$0000001F  c_w.l(libinit2.o)
    0x08000240   0x00000000   Code   RO          977    .ARM.Collect$$libinit$$00000021  c_w.l(libinit2.o)
    0x08000240   0x00000000   Code   RO          979    .ARM.Collect$$libinit$$00000023  c_w.l(libinit2.o)
    0x08000240   0x00000000   Code   RO          981    .ARM.Collect$$libinit$$00000025  c_w.l(libinit2.o)
    0x08000240   0x00000000   Code   RO          985    .ARM.Collect$$libinit$$0000002C  c_w.l(libinit2.o)
    0x08000240   0x00000000   Code   RO          987    .ARM.Collect$$libinit$$0000002E  c_w.l(libinit2.o)
    0x08000240   0x00000000   Code   RO          989    .ARM.Collect$$libinit$$00000030  c_w.l(libinit2.o)
    0x08000240   0x00000000   Code   RO          991    .ARM.Collect$$libinit$$00000032  c_w.l(libinit2.o)
    0x08000240   0x00000002   Code   RO          992    .ARM.Collect$$libinit$$00000033  c_w.l(libinit2.o)
    0x08000242   0x00000002   Code   RO         1010    .ARM.Collect$$libshutdown$$00000000  c_w.l(libshutdown.o)
    0x08000244   0x00000000   Code   RO         1020    .ARM.Collect$$libshutdown$$00000002  c_w.l(libshutdown2.o)
    0x08000244   0x00000000   Code   RO         1022    .ARM.Collect$$libshutdown$$00000004  c_w.l(libshutdown2.o)
    0x08000244   0x00000000   Code   RO         1025    .ARM.Collect$$libshutdown$$00000007  c_w.l(libshutdown2.o)
    0x08000244   0x00000000   Code   RO         1028    .ARM.Collect$$libshutdown$$0000000A  c_w.l(libshutdown2.o)
    0x08000244   0x00000000   Code   RO         1030    .ARM.Collect$$libshutdown$$0000000C  c_w.l(libshutdown2.o)
    0x08000244   0x00000000   Code   RO         1033    .ARM.Collect$$libshutdown$$0000000F  c_w.l(libshutdown2.o)
    0x08000244   0x00000002   Code   RO         1034    .ARM.Collect$$libshutdown$$00000010  c_w.l(libshutdown2.o)
    0x08000246   0x00000000   Code   RO          896    .ARM.Collect$$rtentry$$00000000  c_w.l(__rtentry.o)
    0x08000246   0x00000000   Code   RO          911    .ARM.Collect$$rtentry$$00000002  c_w.l(__rtentry2.o)
    0x08000246   0x00000006   Code   RO          923    .ARM.Collect$$rtentry$$00000004  c_w.l(__rtentry4.o)
    0x0800024c   0x00000000   Code   RO          913    .ARM.Collect$$rtentry$$00000009  c_w.l(__rtentry2.o)
    0x0800024c   0x00000004   Code   RO          914    .ARM.Collect$$rtentry$$0000000A  c_w.l(__rtentry2.o)
    0x08000250   0x00000000   Code   RO          916    .ARM.Collect$$rtentry$$0000000C  c_w.l(__rtentry2.o)
    0x08000250   0x00000008   Code   RO          917    .ARM.Collect$$rtentry$$0000000D  c_w.l(__rtentry2.o)
    0x08000258   0x00000002   Code   RO          946    .ARM.Collect$$rtexit$$00000000  c_w.l(rtexit.o)
    0x0800025a   0x00000000   Code   RO          994    .ARM.Collect$$rtexit$$00000002  c_w.l(rtexit2.o)
    0x0800025a   0x00000004   Code   RO          995    .ARM.Collect$$rtexit$$00000003  c_w.l(rtexit2.o)
    0x0800025e   0x00000006   Code   RO          996    .ARM.Collect$$rtexit$$00000004  c_w.l(rtexit2.o)
    0x08000264   0x00000044   Code   RO            4    .text               startup_stm32f429xx.o
    0x080002a8   0x00000002   Code   RO          824    .text               c_w.l(use_no_semi_2.o)
    0x080002aa   0x00000002   PAD
    0x080002ac   0x00000018   Code   RO          828    .text               c_w.l(noretval__2printf.o)
    0x080002c4   0x0000007c   Code   RO          832    .text               c_w.l(_printf_longlong_dec.o)
    0x08000340   0x00000058   Code   RO          837    .text               c_w.l(_printf_hex_int.o)
    0x08000398   0x000000b8   Code   RO          858    .text               c_w.l(__printf_ss.o)
    0x08000450   0x00000006   Code   RO          878    .text               c_w.l(heapauxi.o)
    0x08000456   0x00000002   Code   RO          894    .text               c_w.l(use_no_semi.o)
    0x08000458   0x0000008a   Code   RO          897    .text               c_w.l(lludiv10.o)
    0x080004e2   0x000000b2   Code   RO          899    .text               c_w.l(_printf_intcommon.o)
    0x08000594   0x00000024   Code   RO          901    .text               c_w.l(_printf_char_file.o)
    0x080005b8   0x00000030   Code   RO          925    .text               c_w.l(_printf_char_common.o)
    0x080005e8   0x00000008   Code   RO          927    .text               c_w.l(ferror.o)
    0x080005f0   0x0000004a   Code   RO          931    .text               c_w.l(sys_stackheap_outer.o)
    0x0800063a   0x00000012   Code   RO          935    .text               c_w.l(exit.o)
    0x0800064c   0x00000008   Code   RO          943    .text               c_w.l(libspace.o)
    0x08000654   0x00000040   Code   RO          149    i.GPIO_AF_Set       sys.o
    0x08000694   0x000000de   Code   RO          150    i.GPIO_Set          sys.o
    0x08000772   0x00000002   PAD
    0x08000774   0x00000048   Code   RO          490    i.LCD_Clear         lcd.o
    0x080007bc   0x00000180   Code   RO          494    i.LCD_Display_Dir   lcd.o
    0x0800093c   0x00000124   Code   RO          499    i.LCD_Fast_DrawPoint  lcd.o
    0x08000a60   0x00002590   Code   RO          501    i.LCD_Init          lcd.o
    0x08002ff0   0x00000014   Code   RO          503    i.LCD_RD_DATA       lcd.o
    0x08003004   0x00000060   Code   RO          506    i.LCD_SSD_BackLightSet  lcd.o
    0x08003064   0x00000274   Code   RO          507    i.LCD_Scan_Dir      lcd.o
    0x080032d8   0x00000138   Code   RO          508    i.LCD_SetCursor     lcd.o
    0x08003410   0x0000013c   Code   RO          510    i.LCD_ShowChar      lcd.o
    0x0800354c   0x00000066   Code   RO          512    i.LCD_ShowString    lcd.o
    0x080035b2   0x00000002   PAD
    0x080035b4   0x00000018   Code   RO          514    i.LCD_WR_DATA       lcd.o
    0x080035cc   0x00000018   Code   RO          515    i.LCD_WR_REG        lcd.o
    0x080035e4   0x00000014   Code   RO          517    i.LCD_WriteRAM_Prepare  lcd.o
    0x080035f8   0x00000010   Code   RO          518    i.LCD_WriteReg      lcd.o
    0x08003608   0x00000024   Code   RO          715    i.LTDC_Clear        ltdc.o
    0x0800362c   0x00000098   Code   RO          716    i.LTDC_Clk_Set      ltdc.o
    0x080036c4   0x0000002c   Code   RO          718    i.LTDC_Display_Dir  ltdc.o
    0x080036f0   0x00000050   Code   RO          719    i.LTDC_Draw_Point   ltdc.o
    0x08003740   0x00000148   Code   RO          720    i.LTDC_Fill         ltdc.o
    0x08003888   0x0000038c   Code   RO          721    i.LTDC_Init         ltdc.o
    0x08003c14   0x00000088   Code   RO          722    i.LTDC_Layer_Parameter_Config  ltdc.o
    0x08003c9c   0x00000060   Code   RO          723    i.LTDC_Layer_Switch  ltdc.o
    0x08003cfc   0x00000138   Code   RO          724    i.LTDC_Layer_Window_Config  ltdc.o
    0x08003e34   0x000000a0   Code   RO          725    i.LTDC_PanelID_Read  ltdc.o
    0x08003ed4   0x0000000c   Code   RO          727    i.LTDC_Select_Layer  ltdc.o
    0x08003ee0   0x00000028   Code   RO          728    i.LTDC_Switch       ltdc.o
    0x08003f08   0x00000078   Code   RO          153    i.MY_NVIC_Init      sys.o
    0x08003f80   0x00000028   Code   RO          154    i.MY_NVIC_PriorityGroupConfig  sys.o
    0x08003fa8   0x00000010   Code   RO          155    i.MY_NVIC_SetVectorTable  sys.o
    0x08003fb8   0x00000048   Code   RO          443    i.SDRAM_Send_Cmd    sdram.o
    0x08004000   0x00000068   Code   RO          156    i.Stm32_Clock_Init  sys.o
    0x08004068   0x0000010c   Code   RO          157    i.Sys_Clock_Set     sys.o
    0x08004174   0x00000064   Code   RO          337    i.TIM3_IRQHandler   time_task.o
    0x080041d8   0x000000e8   Code   RO          402    i.TIM5_IRQHandler   cap.o
    0x080042c0   0x00000080   Code   RO          247    i.USART1_IRQHandler  usart.o
    0x08004340   0x00000004   Code   RO          248    i._sys_exit         usart.o
    0x08004344   0x000000c8   Code   RO          403    i.cap_init          cap.o
    0x0800440c   0x00000068   Code   RO          404    i.cap_task          cap.o
    0x08004474   0x00000038   Code   RO          103    i.delay_init        delay.o
    0x080044ac   0x00000038   Code   RO          104    i.delay_ms          delay.o
    0x080044e4   0x0000003c   Code   RO          105    i.delay_us          delay.o
    0x08004520   0x0000003c   Code   RO          106    i.delay_xms         delay.o
    0x0800455c   0x0000001c   Code   RO          250    i.fputc             usart.o
    0x08004578   0x00000038   Code   RO          306    i.led_lnit          led.o
    0x080045b0   0x00000054   Code   RO          307    i.led_task          led.o
    0x08004604   0x00000064   Code   RO           13    i.main              test.o
    0x08004668   0x000000c8   Code   RO          371    i.pwm_init          pwm.o
    0x08004730   0x00000054   Code   RO          372    i.pwm_task          pwm.o
    0x08004784   0x00000002   Code   RO          444    i.sd_task           sdram.o
    0x08004786   0x00000002   PAD
    0x08004788   0x000002cc   Code   RO          445    i.sdram_init        sdram.o
    0x08004a54   0x0000005c   Code   RO          338    i.time3_init        time_task.o
    0x08004ab0   0x00000100   Code   RO          251    i.uart_init         usart.o
    0x08004bb0   0x0000005a   Code   RO          882    x$fpl$dfixu         fz_wm.l(dfixu.o)
    0x08004c0a   0x00000026   Code   RO          886    x$fpl$dfltu         fz_wm.l(dflt_clz.o)
    0x08004c30   0x00000154   Code   RO          892    x$fpl$dmul          fz_wm.l(dmul.o)
    0x08004d84   0x0000009c   Code   RO          905    x$fpl$dnaninf       fz_wm.l(dnaninf.o)
    0x08004e20   0x0000000c   Code   RO          907    x$fpl$dretinf       fz_wm.l(dretinf.o)
    0x08004e2c   0x0000000a   Code   RO         1002    x$fpl$fpinit        fz_wm.l(fpinit.o)
    0x08004e36   0x00000000   Code   RO          909    x$fpl$usenofp       fz_wm.l(usenofp.o)
    0x08004e36   0x00000002   PAD
    0x08004e38   0x00000028   Data   RO          339    .constdata          time_task.o
    0x08004e60   0x00004740   Data   RO          521    .constdata          lcd.o
    0x080095a0   0x00000028   Data   RO          838    .constdata          c_w.l(_printf_hex_int.o)
    0x080095c8   0x00000020   Data   RO         1064    Region$$Table       anon$$obj.o


    Execution Region RW_IRAM1 (Base: 0x20000000, Size: 0x000009a8, Max: 0x00030000, ABSOLUTE)

    Base Addr    Size         Type   Attr      Idx    E Section Name        Object

    0x20000000   0x00000004   Data   RW          107    .data               delay.o
    0x20000004   0x00000006   Data   RW          253    .data               usart.o
    0x2000000a   0x00000002   Data   RW          308    .data               led.o
    0x2000000c   0x00000024   Data   RW          340    .data               time_task.o
    0x20000030   0x00000002   Data   RW          373    .data               pwm.o
    0x20000032   0x00000002   PAD
    0x20000034   0x00000008   Data   RW          405    .data               cap.o
    0x2000003c   0x00000008   Data   RW          522    .data               lcd.o
    0x20000044   0x00000008   Data   RW          731    .data               ltdc.o
    0x2000004c   0x000000c8   Zero   RW          252    .bss                usart.o
    0x20000114   0x0000000e   Zero   RW          520    .bss                lcd.o
    0x20000122   0x00000002   PAD
    0x20000124   0x00000020   Zero   RW          730    .bss                ltdc.o
    0x20000144   0x00000060   Zero   RW          944    .bss                c_w.l(libspace.o)
    0x200001a4   0x00000004   PAD
    0x200001a8   0x00000000   Zero   RW            2    HEAP                startup_stm32f429xx.o
    0x200001a8   0x00000800   Zero   RW            1    STACK               startup_stm32f429xx.o



  Load Region LR$$.ARM.__AT_0xC0000000 (Base: 0xc0000000, Size: 0x00000000, Max: 0x001f4000, ABSOLUTE)

    Execution Region ER$$.ARM.__AT_0xC0000000 (Base: 0xc0000000, Size: 0x001f4000, Max: 0x001f4000, ABSOLUTE, UNINIT)

    Base Addr    Size         Type   Attr      Idx    E Section Name        Object

    0xc0000000   0x001f4000   Zero   RW          729    .ARM.__AT_0xC0000000  ltdc.o


==============================================================================

Image component sizes


      Code (inc. data)   RO Data    RW Data    ZI Data      Debug   Object Name

       536         50          0          8          0       2088   cap.o
       232         18          0          4          0       2591   delay.o
     11922        194      18240          8         14      17803   lcd.o
       140         28          0          2          0       1062   led.o
      2304        140          0          8    2048032      10174   ltdc.o
       284         26          0          2          0       1110   pwm.o
       790         34          0          0          0       2176   sdram.o
        68         24        428          0       2048        880   startup_stm32f429xx.o
       834         44          0          0          0       5318   sys.o
       100          4          0          0          0     278135   test.o
       192         28         40         36          0       2088   time_task.o
       416         34          0          6        200       4420   usart.o

    ----------------------------------------------------------------------
     17824        624      18740         76    2050296     327845   Object Totals
         0          0         32          0          0          0   (incl. Generated)
         6          0          0          2          2          0   (incl. Padding)

    ----------------------------------------------------------------------

      Code (inc. data)   RO Data    RW Data    ZI Data      Debug   Library Member Name

         8          0          0          0          0         68   __main.o
       184          0          0          0          0         84   __printf_ss.o
         0          0          0          0          0          0   __rtentry.o
        12          0          0          0          0          0   __rtentry2.o
         6          0          0          0          0          0   __rtentry4.o
        52          8          0          0          0          0   __scatter.o
        26          0          0          0          0          0   __scatter_copy.o
        28          0          0          0          0          0   __scatter_zi.o
        48          6          0          0          0         96   _printf_char_common.o
        36          4          0          0          0         80   _printf_char_file.o
        88          4         40          0          0         88   _printf_hex_int.o
       178          0          0          0          0         88   _printf_intcommon.o
        10          0          0          0          0          0   _printf_ll.o
         6          0          0          0          0          0   _printf_lld.o
       124         16          0          0          0         92   _printf_longlong_dec.o
         0          0          0          0          0          0   _printf_percent.o
         4          0          0          0          0          0   _printf_percent_end.o
         6          0          0          0          0          0   _printf_x.o
        18          0          0          0          0         80   exit.o
         8          0          0          0          0         68   ferror.o
         6          0          0          0          0        152   heapauxi.o
         2          0          0          0          0          0   libinit.o
         6          0          0          0          0          0   libinit2.o
         2          0          0          0          0          0   libshutdown.o
         2          0          0          0          0          0   libshutdown2.o
         8          4          0          0         96         68   libspace.o
       138          0          0          0          0         80   lludiv10.o
        24          4          0          0          0         84   noretval__2printf.o
         2          0          0          0          0          0   rtexit.o
        10          0          0          0          0          0   rtexit2.o
        74          0          0          0          0         80   sys_stackheap_outer.o
         2          0          0          0          0         68   use_no_semi.o
         2          0          0          0          0         68   use_no_semi_2.o
        90          4          0          0          0        140   dfixu.o
        38          0          0          0          0        116   dflt_clz.o
       340         12          0          0          0        152   dmul.o
       156          4          0          0          0        140   dnaninf.o
        12          0          0          0          0        116   dretinf.o
        10          0          0          0          0        116   fpinit.o
         0          0          0          0          0          0   usenofp.o

    ----------------------------------------------------------------------
      1772         66         40          0        100       2124   Library Totals
         6          0          0          0          4          0   (incl. Padding)

    ----------------------------------------------------------------------

      Code (inc. data)   RO Data    RW Data    ZI Data      Debug   Library Name

      1120         46         40          0         96       1344   c_w.l
       646         20          0          0          0        780   fz_wm.l

    ----------------------------------------------------------------------
      1772         66         40          0        100       2124   Library Totals

    ----------------------------------------------------------------------

==============================================================================


      Code (inc. data)   RO Data    RW Data    ZI Data      Debug   

     19596        690      18780         76    2050396     324245   Grand Totals
     19596        690      18780         76    2050396     324245   ELF Image Totals
     19596        690      18780         76          0          0   ROM Totals

==============================================================================

    Total RO  Size (Code + RO Data)                38376 (  37.48kB)
    Total RW  Size (RW Data + ZI Data)           2050472 (2002.41kB)
    Total ROM Size (Code + RO Data + RW Data)      38452 (  37.55kB)

==============================================================================

