Component: ARM Compiler 5.06 update 4 (build 422) Tool: armlink [4d35d2]

==============================================================================

Section Cross References

    startup_stm32f429xx.o(STACK) refers (Special) to heapauxi.o(.text) for __use_two_region_memory
    startup_stm32f429xx.o(HEAP) refers (Special) to heapauxi.o(.text) for __use_two_region_memory
    startup_stm32f429xx.o(RESET) refers (Special) to heapauxi.o(.text) for __use_two_region_memory
    startup_stm32f429xx.o(RESET) refers to startup_stm32f429xx.o(STACK) for __initial_sp
    startup_stm32f429xx.o(RESET) refers to startup_stm32f429xx.o(.text) for Reset_Handler
    startup_stm32f429xx.o(RESET) refers to rtc.o(i.RTC_WKUP_IRQHandler) for RTC_WKUP_IRQHandler
    startup_stm32f429xx.o(RESET) refers to time_task.o(i.TIM3_IRQHandler) for TIM3_IRQHandler
    startup_stm32f429xx.o(RESET) refers to usmart.o(i.TIM4_IRQHandler) for TIM4_IRQHandler
    startup_stm32f429xx.o(RESET) refers to usart.o(i.USART1_IRQHandler) for USART1_IRQHandler
    startup_stm32f429xx.o(RESET) refers to rtc.o(i.RTC_Alarm_IRQHandler) for RTC_Alarm_IRQHandler
    startup_stm32f429xx.o(RESET) refers to cap.o(i.TIM5_IRQHandler) for TIM5_IRQHandler
    startup_stm32f429xx.o(.text) refers (Special) to heapauxi.o(.text) for __use_two_region_memory
    startup_stm32f429xx.o(.text) refers to __main.o(!!!main) for __main
    startup_stm32f429xx.o(.text) refers to startup_stm32f429xx.o(HEAP) for Heap_Mem
    startup_stm32f429xx.o(.text) refers to startup_stm32f429xx.o(STACK) for Stack_Mem
    test.o(i.main) refers to sys.o(i.Stm32_Clock_Init) for Stm32_Clock_Init
    test.o(i.main) refers to delay.o(i.delay_init) for delay_init
    test.o(i.main) refers to key.o(i.key_init) for key_init
    test.o(i.main) refers to usart.o(i.uart_init) for uart_init
    test.o(i.main) refers to led.o(i.led_lnit) for led_lnit
    test.o(i.main) refers to time_task.o(i.time3_init) for time3_init
    test.o(i.main) refers to pwm.o(i.pwm_init) for pwm_init
    test.o(i.main) refers to cap.o(i.cap_init) for cap_init
    test.o(i.main) refers to sdram.o(i.sdram_init) for sdram_init
    test.o(i.main) refers to sdram.o(i.sd_task) for sd_task
    test.o(i.main) refers to lcd.o(i.LCD_Init) for LCD_Init
    test.o(i.main) refers to rtc.o(i.rtc_init) for rtc_init
    test.o(i.main) refers to lcd.o(i.LCD_ShowString) for LCD_ShowString
    test.o(i.main) refers to delay.o(i.delay_ms) for delay_ms
    test.o(i.main) refers to pcf8574.o(i.PCF8574_Init) for PCF8574_Init
    test.o(i.main) refers to usmart_config.o(.data) for usmart_dev
    delay.o(i.delay_init) refers to delay.o(.data) for fac_us
    delay.o(i.delay_ms) refers to delay.o(i.delay_xms) for delay_xms
    delay.o(i.delay_us) refers to delay.o(.data) for fac_us
    delay.o(i.delay_xms) refers to delay.o(.data) for fac_ms
    sys.o(i.MY_NVIC_Init) refers to sys.o(i.MY_NVIC_PriorityGroupConfig) for MY_NVIC_PriorityGroupConfig
    sys.o(i.Stm32_Clock_Init) refers to sys.o(i.Sys_Clock_Set) for Sys_Clock_Set
    sys.o(i.Stm32_Clock_Init) refers to sys.o(i.MY_NVIC_SetVectorTable) for MY_NVIC_SetVectorTable
    sys.o(i.Sys_Standby) refers to sys.o(i.WFI_SET) for WFI_SET
    usart.o(.rev16_text) refers (Special) to use_no_semi_2.o(.text) for __use_no_semihosting
    usart.o(.revsh_text) refers (Special) to use_no_semi_2.o(.text) for __use_no_semihosting
    usart.o(.rrx_text) refers (Special) to use_no_semi_2.o(.text) for __use_no_semihosting
    usart.o(i.USART1_IRQHandler) refers (Special) to use_no_semi_2.o(.text) for __use_no_semihosting
    usart.o(i.USART1_IRQHandler) refers to usart.o(.data) for USART_RX_STA
    usart.o(i.USART1_IRQHandler) refers to usart.o(.bss) for USART_RX_BUF
    usart.o(i._sys_exit) refers (Special) to use_no_semi_2.o(.text) for __use_no_semihosting
    usart.o(i._ttywrch) refers (Special) to use_no_semi_2.o(.text) for __use_no_semihosting
    usart.o(i.fputc) refers (Special) to use_no_semi_2.o(.text) for __use_no_semihosting
    usart.o(i.uart_init) refers (Special) to use_no_semi_2.o(.text) for __use_no_semihosting
    usart.o(i.uart_init) refers to sys.o(i.GPIO_Set) for GPIO_Set
    usart.o(i.uart_init) refers to sys.o(i.GPIO_AF_Set) for GPIO_AF_Set
    usart.o(i.uart_init) refers to sys.o(i.MY_NVIC_Init) for MY_NVIC_Init
    usart.o(.bss) refers (Special) to use_no_semi_2.o(.text) for __use_no_semihosting
    usart.o(.data) refers (Special) to use_no_semi_2.o(.text) for __use_no_semihosting
    led.o(i.led_lnit) refers to sys.o(i.GPIO_Set) for GPIO_Set
    led.o(i.led_task) refers to led.o(.data) for cnt
    time_task.o(i.TIM3_IRQHandler) refers to time_task.o(.data) for st_TASK_SCHDLR_list
    time_task.o(i.TIM3_IRQHandler) refers to time_task.o(.constdata) for gp_SCHDLR_TASK_CYCL_CFG
    time_task.o(i.time3_init) refers to sys.o(i.MY_NVIC_Init) for MY_NVIC_Init
    time_task.o(.data) refers to led.o(i.led_task) for led_task
    time_task.o(.data) refers to pwm.o(i.pwm_task) for pwm_task
[...]
    .ARM.Collect$$libinit$$00000004          0x08000298   Section        0  libinit2.o(.ARM.Collect$$libinit$$00000004)
    .ARM.Collect$$libinit$$0000000A          0x08000298   Section        0  libinit2.o(.ARM.Collect$$libinit$$0000000A)
    .ARM.Collect$$libinit$$0000000C          0x08000298   Section        0  libinit2.o(.ARM.Collect$$libinit$$0000000C)
    .ARM.Collect$$libinit$$0000000E          0x08000298   Section        0  libinit2.o(.ARM.Collect$$libinit$$0000000E)
    .ARM.Collect$$libinit$$00000011          0x08000298   Section        0  libinit2.o(.ARM.Collect$$libinit$$00000011)
    .ARM.Collect$$libinit$$00000013          0x08000298   Section        0  libinit2.o(.ARM.Collect$$libinit$$00000013)
    .ARM.Collect$$libinit$$00000015          0x08000298   Section        0  libinit2.o(.ARM.Collect$$libinit$$00000015)
    .ARM.Collect$$libinit$$00000017          0x08000298   Section        0  libinit2.o(.ARM.Collect$$libinit$$00000017)
    .ARM.Collect$$libinit$$00000019          0x08000298   Section        0  libinit2.o(.ARM.Collect$$libinit$$00000019)
    .ARM.Collect$$libinit$$0000001B          0x08000298   Section        0  libinit2.o(.ARM.Collect$$libinit$$0000001B)
    .ARM.Collect$$libinit$$0000001D          0x08000298   Section        0  libinit2.o(.ARM.Collect$$libinit$$0000001D)
    .ARM.Collect$$libinit$$0000001F          0x08000298   Section        0  libinit2.o(.ARM.Collect$$libinit$$0000001F)
    .ARM.Collect$$libinit$$00000021          0x08000298   Section        0  libinit2.o(.ARM.Collect$$libinit$$00000021)
    .ARM.Collect$$libinit$$00000023          0x08000298   Section        0  libinit2.o(.ARM.Collect$$libinit$$00000023)
    .ARM.Collect$$libinit$$00000025          0x08000298   Section        0  libinit2.o(.ARM.Collect$$libinit$$00000025)
    .ARM.Collect$$libinit$$0000002C          0x08000298   Section        0  libinit2.o(.ARM.Collect$$libinit$$0000002C)
    .ARM.Collect$$libinit$$0000002E          0x08000298   Section        0  libinit2.o(.ARM.Collect$$libinit$$0000002E)
    .ARM.Collect$$libinit$$00000030          0x08000298   Section        0  libinit2.o(.ARM.Collect$$libinit$$00000030)
    .ARM.Collect$$libinit$$00000032          0x08000298   Section        0  libinit2.o(.ARM.Collect$$libinit$$00000032)
    .ARM.Collect$$libinit$$00000033          0x08000298   Section        2  libinit2.o(.ARM.Collect$$libinit$$00000033)
    .ARM.Collect$$libshutdown$$00000000      0x0800029a   Section        2  libshutdown.o(.ARM.Collect$$libshutdown$$00000000)
    .ARM.Collect$$libshutdown$$00000002      0x0800029c   Section        0  libshutdown2.o(.ARM.Collect$$libshutdown$$00000002)
    .ARM.Collect$$libshutdown$$00000004      0x0800029c   Section        0  libshutdown2.o(.ARM.Collect$$libshutdown$$00000004)
    .ARM.Collect$$libshutdown$$00000007      0x0800029c   Section        0  libshutdown2.o(.ARM.Collect$$libshutdown$$00000007)
    .ARM.Collect$$libshutdown$$0000000A      0x0800029c   Section        0  libshutdown2.o(.ARM.Collect$$libshutdown$$0000000A)
    .ARM.Collect$$libshutdown$$0000000C      0x0800029c   Section        0  libshutdown2.o(.ARM.Collect$$libshutdown$$0000000C)
    .ARM.Collect$$libshutdown$$0000000F      0x0800029c   Section        0  libshutdown2.o(.ARM.Collect$$libshutdown$$0000000F)
    .ARM.Collect$$libshutdown$$00000010      0x0800029c   Section        2  libshutdown2.o(.ARM.Collect$$libshutdown$$00000010)
    .ARM.Collect$$rtentry$$00000000          0x0800029e   Section        0  __rtentry.o(.ARM.Collect$$rtentry$$00000000)
    .ARM.Collect$$rtentry$$00000002          0x0800029e   Section        0  __rtentry2.o(.ARM.Collect$$rtentry$$00000002)
    .ARM.Collect$$rtentry$$00000004          0x0800029e   Section        6  __rtentry4.o(.ARM.Collect$$rtentry$$00000004)
    .ARM.Collect$$rtentry$$00000009          0x080002a4   Section        0  __rtentry2.o(.ARM.Collect$$rtentry$$00000009)
    .ARM.Collect$$rtentry$$0000000A          0x080002a4   Section        4  __rtentry2.o(.ARM.Collect$$rtentry$$0000000A)
    .ARM.Collect$$rtentry$$0000000C          0x080002a8   Section        0  __rtentry2.o(.ARM.Collect$$rtentry$$0000000C)
    .ARM.Collect$$rtentry$$0000000D          0x080002a8   Section        8  __rtentry2.o(.ARM.Collect$$rtentry$$0000000D)
    .ARM.Collect$$rtexit$$00000000           0x080002b0   Section        2  rtexit.o(.ARM.Collect$$rtexit$$00000000)
    .ARM.Collect$$rtexit$$00000002           0x080002b2   Section        0  rtexit2.o(.ARM.Collect$$rtexit$$00000002)
    .ARM.Collect$$rtexit$$00000003           0x080002b2   Section        4  rtexit2.o(.ARM.Collect$$rtexit$$00000003)
    .ARM.Collect$$rtexit$$00000004           0x080002b6   Section        6  rtexit2.o(.ARM.Collect$$rtexit$$00000004)
    .text                                    0x080002bc   Section       68  startup_stm32f429xx.o(.text)
    $v0                                      0x080002bc   Number         0  startup_stm32f429xx.o(.text)
    .text                                    0x08000300   Section        2  use_no_semi_2.o(.text)
    .text                                    0x08000304   Section        0  noretval__2printf.o(.text)
    .text                                    0x0800031c   Section        0  noretval__2sprintf.o(.text)
    .text                                    0x08000344   Section        0  _printf_pad.o(.text)
    .text                                    0x08000392   Section        0  _printf_str.o(.text)
    .text                                    0x080003e4   Section        0  _printf_dec.o(.text)
    .text                                    0x0800045c   Section        0  _printf_longlong_dec.o(.text)
    .text                                    0x080004d8   Section        0  _printf_hex_int.o(.text)
    .text                                    0x08000530   Section        0  __printf_flags_ss_wp.o(.text)
    .text                                    0x080006b8   Section        0  heapauxi.o(.text)
    .text                                    0x080006be   Section        2  use_no_semi.o(.text)
    .text                                    0x080006c0   Section      138  lludiv10.o(.text)
    .text                                    0x0800074a   Section        0  _printf_intcommon.o(.text)
    .text                                    0x080007fc   Section        0  _printf_char_common.o(.text)
    _printf_input_char                       0x080007fd   Thumb Code    10  _printf_char_common.o(.text)
    .text                                    0x0800082c   Section        0  _sputc.o(.text)
    .text                                    0x08000836   Section        0  _printf_char.o(.text)
    .text                                    0x08000864   Section        0  _printf_char_file.o(.text)
    .text                                    0x08000888   Section        0  ferror.o(.text)
    .text                                    0x08000890   Section       74  sys_stackheap_outer.o(.text)
    .text                                    0x080008da   Section        0  exit.o(.text)
    .text                                    0x080008ec   Section        8  libspace.o(.text)
    i.GPIO_AF_Set                            0x080008f4   Section        0  sys.o(i.GPIO_AF_Set)
    i.GPIO_Set                               0x08000934   Section        0  sys.o(i.GPIO_Set)
    i.IIC_Ack                                0x08000a14   Section        0  myiic.o(i.IIC_Ack)
    i.IIC_Init                               0x08000a64   Section        0  myiic.o(i.IIC_Init)
    i.IIC_NAck                               0x08000aa4   Section        0  myiic.o(i.IIC_NAck)
    i.IIC_Read_Byte                          0x08000af4   Section        0  myiic.o(i.IIC_Read_Byte)
    i.IIC_Send_Byte                          0x08000b60   Section        0  myiic.o(i.IIC_Send_Byte)
    i.IIC_Start                              0x08000bc8   Section        0  myiic.o(i.IIC_Start)
    i.IIC_Stop                               0x08000c14   Section        0  myiic.o(i.IIC_Stop)
    i.IIC_Wait_Ack                           0x08000c60   Section        0  myiic.o(i.IIC_Wait_Ack)
    i.LCD_Clear                              0x08000cc0   Section        0  lcd.o(i.LCD_Clear)
    i.LCD_Display_Dir                        0x08000d08   Section        0  lcd.o(i.LCD_Display_Dir)
    i.LCD_DrawLine                           0x08000e88   Section        0  lcd.o(i.LCD_DrawLine)
    i.LCD_DrawPoint                          0x08000f38   Section        0  lcd.o(i.LCD_DrawPoint)
    i.LCD_DrawRectangle                      0x08000f74   Section        0  lcd.o(i.LCD_DrawRectangle)
    i.LCD_Draw_Circle                        0x08000fb4   Section        0  lcd.o(i.LCD_Draw_Circle)
    i.LCD_Fast_DrawPoint                     0x0800104c   Section        0  lcd.o(i.LCD_Fast_DrawPoint)
    i.LCD_Fill                               0x08001170   Section        0  lcd.o(i.LCD_Fill)
    i.LCD_Init                               0x080011e0   Section        0  lcd.o(i.LCD_Init)
    i.LCD_Pow                                0x08003770   Section        0  lcd.o(i.LCD_Pow)
    i.LCD_RD_DATA                            0x08003788   Section        0  lcd.o(i.LCD_RD_DATA)
    i.LCD_ReadPoint                          0x0800379c   Section        0  lcd.o(i.LCD_ReadPoint)
    i.LCD_SSD_BackLightSet                   0x08003868   Section        0  lcd.o(i.LCD_SSD_BackLightSet)
    i.LCD_Scan_Dir                           0x080038c8   Section        0  lcd.o(i.LCD_Scan_Dir)
    i.LCD_SetCursor                          0x08003b3c   Section        0  lcd.o(i.LCD_SetCursor)
    i.LCD_ShowChar                           0x08003c74   Section        0  lcd.o(i.LCD_ShowChar)
    i.LCD_ShowNum                            0x08003db0   Section        0  lcd.o(i.LCD_ShowNum)
    i.LCD_ShowString                         0x08003e44   Section        0  lcd.o(i.LCD_ShowString)
    i.LCD_ShowxNum                           0x08003eaa   Section        0  lcd.o(i.LCD_ShowxNum)
    i.LCD_WR_DATA                            0x08003f68   Section        0  lcd.o(i.LCD_WR_DATA)
    i.LCD_WR_REG                             0x08003f80   Section        0  lcd.o(i.LCD_WR_REG)
    i.LCD_WriteRAM_Prepare                   0x08003f98   Section        0  lcd.o(i.LCD_WriteRAM_Prepare)
    i.LCD_WriteReg                           0x08003fac   Section        0  lcd.o(i.LCD_WriteReg)
    i.LTDC_Clear                             0x08003fbc   Section        0  ltdc.o(i.LTDC_Clear)
    i.LTDC_Clk_Set                           0x08003fe0   Section        0  ltdc.o(i.LTDC_Clk_Set)
    i.LTDC_Display_Dir                       0x08004078   Section        0  ltdc.o(i.LTDC_Display_Dir)
    i.LTDC_Draw_Point                        0x080040a4   Section        0  ltdc.o(i.LTDC_Draw_Point)
    i.LTDC_Fill                              0x080040f4   Section        0  ltdc.o(i.LTDC_Fill)
    i.LTDC_Init                              0x0800423c   Section        0  ltdc.o(i.LTDC_Init)
    i.LTDC_Layer_Parameter_Config            0x080045c8   Section        0  ltdc.o(i.LTDC_Layer_Parameter_Config)
    i.LTDC_Layer_Switch                      0x08004650   Section        0  ltdc.o(i.LTDC_Layer_Switch)
    i.LTDC_Layer_Window_Config               0x080046b0   Section        0  ltdc.o(i.LTDC_Layer_Window_Config)
    i.LTDC_PanelID_Read                      0x080047e8   Section        0  ltdc.o(i.LTDC_PanelID_Read)
    i.LTDC_Read_Point                        0x08004888   Section        0  ltdc.o(i.LTDC_Read_Point)
    i.LTDC_Select_Layer                      0x080048d8   Section        0  ltdc.o(i.LTDC_Select_Layer)
    i.LTDC_Switch                            0x080048e4   Section        0  ltdc.o(i.LTDC_Switch)
    i.MY_NVIC_Init                           0x0800490c   Section        0  sys.o(i.MY_NVIC_Init)
    i.MY_NVIC_PriorityGroupConfig            0x08004984   Section        0  sys.o(i.MY_NVIC_PriorityGroupConfig)
    i.MY_NVIC_SetVectorTable                 0x080049ac   Section        0  sys.o(i.MY_NVIC_SetVectorTable)
    i.PCF8574_Init                           0x080049bc   Section        0  pcf8574.o(i.PCF8574_Init)
    i.PCF8574_ReadBit                        0x08004a0c   Section        0  pcf8574.o(i.PCF8574_ReadBit)
    i.PCF8574_ReadOneByte                    0x08004a26   Section        0  pcf8574.o(i.PCF8574_ReadOneByte)
    i.PCF8574_WriteBit                       0x08004a48   Section        0  pcf8574.o(i.PCF8574_WriteBit)
    i.PCF8574_WriteOneByte                   0x08004a6e   Section        0  pcf8574.o(i.PCF8574_WriteOneByte)
    i.RTC_Alarm_IRQHandler                   0x08004a98   Section        0  rtc.o(i.RTC_Alarm_IRQHandler)
    i.RTC_BCD2DEC                            0x08004ad8   Section        0  rtc.o(i.RTC_BCD2DEC)
    i.RTC_DEC2BCD                            0x08004aee   Section        0  rtc.o(i.RTC_DEC2BCD)
    i.RTC_Get_Date                           0x08004b0c   Section        0  rtc.o(i.RTC_Get_Date)
    i.RTC_Get_Time                           0x08004b50   Section        0  rtc.o(i.RTC_Get_Time)
    i.RTC_Init_Mode                          0x08004b94   Section        0  rtc.o(i.RTC_Init_Mode)
    i.RTC_Read_BKR                           0x08004bd4   Section        0  rtc.o(i.RTC_Read_BKR)
    i.RTC_Set_Date                           0x08004be8   Section        0  rtc.o(i.RTC_Set_Date)
    i.RTC_Set_Time                           0x08004c4c   Section        0  rtc.o(i.RTC_Set_Time)
    i.RTC_WKUP_IRQHandler                    0x08004cb0   Section        0  rtc.o(i.RTC_WKUP_IRQHandler)
    i.RTC_Wait_Synchro                       0x08004cdc   Section        0  rtc.o(i.RTC_Wait_Synchro)
    i.RTC_Write_BKR                          0x08004d24   Section        0  rtc.o(i.RTC_Write_BKR)
    i.SDRAM_Send_Cmd                         0x08004d34   Section        0  sdram.o(i.SDRAM_Send_Cmd)
    i.Stm32_Clock_Init                       0x08004d7c   Section        0  sys.o(i.Stm32_Clock_Init)
    i.Sys_Clock_Set                          0x08004de4   Section        0  sys.o(i.Sys_Clock_Set)
    i.TIM3_IRQHandler                        0x08004ef0   Section        0  time_task.o(i.TIM3_IRQHandler)
    i.TIM4_IRQHandler                        0x08004f54   Section        0  usmart.o(i.TIM4_IRQHandler)
    i.TIM5_IRQHandler                        0x08004f90   Section        0  cap.o(i.TIM5_IRQHandler)
    i.Timer4_Init                            0x08005078   Section        0  usmart.o(i.Timer4_Init)
    i.USART1_IRQHandler                      0x080050c8   Section        0  usart.o(i.USART1_IRQHandler)
    i._is_digit                              0x08005148   Section        0  __printf_wp.o(i._is_digit)
    i._sys_exit                              0x08005156   Section        0  usart.o(i._sys_exit)
    i.cap_init                               0x0800515c   Section        0  cap.o(i.cap_init)
    i.cap_task                               0x08005224   Section        0  cap.o(i.cap_task)
    i.delay_init                             0x0800528c   Section        0  delay.o(i.delay_init)
    i.delay_ms                               0x080052c4   Section        0  delay.o(i.delay_ms)
    i.delay_us                               0x080052fc   Section        0  delay.o(i.delay_us)
    i.delay_xms                              0x08005338   Section        0  delay.o(i.delay_xms)
    i.fputc                                  0x08005374   Section        0  usart.o(i.fputc)
    i.get_gb_key                             0x08005390   Section        0  key.o(i.get_gb_key)
    i.key_get_num                            0x080053a0   Section        0  key.o(i.key_get_num)
    i.key_init                               0x080053dc   Section        0  key.o(i.key_init)
    i.key_task                               0x0800544c   Section        0  key.o(i.key_task)
    i.led_lnit                               0x080054d4   Section        0  led.o(i.led_lnit)
    i.led_set                                0x0800550c   Section        0  test.o(i.led_set)
    i.led_task                               0x08005518   Section        0  led.o(i.led_task)
    i.main                                   0x0800556c   Section        0  test.o(i.main)
    i.opt_delay                              0x08005664   Section        0  lcd.o(i.opt_delay)
    i.pcf8547_task                           0x08005674   Section        0  pcf8574.o(i.pcf8547_task)
    i.pwm_init                               0x080056c8   Section        0  pwm.o(i.pwm_init)
    i.pwm_task                               0x08005790   Section        0  pwm.o(i.pwm_task)
    i.read_addr                              0x080057e4   Section        0  usmart.o(i.read_addr)
    i.rtc_init                               0x080057ec   Section        0  rtc.o(i.rtc_init)
    i.rtc_task                               0x080058e0   Section        0  rtc.o(i.rtc_task)
    i.sd_task                                0x080059a8   Section        0  sdram.o(i.sd_task)
    i.sdram_init                             0x080059ac   Section        0  sdram.o(i.sdram_init)
    i.test_fun                               0x08005c78   Section        0  test.o(i.test_fun)
    i.time3_init                             0x08005c84   Section        0  time_task.o(i.time3_init)
    i.uart_init                              0x08005ce0   Section        0  usart.o(i.uart_init)
    i.usmart_cmd_rec                         0x08005de0   Section        0  usmart.o(i.usmart_cmd_rec)
    i.usmart_exe                             0x08005e90   Section        0  usmart.o(i.usmart_exe)
    i.usmart_get_aparm                       0x08006164   Section        0  usmart_str.o(i.usmart_get_aparm)
    i.usmart_get_cmdname                     0x08006238   Section        0  usmart_str.o(i.usmart_get_cmdname)
    i.usmart_get_fname                       0x08006270   Section        0  usmart_str.o(i.usmart_get_fname)
    i.usmart_get_fparam                      0x08006430   Section        0  usmart_str.o(i.usmart_get_fparam)
    i.usmart_get_parmpos                     0x0800653c   Section        0  usmart_str.o(i.usmart_get_parmpos)
    i.usmart_get_runtime                     0x0800655c   Section        0  usmart.o(i.usmart_get_runtime)
    i.usmart_init                            0x0800659c   Section        0  usmart.o(i.usmart_init)
    i.usmart_pow                             0x080065c4   Section        0  usmart_str.o(i.usmart_pow)
    i.usmart_reset_runtime                   0x080065dc   Section        0  usmart.o(i.usmart_reset_runtime)
    i.usmart_scan                            0x0800660c   Section        0  usmart.o(i.usmart_scan)
    i.usmart_search_nextc                    0x080066c8   Section        0  usmart_str.o(i.usmart_search_nextc)
    i.usmart_str2num                         0x080066de   Section        0  usmart_str.o(i.usmart_str2num)
    i.usmart_strcmp                          0x080067e4   Section        0  usmart_str.o(i.usmart_strcmp)
    i.usmart_strcopy                         0x08006806   Section        0  usmart_str.o(i.usmart_strcopy)
    i.usmart_strlen                          0x0800681c   Section        0  usmart_str.o(i.usmart_strlen)
    i.usmart_sys_cmd_exe                     0x08006834   Section        0  usmart.o(i.usmart_sys_cmd_exe)
    i.write_addr                             0x08006f28   Section        0  usmart.o(i.write_addr)
    x$fpl$dfixu                              0x08006f2c   Section       90  dfixu.o(x$fpl$dfixu)
    $v0                                      0x08006f2c   Number         0  dfixu.o(x$fpl$dfixu)
    x$fpl$dfltu                              0x08006f86   Section       38  dflt_clz.o(x$fpl$dfltu)
    $v0                                      0x08006f86   Number         0  dflt_clz.o(x$fpl$dfltu)
    x$fpl$dmul                               0x08006fac   Section      340  dmul.o(x$fpl$dmul)
    $v0                                      0x08006fac   Number         0  dmul.o(x$fpl$dmul)
    x$fpl$dnaninf                            0x08007100   Section      156  dnaninf.o(x$fpl$dnaninf)
    $v0                                      0x08007100   Number         0  dnaninf.o(x$fpl$dnaninf)
    x$fpl$dretinf                            0x0800719c   Section       12  dretinf.o(x$fpl$dretinf)
    $v0                                      0x0800719c   Number         0  dretinf.o(x$fpl$dretinf)
    x$fpl$fpinit                             0x080071a8   Section       10  fpinit.o(x$fpl$fpinit)
    $v0                                      0x080071a8   Number         0  fpinit.o(x$fpl$fpinit)
    x$fpl$usenofp                            0x080071b2   Section        0  usenofp.o(x$fpl$usenofp)
    .constdata                               0x080071b4   Section       40  time_task.o(.constdata)
    .constdata                               0x080071dc   Section    18240  lcd.o(.constdata)
    .constdata                               0x0800b91c   Section       40  _printf_hex_int.o(.constdata)
    uc_hextab                                0x0800b91c   Data          20  _printf_hex_int.o(.constdata)
    lc_hextab                                0x0800b930   Data          20  _printf_hex_int.o(.constdata)
    .constdata                               0x0800b944   Section       17  __printf_flags_ss_wp.o(.constdata)
    maptable                                 0x0800b944   Data          17  __printf_flags_ss_wp.o(.constdata)
    .conststring                             0x0800b958   Section       40  usmart.o(.conststring)
    .conststring                             0x0800b980   Section     1083  usmart_config.o(.conststring)
    .data                                    0x20000000   Section        4  delay.o(.data)
    fac_us                                   0x20000000   Data           1  delay.o(.data)
    fac_ms                                   0x20000002   Data           2  delay.o(.data)
    .data                                    0x20000004   Section        6  usart.o(.data)
    .data                                    0x2000000a   Section        2  led.o(.data)
    cnt                                      0x2000000a   Data           1  led.o(.data)
    led_flag                                 0x2000000b   Data           1  led.o(.data)
    .data                                    0x2000000c   Section       60  time_task.o(.data)
    .data                                    0x20000048   Section        2  pwm.o(.data)
    ctn_val                                  0x20000048   Data           1  pwm.o(.data)
    increase_flag                            0x20000049   Data           1  pwm.o(.data)
    .data                                    0x2000004c   Section        8  cap.o(.data)
    .data                                    0x20000054   Section        8  lcd.o(.data)
    .data                                    0x2000005c   Section        8  ltdc.o(.data)
    .data                                    0x20000064   Section        5  key.o(.data)
    pre_key                                  0x20000064   Data           1  key.o(.data)
    key_num                                  0x20000065   Data           1  key.o(.data)
    gb_Key                                   0x20000066   Data           1  key.o(.data)
    count                                    0x20000067   Data           1  key.o(.data)
    key_state                                0x20000068   Data           1  key.o(.data)
    .data                                    0x20000069   Section        1  pcf8574.o(.data)
    beepsta                                  0x20000069   Data           1  pcf8574.o(.data)
    .data                                    0x2000006c   Section       28  usmart.o(.data)
    .data                                    0x20000088   Section      452  usmart_config.o(.data)
    .bss                                     0x2000024c   Section      200  usart.o(.bss)
    .bss                                     0x20000314   Section       14  lcd.o(.bss)
    .bss                                     0x20000324   Section       32  ltdc.o(.bss)
    .bss                                     0x20000344   Section       96  libspace.o(.bss)
    HEAP                                     0x200003a8   Section        0  startup_stm32f429xx.o(HEAP)
    STACK                                    0x200003a8   Section     2048  startup_stm32f429xx.o(STACK)
    Heap_Mem                                 0x200003a8   Data           0  startup_stm32f429xx.o(HEAP)
    Stack_Mem                                0x200003a8   Data        2048  startup_stm32f429xx.o(STACK)
    __initial_sp                             0x20000ba8   Data           0  startup_stm32f429xx.o(STACK)
    .ARM.__AT_0xC0000000                     0xc0000000   Section    2048000  ltdc.o(.ARM.__AT_0xC0000000)

    Global Symbols

    Symbol Name                              Value     Ov Type        Size  Object(Section)

    BuildAttributes$$THM_ISAv4$E$P$D$K$B$S$7EM$VFPi3$EXTD16$VFPS$VFMA$PE$A:L22UL41UL21$X:L11$S22US41US21$IEEE1$IW$USESV6$~STKCKD$USESV7$~SHL$OSPACE$ROPI$EBA8$UX$STANDARDLIB$REQ8$PRES8$EABIv2 0x00000000   Number         0  anon$$obj.o ABSOLUTE
    __ARM_use_no_argv                        0x00000000   Number         0  test.o ABSOLUTE
    _printf_flags                            0x00000000   Number         0  printf_stubs.o ABSOLUTE
    _printf_return_value                     0x00000000   Number         0  printf_stubs.o ABSOLUTE
    _printf_sizespec                         0x00000000   Number         0  printf_stubs.o ABSOLUTE
    _printf_widthprec                        0x00000000   Number         0  printf_stubs.o ABSOLUTE
    __ARM_exceptions_init                     - Undefined Weak Reference
    __alloca_initialize                       - Undefined Weak Reference
    __arm_preinit_                            - Undefined Weak Reference
    __cpp_initialize__aeabi_                  - Undefined Weak Reference
    __cxa_finalize                            - Undefined Weak Reference
    __rt_locale                               - Undefined Weak Reference
    __sigvec_lookup                           - Undefined Weak Reference
    _atexit_init                              - Undefined Weak Reference
    _call_atexit_fns                          - Undefined Weak Reference
    _clock_init                               - Undefined Weak Reference
    _fp_trap_init                             - Undefined Weak Reference
    _fp_trap_shutdown                         - Undefined Weak Reference
    _get_lc_collate                           - Undefined Weak Reference
    _get_lc_ctype                             - Undefined Weak Reference
    _get_lc_monetary                          - Undefined Weak Reference
    _get_lc_numeric                           - Undefined Weak Reference
    _get_lc_time                              - Undefined Weak Reference
    _getenv_init                              - Undefined Weak Reference
    _handle_redirection                       - Undefined Weak Reference
    _init_alloc                               - Undefined Weak Reference
    _init_user_alloc                          - Undefined Weak Reference
    _initio                                   - Undefined Weak Reference
    _mutex_acquire                            - Undefined Weak Reference
    _mutex_release                            - Undefined Weak Reference
    _printf_mbtowc                            - Undefined Weak Reference
    _printf_truncate_signed                   - Undefined Weak Reference
    _printf_truncate_unsigned                 - Undefined Weak Reference
    _rand_init                                - Undefined Weak Reference
    _signal_finish                            - Undefined Weak Reference
    _signal_init                              - Undefined Weak Reference
    _terminate_alloc                          - Undefined Weak Reference
    _terminate_user_alloc                     - Undefined Weak Reference
    _terminateio                              - Undefined Weak Reference
    __Vectors_Size                           0x000001ac   Number         0  startup_stm32f429xx.o ABSOLUTE
    __Vectors                                0x08000000   Data           4  startup_stm32f429xx.o(RESET)
    __Vectors_End                            0x080001ac   Data           0  startup_stm32f429xx.o(RESET)
    __main                                   0x080001ad   Thumb Code     8  __main.o(!!!main)
    __scatterload                            0x080001b5   Thumb Code     0  __scatter.o(!!!scatter)
    __scatterload_rt2                        0x080001b5   Thumb Code    44  __scatter.o(!!!scatter)
    __scatterload_rt2_thumb_only             0x080001b5   Thumb Code     0  __scatter.o(!!!scatter)
    __scatterload_null                       0x080001c3   Thumb Code     0  __scatter.o(!!!scatter)
    __decompress                             0x080001e9   Thumb Code    90  __dczerorl2.o(!!dczerorl2)
    __decompress1                            0x080001e9   Thumb Code     0  __dczerorl2.o(!!dczerorl2)
    __scatterload_zeroinit                   0x08000245   Thumb Code    28  __scatter_zi.o(!!handler_zi)
    _printf_ll                               0x08000261   Thumb Code     0  _printf_ll.o(.ARM.Collect$$_printf_percent$$00000007)
    _printf_percent                          0x08000261   Thumb Code     0  _printf_percent.o(.ARM.Collect$$_printf_percent$$00000000)
    _printf_d                                0x0800026b   Thumb Code     0  _printf_d.o(.ARM.Collect$$_printf_percent$$00000009)
    _printf_u                                0x08000271   Thumb Code     0  _printf_u.o(.ARM.Collect$$_printf_percent$$0000000A)
    _printf_x                                0x08000277   Thumb Code     0  _printf_x.o(.ARM.Collect$$_printf_percent$$0000000C)
    _printf_lld                              0x0800027d   Thumb Code     0  _printf_lld.o(.ARM.Collect$$_printf_percent$$0000000E)
    _printf_c                                0x08000283   Thumb Code     0  _printf_c.o(.ARM.Collect$$_printf_percent$$00000013)
    _printf_s                                0x08000289   Thumb Code     0  _printf_s.o(.ARM.Collect$$_printf_percent$$00000014)
    _printf_percent_end                      0x0800028f   Thumb Code     0  _printf_percent_end.o(.ARM.Collect$$_printf_percent$$00000017)
    __rt_lib_init                            0x08000293   Thumb Code     0  libinit.o(.ARM.Collect$$libinit$$00000000)
    __rt_lib_init_fp_1                       0x08000295   Thumb Code     0  libinit2.o(.ARM.Collect$$libinit$$00000001)
    __rt_lib_init_alloca_1                   0x08000299   Thumb Code     0  libinit2.o(.ARM.Collect$$libinit$$0000002E)
    __rt_lib_init_argv_1                     0x08000299   Thumb Code     0  libinit2.o(.ARM.Collect$$libinit$$0000002C)
    __rt_lib_init_atexit_1                   0x08000299   Thumb Code     0  libinit2.o(.ARM.Collect$$libinit$$0000001B)
    __rt_lib_init_clock_1                    0x08000299   Thumb Code     0  libinit2.o(.ARM.Collect$$libinit$$00000021)
    __rt_lib_init_cpp_1                      0x08000299   Thumb Code     0  libinit2.o(.ARM.Collect$$libinit$$00000032)
    __rt_lib_init_exceptions_1               0x08000299   Thumb Code     0  libinit2.o(.ARM.Collect$$libinit$$00000030)
    __rt_lib_init_fp_trap_1                  0x08000299   Thumb Code     0  libinit2.o(.ARM.Collect$$libinit$$0000001F)
    __rt_lib_init_getenv_1                   0x08000299   Thumb Code     0  libinit2.o(.ARM.Collect$$libinit$$00000023)
    __rt_lib_init_heap_1                     0x08000299   Thumb Code     0  libinit2.o(.ARM.Collect$$libinit$$0000000A)
    __rt_lib_init_lc_collate_1               0x08000299   Thumb Code     0  libinit2.o(.ARM.Collect$$libinit$$00000011)
    __rt_lib_init_lc_ctype_1                 0x08000299   Thumb Code     0  libinit2.o(.ARM.Collect$$libinit$$00000013)
    __rt_lib_init_lc_monetary_1              0x08000299   Thumb Code     0  libinit2.o(.ARM.Collect$$libinit$$00000015)
    __rt_lib_init_lc_numeric_1               0x08000299   Thumb Code     0  libinit2.o(.ARM.Collect$$libinit$$00000017)
    __rt_lib_init_lc_time_1                  0x08000299   Thumb Code     0  libinit2.o(.ARM.Collect$$libinit$$00000019)
    __rt_lib_init_preinit_1                  0x08000299   Thumb Code     0  libinit2.o(.ARM.Collect$$libinit$$00000004)
    __rt_lib_init_rand_1                     0x08000299   Thumb Code     0  libinit2.o(.ARM.Collect$$libinit$$0000000E)
    __rt_lib_init_return                     0x08000299   Thumb Code     0  libinit2.o(.ARM.Collect$$libinit$$00000033)
    __rt_lib_init_signal_1                   0x08000299   Thumb Code     0  libinit2.o(.ARM.Collect$$libinit$$0000001D)
    __rt_lib_init_stdio_1                    0x08000299   Thumb Code     0  libinit2.o(.ARM.Collect$$libinit$$00000025)
    __rt_lib_init_user_alloc_1               0x08000299   Thumb Code     0  libinit2.o(.ARM.Collect$$libinit$$0000000C)
    __rt_lib_shutdown                        0x0800029b   Thumb Code     0  libshutdown.o(.ARM.Collect$$libshutdown$$00000000)
    __rt_lib_shutdown_cpp_1                  0x0800029d   Thumb Code     0  libshutdown2.o(.ARM.Collect$$libshutdown$$00000002)
    __rt_lib_shutdown_fp_trap_1              0x0800029d   Thumb Code     0  libshutdown2.o(.ARM.Collect$$libshutdown$$00000007)
    __rt_lib_shutdown_heap_1                 0x0800029d   Thumb Code     0  libshutdown2.o(.ARM.Collect$$libshutdown$$0000000F)
    __rt_lib_shutdown_return                 0x0800029d   Thumb Code     0  libshutdown2.o(.ARM.Collect$$libshutdown$$00000010)
    __rt_lib_shutdown_signal_1               0x0800029d   Thumb Code     0  libshutdown2.o(.ARM.Collect$$libshutdown$$0000000A)
    __rt_lib_shutdown_stdio_1                0x0800029d   Thumb Code     0  libshutdown2.o(.ARM.Collect$$libshutdown$$00000004)
    __rt_lib_shutdown_user_alloc_1           0x0800029d   Thumb Code     0  libshutdown2.o(.ARM.Collect$$libshutdown$$0000000C)
    __rt_entry                               0x0800029f   Thumb Code     0  __rtentry.o(.ARM.Collect$$rtentry$$00000000)
    __rt_entry_presh_1                       0x0800029f   Thumb Code     0  __rtentry2.o(.ARM.Collect$$rtentry$$00000002)
    __rt_entry_sh                            0x0800029f   Thumb Code     0  __rtentry4.o(.ARM.Collect$$rtentry$$00000004)
    __rt_entry_li                            0x080002a5   Thumb Code     0  __rtentry2.o(.ARM.Collect$$rtentry$$0000000A)
    __rt_entry_postsh_1                      0x080002a5   Thumb Code     0  __rtentry2.o(.ARM.Collect$$rtentry$$00000009)
    __rt_entry_main                          0x080002a9   Thumb Code     0  __rtentry2.o(.ARM.Collect$$rtentry$$0000000D)
    __rt_entry_postli_1                      0x080002a9   Thumb Code     0  __rtentry2.o(.ARM.Collect$$rtentry$$0000000C)
    __rt_exit                                0x080002b1   Thumb Code     0  rtexit.o(.ARM.Collect$$rtexit$$00000000)
    __rt_exit_ls                             0x080002b3   Thumb Code     0  rtexit2.o(.ARM.Collect$$rtexit$$00000003)
    __rt_exit_prels_1                        0x080002b3   Thumb Code     0  rtexit2.o(.ARM.Collect$$rtexit$$00000002)
    __rt_exit_exit                           0x080002b7   Thumb Code     0  rtexit2.o(.ARM.Collect$$rtexit$$00000004)
    Reset_Handler                            0x080002bd   Thumb Code    14  startup_stm32f429xx.o(.text)
    NMI_Handler                              0x080002cb   Thumb Code     2  startup_stm32f429xx.o(.text)
    HardFault_Handler                        0x080002cd   Thumb Code     2  startup_stm32f429xx.o(.text)
    MemManage_Handler                        0x080002cf   Thumb Code     2  startup_stm32f429xx.o(.text)
    BusFault_Handler                         0x080002d1   Thumb Code     2  startup_stm32f429xx.o(.text)
    UsageFault_Handler                       0x080002d3   Thumb Code     2  startup_stm32f429xx.o(.text)
    SVC_Handler                              0x080002d5   Thumb Code     2  startup_stm32f429xx.o(.text)
    DebugMon_Handler                         0x080002d7   Thumb Code     2  startup_stm32f429xx.o(.text)
    PendSV_Handler                           0x080002d9   Thumb Code     2  startup_stm32f429xx.o(.text)
    SysTick_Handler                          0x080002db   Thumb Code     2  startup_stm32f429xx.o(.text)
    ADC_IRQHandler                           0x080002dd   Thumb Code     0  startup_stm32f429xx.o(.text)
    CAN1_RX0_IRQHandler                      0x080002dd   Thumb Code     0  startup_stm32f429xx.o(.text)
    CAN1_RX1_IRQHandler                      0x080002dd   Thumb Code     0  startup_stm32f429xx.o(.text)
    CAN1_SCE_IRQHandler                      0x080002dd   Thumb Code     0  startup_stm32f429xx.o(.text)
    CAN1_TX_IRQHandler                       0x080002dd   Thumb Code     0  startup_stm32f429xx.o(.text)
    CAN2_RX0_IRQHandler                      0x080002dd   Thumb Code     0  startup_stm32f429xx.o(.text)
    CAN2_RX1_IRQHandler                      0x080002dd   Thumb Code     0  startup_stm32f429xx.o(.text)
    CAN2_SCE_IRQHandler                      0x080002dd   Thumb Code     0  startup_stm32f429xx.o(.text)
    CAN2_TX_IRQHandler                       0x080002dd   Thumb Code     0  startup_stm32f429xx.o(.text)
    DCMI_IRQHandler                          0x080002dd   Thumb Code     0  startup_stm32f429xx.o(.text)
    DMA1_Stream0_IRQHandler                  0x080002dd   Thumb Code     0  startup_stm32f429xx.o(.text)
    DMA1_Stream1_IRQHandler                  0x080002dd   Thumb Code     0  startup_stm32f429xx.o(.text)
    DMA1_Stream2_IRQHandler                  0x080002dd   Thumb Code     0  startup_stm32f429xx.o(.text)
    DMA1_Stream3_IRQHandler                  0x080002dd   Thumb Code     0  startup_stm32f429xx.o(.text)
    DMA1_Stream4_IRQHandler                  0x080002dd   Thumb Code     0  startup_stm32f429xx.o(.text)
    DMA1_Stream5_IRQHandler                  0x080002dd   Thumb Code     0  startup_stm32f429xx.o(.text)
    DMA1_Stream6_IRQHandler                  0x080002dd   Thumb Code     0  startup_stm32f429xx.o(.text)
    DMA1_Stream7_IRQHandler                  0x080002dd   Thumb Code     0  startup_stm32f429xx.o(.text)
    DMA2D_IRQHandler                         0x080002dd   Thumb Code     0  startup_stm32f429xx.o(.text)
    DMA2_Stream0_IRQHandler                  0x080002dd   Thumb Code     0  startup_stm32f429xx.o(.text)
    DMA2_Stream1_IRQHandler                  0x080002dd   Thumb Code     0  startup_stm32f429xx.o(.text)
    DMA2_Stream2_IRQHandler                  0x080002dd   Thumb Code     0  startup_stm32f429xx.o(.text)
    DMA2_Stream3_IRQHandler                  0x080002dd   Thumb Code     0  startup_stm32f429xx.o(.text)
    DMA2_Stream4_IRQHandler                  0x080002dd   Thumb Code     0  startup_stm32f429xx.o(.text)
    DMA2_Stream5_IRQHandler                  0x080002dd   Thumb Code     0  startup_stm32f429xx.o(.text)
    DMA2_Stream6_IRQHandler                  0x080002dd   Thumb Code     0  startup_stm32f429xx.o(.text)
    DMA2_Stream7_IRQHandler                  0x080002dd   Thumb Code     0  startup_stm32f429xx.o(.text)
    ETH_IRQHandler                           0x080002dd   Thumb Code     0  startup_stm32f429xx.o(.text)
    ETH_WKUP_IRQHandler                      0x080002dd   Thumb Code     0  startup_stm32f429xx.o(.text)
    EXTI0_IRQHandler                         0x080002dd   Thumb Code     0  startup_stm32f429xx.o(.text)
    EXTI15_10_IRQHandler                     0x080002dd   Thumb Code     0  startup_stm32f429xx.o(.text)
    EXTI1_IRQHandler                         0x080002dd   Thumb Code     0  startup_stm32f429xx.o(.text)
    EXTI2_IRQHandler                         0x080002dd   Thumb Code     0  startup_stm32f429xx.o(.text)
    EXTI3_IRQHandler                         0x080002dd   Thumb Code     0  startup_stm32f429xx.o(.text)
    EXTI4_IRQHandler                         0x080002dd   Thumb Code     0  startup_stm32f429xx.o(.text)
    EXTI9_5_IRQHandler                       0x080002dd   Thumb Code     0  startup_stm32f429xx.o(.text)
    FLASH_IRQHandler                         0x080002dd   Thumb Code     0  startup_stm32f429xx.o(.text)
    FMC_IRQHandler                           0x080002dd   Thumb Code     0  startup_stm32f429xx.o(.text)
    FPU_IRQHandler                           0x080002dd   Thumb Code     0  startup_stm32f429xx.o(.text)
    HASH_RNG_IRQHandler                      0x080002dd   Thumb Code     0  startup_stm32f429xx.o(.text)
    I2C1_ER_IRQHandler                       0x080002dd   Thumb Code     0  startup_stm32f429xx.o(.text)
    I2C1_EV_IRQHandler                       0x080002dd   Thumb Code     0  startup_stm32f429xx.o(.text)
    I2C2_ER_IRQHandler                       0x080002dd   Thumb Code     0  startup_stm32f429xx.o(.text)
    I2C2_EV_IRQHandler                       0x080002dd   Thumb Code     0  startup_stm32f429xx.o(.text)
    I2C3_ER_IRQHandler                       0x080002dd   Thumb Code     0  startup_stm32f429xx.o(.text)
    I2C3_EV_IRQHandler                       0x080002dd   Thumb Code     0  startup_stm32f429xx.o(.text)
    LTDC_ER_IRQHandler                       0x080002dd   Thumb Code     0  startup_stm32f429xx.o(.text)
    LTDC_IRQHandler                          0x080002dd   Thumb Code     0  startup_stm32f429xx.o(.text)
    OTG_FS_IRQHandler                        0x080002dd   Thumb Code     0  startup_stm32f429xx.o(.text)
    OTG_FS_WKUP_IRQHandler                   0x080002dd   Thumb Code     0  startup_stm32f429xx.o(.text)
    OTG_HS_EP1_IN_IRQHandler                 0x080002dd   Thumb Code     0  startup_stm32f429xx.o(.text)
    OTG_HS_EP1_OUT_IRQHandler                0x080002dd   Thumb Code     0  startup_stm32f429xx.o(.text)
    OTG_HS_IRQHandler                        0x080002dd   Thumb Code     0  startup_stm32f429xx.o(.text)
    OTG_HS_WKUP_IRQHandler                   0x080002dd   Thumb Code     0  startup_stm32f429xx.o(.text)
    PVD_IRQHandler                           0x080002dd   Thumb Code     0  startup_stm32f429xx.o(.text)
    RCC_IRQHandler                           0x080002dd   Thumb Code     0  startup_stm32f429xx.o(.text)
    SAI1_IRQHandler                          0x080002dd   Thumb Code     0  startup_stm32f429xx.o(.text)
    SDIO_IRQHandler                          0x080002dd   Thumb Code     0  startup_stm32f429xx.o(.text)
    SPI1_IRQHandler                          0x080002dd   Thumb Code     0  startup_stm32f429xx.o(.text)
    SPI2_IRQHandler                          0x080002dd   Thumb Code     0  startup_stm32f429xx.o(.text)
    SPI3_IRQHandler                          0x080002dd   Thumb Code     0  startup_stm32f429xx.o(.text)
    SPI4_IRQHandler                          0x080002dd   Thumb Code     0  startup_stm32f429xx.o(.text)
    SPI5_IRQHandler                          0x080002dd   Thumb Code     0  startup_stm32f429xx.o(.text)
    SPI6_IRQHandler                          0x080002dd   Thumb Code     0  startup_stm32f429xx.o(.text)
    TAMP_STAMP_IRQHandler                    0x080002dd   Thumb Code     0  startup_stm32f429xx.o(.text)
    TIM1_BRK_TIM9_IRQHandler                 0x080002dd   Thumb Code     0  startup_stm32f429xx.o(.text)
    TIM1_CC_IRQHandler                       0x080002dd   Thumb Code     0  startup_stm32f429xx.o(.text)
    TIM1_TRG_COM_TIM11_IRQHandler            0x080002dd   Thumb Code     0  startup_stm32f429xx.o(.text)
    TIM1_UP_TIM10_IRQHandler                 0x080002dd   Thumb Code     0  startup_stm32f429xx.o(.text)
    TIM2_IRQHandler                          0x080002dd   Thumb Code     0  startup_stm32f429xx.o(.text)
    TIM6_DAC_IRQHandler                      0x080002dd   Thumb Code     0  startup_stm32f429xx.o(.text)
    TIM7_IRQHandler                          0x080002dd   Thumb Code     0  startup_stm32f429xx.o(.text)
    TIM8_BRK_TIM12_IRQHandler                0x080002dd   Thumb Code     0  startup_stm32f429xx.o(.text)
    TIM8_CC_IRQHandler                       0x080002dd   Thumb Code     0  startup_stm32f429xx.o(.text)
    TIM8_TRG_COM_TIM14_IRQHandler            0x080002dd   Thumb Code     0  startup_stm32f429xx.o(.text)
    TIM8_UP_TIM13_IRQHandler                 0x080002dd   Thumb Code     0  startup_stm32f429xx.o(.text)
    UART4_IRQHandler                         0x080002dd   Thumb Code     0  startup_stm32f429xx.o(.text)
    UART5_IRQHandler                         0x080002dd   Thumb Code     0  startup_stm32f429xx.o(.text)
    UART7_IRQHandler                         0x080002dd   Thumb Code     0  startup_stm32f429xx.o(.text)
    UART8_IRQHandler                         0x080002dd   Thumb Code     0  startup_stm32f429xx.o(.text)
    USART2_IRQHandler                        0x080002dd   Thumb Code     0  startup_stm32f429xx.o(.text)
    USART3_IRQHandler                        0x080002dd   Thumb Code     0  startup_stm32f429xx.o(.text)
    USART6_IRQHandler                        0x080002dd   Thumb Code     0  startup_stm32f429xx.o(.text)
    WWDG_IRQHandler                          0x080002dd   Thumb Code     0  startup_stm32f429xx.o(.text)
    __user_initial_stackheap                 0x080002e1   Thumb Code     0  startup_stm32f429xx.o(.text)
    __use_no_semihosting                     0x08000301   Thumb Code     2  use_no_semi_2.o(.text)
    __2printf                                0x08000305   Thumb Code    20  noretval__2printf.o(.text)
    __2sprintf                               0x0800031d   Thumb Code    34  noretval__2sprintf.o(.text)
    _printf_pre_padding                      0x08000345   Thumb Code    44  _printf_pad.o(.text)
    _printf_post_padding                     0x08000371   Thumb Code    34  _printf_pad.o(.text)
    _printf_str                              0x08000393   Thumb Code    82  _printf_str.o(.text)
    _printf_int_dec                          0x080003e5   Thumb Code   104  _printf_dec.o(.text)
    _printf_longlong_dec                     0x0800045d   Thumb Code   108  _printf_longlong_dec.o(.text)
    _printf_int_hex                          0x080004d9   Thumb Code    84  _printf_hex_int.o(.text)
    _printf_longlong_hex                     0x080004d9   Thumb Code     0  _printf_hex_int.o(.text)
    __printf                                 0x08000531   Thumb Code   388  __printf_flags_ss_wp.o(.text)
    __use_two_region_memory                  0x080006b9   Thumb Code     2  heapauxi.o(.text)
    __rt_heap_escrow$2region                 0x080006bb   Thumb Code     2  heapauxi.o(.text)
    __rt_heap_expand$2region                 0x080006bd   Thumb Code     2  heapauxi.o(.text)
    __I$use$semihosting                      0x080006bf   Thumb Code     0  use_no_semi.o(.text)
    __use_no_semihosting_swi                 0x080006bf   Thumb Code     2  use_no_semi.o(.text)
    _ll_udiv10                               0x080006c1   Thumb Code   138  lludiv10.o(.text)
    _printf_int_common                       0x0800074b   Thumb Code   178  _printf_intcommon.o(.text)
    _printf_char_common                      0x08000807   Thumb Code    32  _printf_char_common.o(.text)
    _sputc                                   0x0800082d   Thumb Code    10  _sputc.o(.text)
    _printf_cs_common                        0x08000837   Thumb Code    20  _printf_char.o(.text)
    _printf_char                             0x0800084b   Thumb Code    16  _printf_char.o(.text)
    _printf_string                           0x0800085b   Thumb Code     8  _printf_char.o(.text)
    _printf_char_file                        0x08000865   Thumb Code    32  _printf_char_file.o(.text)
    ferror                                   0x08000889   Thumb Code     8  ferror.o(.text)
    __user_setup_stackheap                   0x08000891   Thumb Code    74  sys_stackheap_outer.o(.text)
    exit                                     0x080008db   Thumb Code    18  exit.o(.text)
    __user_libspace                          0x080008ed   Thumb Code     8  libspace.o(.text)
    __user_perproc_libspace                  0x080008ed   Thumb Code     0  libspace.o(.text)
    __user_perthread_libspace                0x080008ed   Thumb Code     0  libspace.o(.text)
    GPIO_AF_Set                              0x080008f5   Thumb Code    64  sys.o(i.GPIO_AF_Set)
    GPIO_Set                                 0x08000935   Thumb Code   222  sys.o(i.GPIO_Set)
    IIC_Ack                                  0x08000a15   Thumb Code    66  myiic.o(i.IIC_Ack)
    IIC_Init                                 0x08000a65   Thumb Code    48  myiic.o(i.IIC_Init)
    IIC_NAck                                 0x08000aa5   Thumb Code    66  myiic.o(i.IIC_NAck)
    IIC_Read_Byte                            0x08000af5   Thumb Code    94  myiic.o(i.IIC_Read_Byte)
    IIC_Send_Byte                            0x08000b61   Thumb Code    90  myiic.o(i.IIC_Send_Byte)
    IIC_Start                                0x08000bc9   Thumb Code    64  myiic.o(i.IIC_Start)
    IIC_Stop                                 0x08000c15   Thumb Code    62  myiic.o(i.IIC_Stop)
    IIC_Wait_Ack                             0x08000c61   Thumb Code    82  myiic.o(i.IIC_Wait_Ack)
    LCD_Clear                                0x08000cc1   Thumb Code    58  lcd.o(i.LCD_Clear)
    LCD_Display_Dir                          0x08000d09   Thumb Code   376  lcd.o(i.LCD_Display_Dir)
    LCD_DrawLine                             0x08000e89   Thumb Code   176  lcd.o(i.LCD_DrawLine)
    LCD_DrawPoint                            0x08000f39   Thumb Code    48  lcd.o(i.LCD_DrawPoint)
    LCD_DrawRectangle                        0x08000f75   Thumb Code    64  lcd.o(i.LCD_DrawRectangle)
    LCD_Draw_Circle                          0x08000fb5   Thumb Code   152  lcd.o(i.LCD_Draw_Circle)
    LCD_Fast_DrawPoint                       0x0800104d   Thumb Code   278  lcd.o(i.LCD_Fast_DrawPoint)
    LCD_Fill                                 0x08001171   Thumb Code   104  lcd.o(i.LCD_Fill)
    LCD_Init                                 0x080011e1   Thumb Code  9604  lcd.o(i.LCD_Init)
    LCD_Pow                                  0x08003771   Thumb Code    22  lcd.o(i.LCD_Pow)
    LCD_RD_DATA                              0x08003789   Thumb Code    14  lcd.o(i.LCD_RD_DATA)
    LCD_ReadPoint                            0x0800379d   Thumb Code   196  lcd.o(i.LCD_ReadPoint)
    LCD_SSD_BackLightSet                     0x08003869   Thumb Code    88  lcd.o(i.LCD_SSD_BackLightSet)
    LCD_Scan_Dir                             0x080038c9   Thumb Code   624  lcd.o(i.LCD_Scan_Dir)
    LCD_SetCursor                            0x08003b3d   Thumb Code   306  lcd.o(i.LCD_SetCursor)
    LCD_ShowChar                             0x08003c75   Thumb Code   288  lcd.o(i.LCD_ShowChar)
    LCD_ShowNum                              0x08003db1   Thumb Code   148  lcd.o(i.LCD_ShowNum)
    LCD_ShowString                           0x08003e45   Thumb Code   102  lcd.o(i.LCD_ShowString)
    LCD_ShowxNum                             0x08003eab   Thumb Code   190  lcd.o(i.LCD_ShowxNum)
    LCD_WR_DATA                              0x08003f69   Thumb Code    18  lcd.o(i.LCD_WR_DATA)
    LCD_WR_REG                               0x08003f81   Thumb Code    18  lcd.o(i.LCD_WR_REG)
    LCD_WriteRAM_Prepare                     0x08003f99   Thumb Code    10  lcd.o(i.LCD_WriteRAM_Prepare)
    LCD_WriteReg                             0x08003fad   Thumb Code    10  lcd.o(i.LCD_WriteReg)
    LTDC_Clear                               0x08003fbd   Thumb Code    32  ltdc.o(i.LTDC_Clear)
    LTDC_Clk_Set                             0x08003fe1   Thumb Code   148  ltdc.o(i.LTDC_Clk_Set)
    LTDC_Display_Dir                         0x08004079   Thumb Code    40  ltdc.o(i.LTDC_Display_Dir)
    LTDC_Draw_Point                          0x080040a5   Thumb Code    70  ltdc.o(i.LTDC_Draw_Point)
    LTDC_Fill                                0x080040f5   Thumb Code   312  ltdc.o(i.LTDC_Fill)
    LTDC_Init                                0x0800423d   Thumb Code   860  ltdc.o(i.LTDC_Init)
    LTDC_Layer_Parameter_Config              0x080045c9   Thumb Code   132  ltdc.o(i.LTDC_Layer_Parameter_Config)
    LTDC_Layer_Switch                        0x08004651   Thumb Code    90  ltdc.o(i.LTDC_Layer_Switch)
    LTDC_Layer_Window_Config                 0x080046b1   Thumb Code   304  ltdc.o(i.LTDC_Layer_Window_Config)
    LTDC_PanelID_Read                        0x080047e9   Thumb Code   136  ltdc.o(i.LTDC_PanelID_Read)
    LTDC_Read_Point                          0x08004889   Thumb Code    72  ltdc.o(i.LTDC_Read_Point)
    LTDC_Select_Layer                        0x080048d9   Thumb Code     6  ltdc.o(i.LTDC_Select_Layer)
    LTDC_Switch                              0x080048e5   Thumb Code    34  ltdc.o(i.LTDC_Switch)
    MY_NVIC_Init                             0x0800490d   Thumb Code   116  sys.o(i.MY_NVIC_Init)
    MY_NVIC_PriorityGroupConfig              0x08004985   Thumb Code    32  sys.o(i.MY_NVIC_PriorityGroupConfig)
    MY_NVIC_SetVectorTable                   0x080049ad   Thumb Code    12  sys.o(i.MY_NVIC_SetVectorTable)
    PCF8574_Init                             0x080049bd   Thumb Code    70  pcf8574.o(i.PCF8574_Init)
    PCF8574_ReadBit                          0x08004a0d   Thumb Code    26  pcf8574.o(i.PCF8574_ReadBit)
    PCF8574_ReadOneByte                      0x08004a27   Thumb Code    34  pcf8574.o(i.PCF8574_ReadOneByte)
    PCF8574_WriteBit                         0x08004a49   Thumb Code    38  pcf8574.o(i.PCF8574_WriteBit)
    PCF8574_WriteOneByte                     0x08004a6f   Thumb Code    40  pcf8574.o(i.PCF8574_WriteOneByte)
    RTC_Alarm_IRQHandler                     0x08004a99   Thumb Code    44  rtc.o(i.RTC_Alarm_IRQHandler)
    RTC_BCD2DEC                              0x08004ad9   Thumb Code    22  rtc.o(i.RTC_BCD2DEC)
    RTC_DEC2BCD                              0x08004aef   Thumb Code    28  rtc.o(i.RTC_DEC2BCD)
    RTC_Get_Date                             0x08004b0d   Thumb Code    64  rtc.o(i.RTC_Get_Date)
    RTC_Get_Time                             0x08004b51   Thumb Code    64  rtc.o(i.RTC_Get_Time)
    RTC_Init_Mode                            0x08004b95   Thumb Code    58  rtc.o(i.RTC_Init_Mode)
    RTC_Read_BKR                             0x08004bd5   Thumb Code    14  rtc.o(i.RTC_Read_BKR)
    RTC_Set_Date                             0x08004be9   Thumb Code    96  rtc.o(i.RTC_Set_Date)
    RTC_Set_Time                             0x08004c4d   Thumb Code    96  rtc.o(i.RTC_Set_Time)
    RTC_WKUP_IRQHandler                      0x08004cb1   Thumb Code    36  rtc.o(i.RTC_WKUP_IRQHandler)
    RTC_Wait_Synchro                         0x08004cdd   Thumb Code    64  rtc.o(i.RTC_Wait_Synchro)
    RTC_Write_BKR                            0x08004d25   Thumb Code    12  rtc.o(i.RTC_Write_BKR)
    SDRAM_Send_Cmd                           0x08004d35   Thumb Code    66  sdram.o(i.SDRAM_Send_Cmd)
    Stm32_Clock_Init                         0x08004d7d   Thumb Code    90  sys.o(i.Stm32_Clock_Init)
    Sys_Clock_Set                            0x08004de5   Thumb Code   254  sys.o(i.Sys_Clock_Set)
    TIM3_IRQHandler                          0x08004ef1   Thumb Code    82  time_task.o(i.TIM3_IRQHandler)
    TIM4_IRQHandler                          0x08004f55   Thumb Code    50  usmart.o(i.TIM4_IRQHandler)
    TIM5_IRQHandler                          0x08004f91   Thumb Code   220  cap.o(i.TIM5_IRQHandler)
    Timer4_Init                              0x08005079   Thumb Code    72  usmart.o(i.Timer4_Init)
    USART1_IRQHandler                        0x080050c9   Thumb Code   116  usart.o(i.USART1_IRQHandler)
    _is_digit                                0x08005149   Thumb Code    14  __printf_wp.o(i._is_digit)
    _sys_exit                                0x08005157   Thumb Code     4  usart.o(i._sys_exit)
    cap_init                                 0x0800515d   Thumb Code   186  cap.o(i.cap_init)
    cap_task                                 0x08005225   Thumb Code    80  cap.o(i.cap_task)
    delay_init                               0x0800528d   Thumb Code    46  delay.o(i.delay_init)
    delay_ms                                 0x080052c5   Thumb Code    56  delay.o(i.delay_ms)
    delay_us                                 0x080052fd   Thumb Code    56  delay.o(i.delay_us)
    delay_xms                                0x08005339   Thumb Code    56  delay.o(i.delay_xms)
    fputc                                    0x08005375   Thumb Code    22  usart.o(i.fputc)
    get_gb_key                               0x08005391   Thumb Code    12  key.o(i.get_gb_key)
    key_get_num                              0x080053a1   Thumb Code    46  key.o(i.key_get_num)
    key_init                                 0x080053dd   Thumb Code    96  key.o(i.key_init)
    key_task                                 0x0800544d   Thumb Code   116  key.o(i.key_task)
    led_lnit                                 0x080054d5   Thumb Code    42  led.o(i.led_lnit)
    led_set                                  0x0800550d   Thumb Code     6  test.o(i.led_set)
    led_task                                 0x08005519   Thumb Code    70  led.o(i.led_task)
    main                                     0x0800556d   Thumb Code   178  test.o(i.main)
    opt_delay                                0x08005665   Thumb Code    14  lcd.o(i.opt_delay)
    pcf8547_task                             0x08005675   Thumb Code    74  pcf8574.o(i.pcf8547_task)
    pwm_init                                 0x080056c9   Thumb Code   188  pwm.o(i.pwm_init)
    pwm_task                                 0x08005791   Thumb Code    70  pwm.o(i.pwm_task)
    read_addr                                0x080057e5   Thumb Code     6  usmart.o(i.read_addr)
    rtc_init                                 0x080057ed   Thumb Code   230  rtc.o(i.rtc_init)
    rtc_task                                 0x080058e1   Thumb Code   148  rtc.o(i.rtc_task)
    sd_task                                  0x080059a9   Thumb Code     2  sdram.o(i.sd_task)
    sdram_init                               0x080059ad   Thumb Code   688  sdram.o(i.sdram_init)
    test_fun                                 0x08005c79   Thumb Code    12  test.o(i.test_fun)
    time3_init                               0x08005c85   Thumb Code    82  time_task.o(i.time3_init)
    uart_init                                0x08005ce1   Thumb Code   240  usart.o(i.uart_init)
    usmart_cmd_rec                           0x08005de1   Thumb Code   170  usmart.o(i.usmart_cmd_rec)
    usmart_exe                               0x08005e91   Thumb Code   632  usmart.o(i.usmart_exe)
    usmart_get_aparm                         0x08006165   Thumb Code   212  usmart_str.o(i.usmart_get_aparm)
    usmart_get_cmdname                       0x08006239   Thumb Code    54  usmart_str.o(i.usmart_get_cmdname)
    usmart_get_fname                         0x08006271   Thumb Code   440  usmart_str.o(i.usmart_get_fname)
    usmart_get_fparam                        0x08006431   Thumb Code   262  usmart_str.o(i.usmart_get_fparam)
    usmart_get_parmpos                       0x0800653d   Thumb Code    26  usmart_str.o(i.usmart_get_parmpos)
    usmart_get_runtime                       0x0800655d   Thumb Code    56  usmart.o(i.usmart_get_runtime)
    usmart_init                              0x0800659d   Thumb Code    36  usmart.o(i.usmart_init)
    usmart_pow                               0x080065c5   Thumb Code    22  usmart_str.o(i.usmart_pow)
    usmart_reset_runtime                     0x080065dd   Thumb Code    38  usmart.o(i.usmart_reset_runtime)
    usmart_scan                              0x0800660d   Thumb Code   120  usmart.o(i.usmart_scan)
    usmart_search_nextc                      0x080066c9   Thumb Code    22  usmart_str.o(i.usmart_search_nextc)
    usmart_str2num                           0x080066df   Thumb Code   262  usmart_str.o(i.usmart_str2num)
    usmart_strcmp                            0x080067e5   Thumb Code    34  usmart_str.o(i.usmart_strcmp)
    usmart_strcopy                           0x08006807   Thumb Code    22  usmart_str.o(i.usmart_strcopy)
    usmart_strlen                            0x0800681d   Thumb Code    24  usmart_str.o(i.usmart_strlen)
    usmart_sys_cmd_exe                       0x08006835   Thumb Code  1570  usmart.o(i.usmart_sys_cmd_exe)
    write_addr                               0x08006f29   Thumb Code     4  usmart.o(i.write_addr)
    __aeabi_d2uiz                            0x08006f2d   Thumb Code     0  dfixu.o(x$fpl$dfixu)
    _dfixu                                   0x08006f2d   Thumb Code    90  dfixu.o(x$fpl$dfixu)
    __aeabi_ui2d                             0x08006f87   Thumb Code     0  dflt_clz.o(x$fpl$dfltu)
    _dfltu                                   0x08006f87   Thumb Code    38  dflt_clz.o(x$fpl$dfltu)
    __aeabi_dmul                             0x08006fad   Thumb Code     0  dmul.o(x$fpl$dmul)
    _dmul                                    0x08006fad   Thumb Code   332  dmul.o(x$fpl$dmul)
    __fpl_dnaninf                            0x08007101   Thumb Code   156  dnaninf.o(x$fpl$dnaninf)
    __fpl_dretinf                            0x0800719d   Thumb Code    12  dretinf.o(x$fpl$dretinf)
    _fp_init                                 0x080071a9   Thumb Code    10  fpinit.o(x$fpl$fpinit)
    __fplib_config_fpu_vfp                   0x080071b1   Thumb Code     0  fpinit.o(x$fpl$fpinit)
    __fplib_config_pureend_doubles           0x080071b1   Thumb Code     0  fpinit.o(x$fpl$fpinit)
    __I$use$fp                               0x080071b2   Number         0  usenofp.o(x$fpl$usenofp)
    gp_SCHDLR_TASK_CYCL_CFG                  0x080071b4   Data          40  time_task.o(.constdata)
    asc2_1206                                0x080071dc   Data        1140  lcd.o(.constdata)
    asc2_1608                                0x08007650   Data        1520  lcd.o(.constdata)
    asc2_2412                                0x08007c40   Data        3420  lcd.o(.constdata)
    asc2_3216                                0x0800899c   Data       12160  lcd.o(.constdata)
    Region$$Table$$Base                      0x0800bdbc   Number         0  anon$$obj.o(Region$$Table)
    Region$$Table$$Limit                     0x0800bddc   Number         0  anon$$obj.o(Region$$Table)
    __stdout                                 0x20000004   Data           4  usart.o(.data)
    USART_RX_STA                             0x20000008   Data           2  usart.o(.data)
    schdlr_task_cycl_index                   0x2000000c   Data           1  time_task.o(.data)
    st_TASK_SCHDLR_list                      0x20000010   Data          56  time_task.o(.data)
    count                                    0x2000004c   Data           2  cap.o(.data)
    TIM5CH1_CAPTURE_STA                      0x2000004e   Data           1  cap.o(.data)
    TIM5CH1_CAPTURE_VAL                      0x20000050   Data           4  cap.o(.data)
    POINT_COLOR                              0x20000054   Data           4  lcd.o(.data)
    BACK_COLOR                               0x20000058   Data           4  lcd.o(.data)
    ltdc_framebuf                            0x2000005c   Data           8  ltdc.o(.data)
    sys_cmd_tab                              0x2000006c   Data          28  usmart.o(.data)
    usmart_nametab                           0x20000088   Data         208  usmart_config.o(.data)
    usmart_dev                               0x20000158   Data         244  usmart_config.o(.data)
    USART_RX_BUF                             0x2000024c   Data         200  usart.o(.bss)
    lcddev                                   0x20000314   Data          14  lcd.o(.bss)
    lcdltdc                                  0x20000324   Data          32  ltdc.o(.bss)
    __libspace_start                         0x20000344   Data          96  libspace.o(.bss)
    __temporary_stack_top$libspace           0x200003a4   Data           0  libspace.o(.bss)
    ltdc_lcd_framebuf                        0xc0000000   Data       2048000  ltdc.o(.ARM.__AT_0xC0000000)



==============================================================================

Memory Map of the image

  Image Entry point : 0x080001ad

  Load Region LR_IROM1 (Base: 0x08000000, Size: 0x0000c028, Max: 0x00100000, ABSOLUTE, COMPRESSED[0x0000bee4])

    Execution Region ER_IROM1 (Base: 0x08000000, Size: 0x0000bddc, Max: 0x00100000, ABSOLUTE)

    Base Addr    Size         Type   Attr      Idx    E Section Name        Object

    0x08000000   0x000001ac   Data   RO            3    RESET               startup_stm32f429xx.o
    0x080001ac   0x00000008   Code   RO         1482  * !!!main             c_w.l(__main.o)
    0x080001b4   0x00000034   Code   RO         1674    !!!scatter          c_w.l(__scatter.o)
    0x080001e8   0x0000005a   Code   RO         1672    !!dczerorl2         c_w.l(__dczerorl2.o)
    0x08000242   0x00000002   PAD
    0x08000244   0x0000001c   Code   RO         1676    !!handler_zi        c_w.l(__scatter_zi.o)
    0x08000260   0x00000000   Code   RO         1478    .ARM.Collect$$_printf_percent$$00000000  c_w.l(_printf_percent.o)
    0x08000260   0x0000000a   Code   RO         1512    .ARM.Collect$$_printf_percent$$00000007  c_w.l(_printf_ll.o)
    0x0800026a   0x00000006   Code   RO         1476    .ARM.Collect$$_printf_percent$$00000009  c_w.l(_printf_d.o)
    0x08000270   0x00000006   Code   RO         1477    .ARM.Collect$$_printf_percent$$0000000A  c_w.l(_printf_u.o)
    0x08000276   0x00000006   Code   RO         1475    .ARM.Collect$$_printf_percent$$0000000C  c_w.l(_printf_x.o)
    0x0800027c   0x00000006   Code   RO         1479    .ARM.Collect$$_printf_percent$$0000000E  c_w.l(_printf_lld.o)
    0x08000282   0x00000006   Code   RO         1473    .ARM.Collect$$_printf_percent$$00000013  c_w.l(_printf_c.o)
    0x08000288   0x00000006   Code   RO         1474    .ARM.Collect$$_printf_percent$$00000014  c_w.l(_printf_s.o)
    0x0800028e   0x00000004   Code   RO         1511    .ARM.Collect$$_printf_percent$$00000017  c_w.l(_printf_percent_end.o)
    0x08000292   0x00000002   Code   RO         1548    .ARM.Collect$$libinit$$00000000  c_w.l(libinit.o)
    0x08000294   0x00000004   Code   RO         1554    .ARM.Collect$$libinit$$00000001  c_w.l(libinit2.o)
    0x08000298   0x00000000   Code   RO         1557    .ARM.Collect$$libinit$$00000004  c_w.l(libinit2.o)
    0x08000298   0x00000000   Code   RO         1560    .ARM.Collect$$libinit$$0000000A  c_w.l(libinit2.o)
    0x08000298   0x00000000   Code   RO         1562    .ARM.Collect$$libinit$$0000000C  c_w.l(libinit2.o)
    0x08000298   0x00000000   Code   RO         1564    .ARM.Collect$$libinit$$0000000E  c_w.l(libinit2.o)
    0x08000298   0x00000000   Code   RO         1567    .ARM.Collect$$libinit$$00000011  c_w.l(libinit2.o)
    0x08000298   0x00000000   Code   RO         1569    .ARM.Collect$$libinit$$00000013  c_w.l(libinit2.o)
    0x08000298   0x00000000   Code   RO         1571    .ARM.Collect$$libinit$$00000015  c_w.l(libinit2.o)
    0x08000298   0x00000000   Code   RO         1573    .ARM.Collect$$libinit$$00000017  c_w.l(libinit2.o)
    0x08000298   0x00000000   Code   RO         1575    .ARM.Collect$$libinit$$00000019  c_w.l(libinit2.o)
    0x08000298   0x00000000   Code   RO         1577    .ARM.Collect$$libinit$$0000001B  c_w.l(libinit2.o)
    0x08000298   0x00000000   Code   RO         1579    .ARM.Collect$$libinit$$0000001D  c_w.l(libinit2.o)
    0x08000298   0x00000000   Code   RO         1581    .ARM.Collect$$libinit$$0000001F  c_w.l(libinit2.o)
    0x08000298   0x00000000   Code   RO         1583    .ARM.Collect$$libinit$$00000021  c_w.l(libinit2.o)
    0x08000298   0x00000000   Code   RO         1585    .ARM.Collect$$libinit$$00000023  c_w.l(libinit2.o)
    0x08000298   0x00000000   Code   RO         1587    .ARM.Collect$$libinit$$00000025  c_w.l(libinit2.o)
    0x08000298   0x00000000   Code   RO         1591    .ARM.Collect$$libinit$$0000002C  c_w.l(libinit2.o)
    0x08000298   0x00000000   Code   RO         1593    .ARM.Collect$$libinit$$0000002E  c_w.l(libinit2.o)
    0x08000298   0x00000000   Code   RO         1595    .ARM.Collect$$libinit$$00000030  c_w.l(libinit2.o)
    0x08000298   0x00000000   Code   RO         1597    .ARM.Collect$$libinit$$00000032  c_w.l(libinit2.o)
    0x08000298   0x00000002   Code   RO         1598    .ARM.Collect$$libinit$$00000033  c_w.l(libinit2.o)
    0x0800029a   0x00000002   Code   RO         1616    .ARM.Collect$$libshutdown$$00000000  c_w.l(libshutdown.o)
    0x0800029c   0x00000000   Code   RO         1626    .ARM.Collect$$libshutdown$$00000002  c_w.l(libshutdown2.o)
    0x0800029c   0x00000000   Code   RO         1628    .ARM.Collect$$libshutdown$$00000004  c_w.l(libshutdown2.o)
    0x0800029c   0x00000000   Code   RO         1631    .ARM.Collect$$libshutdown$$00000007  c_w.l(libshutdown2.o)
    0x0800029c   0x00000000   Code   RO         1634    .ARM.Collect$$libshutdown$$0000000A  c_w.l(libshutdown2.o)
    0x0800029c   0x00000000   Code   RO         1636    .ARM.Collect$$libshutdown$$0000000C  c_w.l(libshutdown2.o)
    0x0800029c   0x00000000   Code   RO         1639    .ARM.Collect$$libshutdown$$0000000F  c_w.l(libshutdown2.o)
    0x0800029c   0x00000002   Code   RO         1640    .ARM.Collect$$libshutdown$$00000010  c_w.l(libshutdown2.o)
    0x0800029e   0x00000000   Code   RO         1498    .ARM.Collect$$rtentry$$00000000  c_w.l(__rtentry.o)
    0x0800029e   0x00000000   Code   RO         1519    .ARM.Collect$$rtentry$$00000002  c_w.l(__rtentry2.o)
    0x0800029e   0x00000006   Code   RO         1531    .ARM.Collect$$rtentry$$00000004  c_w.l(__rtentry4.o)
    0x080002a4   0x00000000   Code   RO         1521    .ARM.Collect$$rtentry$$00000009  c_w.l(__rtentry2.o)
    0x080002a4   0x00000004   Code   RO         1522    .ARM.Collect$$rtentry$$0000000A  c_w.l(__rtentry2.o)
    0x080002a8   0x00000000   Code   RO         1524    .ARM.Collect$$rtentry$$0000000C  c_w.l(__rtentry2.o)
    0x080002a8   0x00000008   Code   RO         1525    .ARM.Collect$$rtentry$$0000000D  c_w.l(__rtentry2.o)
    0x080002b0   0x00000002   Code   RO         1552    .ARM.Collect$$rtexit$$00000000  c_w.l(rtexit.o)
    0x080002b2   0x00000000   Code   RO         1600    .ARM.Collect$$rtexit$$00000002  c_w.l(rtexit2.o)
    0x080002b2   0x00000004   Code   RO         1601    .ARM.Collect$$rtexit$$00000003  c_w.l(rtexit2.o)
    0x080002b6   0x00000006   Code   RO         1602    .ARM.Collect$$rtexit$$00000004  c_w.l(rtexit2.o)
    0x080002bc   0x00000044   Code   RO            4    .text               startup_stm32f429xx.o
    0x08000300   0x00000002   Code   RO         1412    .text               c_w.l(use_no_semi_2.o)
    0x08000302   0x00000002   PAD
    0x08000304   0x00000018   Code   RO         1418    .text               c_w.l(noretval__2printf.o)
    0x0800031c   0x00000028   Code   RO         1420    .text               c_w.l(noretval__2sprintf.o)
    0x08000344   0x0000004e   Code   RO         1424    .text               c_w.l(_printf_pad.o)
    0x08000392   0x00000052   Code   RO         1426    .text               c_w.l(_printf_str.o)
    0x080003e4   0x00000078   Code   RO         1428    .text               c_w.l(_printf_dec.o)
    0x0800045c   0x0000007c   Code   RO         1430    .text               c_w.l(_printf_longlong_dec.o)
    0x080004d8   0x00000058   Code   RO         1435    .text               c_w.l(_printf_hex_int.o)
    0x08000530   0x00000188   Code   RO         1470    .text               c_w.l(__printf_flags_ss_wp.o)
    0x080006b8   0x00000006   Code   RO         1480    .text               c_w.l(heapauxi.o)
    0x080006be   0x00000002   Code   RO         1496    .text               c_w.l(use_no_semi.o)
    0x080006c0   0x0000008a   Code   RO         1499    .text               c_w.l(lludiv10.o)
    0x0800074a   0x000000b2   Code   RO         1501    .text               c_w.l(_printf_intcommon.o)
    0x080007fc   0x00000030   Code   RO         1503    .text               c_w.l(_printf_char_common.o)
    0x0800082c   0x0000000a   Code   RO         1505    .text               c_w.l(_sputc.o)
    0x08000836   0x0000002c   Code   RO         1507    .text               c_w.l(_printf_char.o)
    0x08000862   0x00000002   PAD
    0x08000864   0x00000024   Code   RO         1509    .text               c_w.l(_printf_char_file.o)
    0x08000888   0x00000008   Code   RO         1535    .text               c_w.l(ferror.o)
    0x08000890   0x0000004a   Code   RO         1539    .text               c_w.l(sys_stackheap_outer.o)
    0x080008da   0x00000012   Code   RO         1541    .text               c_w.l(exit.o)
    0x080008ec   0x00000008   Code   RO         1549    .text               c_w.l(libspace.o)
    0x080008f4   0x00000040   Code   RO          183    i.GPIO_AF_Set       sys.o
    0x08000934   0x000000de   Code   RO          184    i.GPIO_Set          sys.o
    0x08000a12   0x00000002   PAD
    0x08000a14   0x00000050   Code   RO         1150    i.IIC_Ack           myiic.o
    0x08000a64   0x00000040   Code   RO         1151    i.IIC_Init          myiic.o
    0x08000aa4   0x00000050   Code   RO         1152    i.IIC_NAck          myiic.o
    0x08000af4   0x0000006c   Code   RO         1153    i.IIC_Read_Byte     myiic.o
    0x08000b60   0x00000068   Code   RO         1154    i.IIC_Send_Byte     myiic.o
    0x08000bc8   0x0000004c   Code   RO         1155    i.IIC_Start         myiic.o
    0x08000c14   0x0000004c   Code   RO         1156    i.IIC_Stop          myiic.o
    0x08000c60   0x00000060   Code   RO         1157    i.IIC_Wait_Ack      myiic.o
    0x08000cc0   0x00000048   Code   RO          524    i.LCD_Clear         lcd.o
    0x08000d08   0x00000180   Code   RO          528    i.LCD_Display_Dir   lcd.o
    0x08000e88   0x000000b0   Code   RO          529    i.LCD_DrawLine      lcd.o
    0x08000f38   0x0000003c   Code   RO          530    i.LCD_DrawPoint     lcd.o
    0x08000f74   0x00000040   Code   RO          531    i.LCD_DrawRectangle  lcd.o
    0x08000fb4   0x00000098   Code   RO          532    i.LCD_Draw_Circle   lcd.o
    0x0800104c   0x00000124   Code   RO          533    i.LCD_Fast_DrawPoint  lcd.o
    0x08001170   0x00000070   Code   RO          534    i.LCD_Fill          lcd.o
    0x080011e0   0x00002590   Code   RO          535    i.LCD_Init          lcd.o
    0x08003770   0x00000016   Code   RO          536    i.LCD_Pow           lcd.o
    0x08003786   0x00000002   PAD
    0x08003788   0x00000014   Code   RO          537    i.LCD_RD_DATA       lcd.o
    0x0800379c   0x000000cc   Code   RO          538    i.LCD_ReadPoint     lcd.o
    0x08003868   0x00000060   Code   RO          540    i.LCD_SSD_BackLightSet  lcd.o
    0x080038c8   0x00000274   Code   RO          541    i.LCD_Scan_Dir      lcd.o
    0x08003b3c   0x00000138   Code   RO          542    i.LCD_SetCursor     lcd.o
    0x08003c74   0x0000013c   Code   RO          544    i.LCD_ShowChar      lcd.o
    0x08003db0   0x00000094   Code   RO          545    i.LCD_ShowNum       lcd.o
    0x08003e44   0x00000066   Code   RO          546    i.LCD_ShowString    lcd.o
    0x08003eaa   0x000000be   Code   RO          547    i.LCD_ShowxNum      lcd.o
    0x08003f68   0x00000018   Code   RO          548    i.LCD_WR_DATA       lcd.o
    0x08003f80   0x00000018   Code   RO          549    i.LCD_WR_REG        lcd.o
    0x08003f98   0x00000014   Code   RO          551    i.LCD_WriteRAM_Prepare  lcd.o
    0x08003fac   0x00000010   Code   RO          552    i.LCD_WriteReg      lcd.o
    0x08003fbc   0x00000024   Code   RO          749    i.LTDC_Clear        ltdc.o
    0x08003fe0   0x00000098   Code   RO          750    i.LTDC_Clk_Set      ltdc.o
    0x08004078   0x0000002c   Code   RO          752    i.LTDC_Display_Dir  ltdc.o
    0x080040a4   0x00000050   Code   RO          753    i.LTDC_Draw_Point   ltdc.o
    0x080040f4   0x00000148   Code   RO          754    i.LTDC_Fill         ltdc.o
    0x0800423c   0x0000038c   Code   RO          755    i.LTDC_Init         ltdc.o
    0x080045c8   0x00000088   Code   RO          756    i.LTDC_Layer_Parameter_Config  ltdc.o
    0x08004650   0x00000060   Code   RO          757    i.LTDC_Layer_Switch  ltdc.o
    0x080046b0   0x00000138   Code   RO          758    i.LTDC_Layer_Window_Config  ltdc.o
    0x080047e8   0x000000a0   Code   RO          759    i.LTDC_PanelID_Read  ltdc.o
    0x08004888   0x00000050   Code   RO          760    i.LTDC_Read_Point   ltdc.o
    0x080048d8   0x0000000c   Code   RO          761    i.LTDC_Select_Layer  ltdc.o
    0x080048e4   0x00000028   Code   RO          762    i.LTDC_Switch       ltdc.o
    0x0800490c   0x00000078   Code   RO          187    i.MY_NVIC_Init      sys.o
    0x08004984   0x00000028   Code   RO          188    i.MY_NVIC_PriorityGroupConfig  sys.o
    0x080049ac   0x00000010   Code   RO          189    i.MY_NVIC_SetVectorTable  sys.o
    0x080049bc   0x00000050   Code   RO         1026    i.PCF8574_Init      pcf8574.o
    0x08004a0c   0x0000001a   Code   RO         1027    i.PCF8574_ReadBit   pcf8574.o
    0x08004a26   0x00000022   Code   RO         1028    i.PCF8574_ReadOneByte  pcf8574.o
    0x08004a48   0x00000026   Code   RO         1029    i.PCF8574_WriteBit  pcf8574.o
    0x08004a6e   0x00000028   Code   RO         1030    i.PCF8574_WriteOneByte  pcf8574.o
    0x08004a96   0x00000002   PAD
    0x08004a98   0x00000040   Code   RO          903    i.RTC_Alarm_IRQHandler  rtc.o
    0x08004ad8   0x00000016   Code   RO          904    i.RTC_BCD2DEC       rtc.o
    0x08004aee   0x0000001c   Code   RO          905    i.RTC_DEC2BCD       rtc.o
    0x08004b0a   0x00000002   PAD
    0x08004b0c   0x00000044   Code   RO          906    i.RTC_Get_Date      rtc.o
    0x08004b50   0x00000044   Code   RO          907    i.RTC_Get_Time      rtc.o
    0x08004b94   0x00000040   Code   RO          909    i.RTC_Init_Mode     rtc.o
    0x08004bd4   0x00000014   Code   RO          910    i.RTC_Read_BKR      rtc.o
    0x08004be8   0x00000064   Code   RO          912    i.RTC_Set_Date      rtc.o
    0x08004c4c   0x00000064   Code   RO          913    i.RTC_Set_Time      rtc.o
    0x08004cb0   0x0000002c   Code   RO          915    i.RTC_WKUP_IRQHandler  rtc.o
    0x08004cdc   0x00000048   Code   RO          916    i.RTC_Wait_Synchro  rtc.o
    0x08004d24   0x00000010   Code   RO          917    i.RTC_Write_BKR     rtc.o
    0x08004d34   0x00000048   Code   RO          477    i.SDRAM_Send_Cmd    sdram.o
    0x08004d7c   0x00000068   Code   RO          190    i.Stm32_Clock_Init  sys.o
    0x08004de4   0x0000010c   Code   RO          191    i.Sys_Clock_Set     sys.o
    0x08004ef0   0x00000064   Code   RO          371    i.TIM3_IRQHandler   time_task.o
    0x08004f54   0x0000003c   Code   RO         1216    i.TIM4_IRQHandler   usmart.o
    0x08004f90   0x000000e8   Code   RO          436    i.TIM5_IRQHandler   cap.o
    0x08005078   0x00000050   Code   RO         1217    i.Timer4_Init       usmart.o
    0x080050c8   0x00000080   Code   RO          281    i.USART1_IRQHandler  usart.o
    0x08005148   0x0000000e   Code   RO         1463    i._is_digit         c_w.l(__printf_wp.o)
    0x08005156   0x00000004   Code   RO          282    i._sys_exit         usart.o
    0x0800515a   0x00000002   PAD
    0x0800515c   0x000000c8   Code   RO          437    i.cap_init          cap.o
    0x08005224   0x00000068   Code   RO          438    i.cap_task          cap.o
    0x0800528c   0x00000038   Code   RO          137    i.delay_init        delay.o
    0x080052c4   0x00000038   Code   RO          138    i.delay_ms          delay.o
    0x080052fc   0x0000003c   Code   RO          139    i.delay_us          delay.o
    0x08005338   0x0000003c   Code   RO          140    i.delay_xms         delay.o
    0x08005374   0x0000001c   Code   RO          284    i.fputc             usart.o
    0x08005390   0x00000010   Code   RO          859    i.get_gb_key        key.o
    0x080053a0   0x0000003c   Code   RO          860    i.key_get_num       key.o
    0x080053dc   0x00000070   Code   RO          861    i.key_init          key.o
    0x0800544c   0x00000088   Code   RO          862    i.key_task          key.o
    0x080054d4   0x00000038   Code   RO          340    i.led_lnit          led.o
    0x0800550c   0x0000000c   Code   RO           13    i.led_set           test.o
    0x08005518   0x00000054   Code   RO          341    i.led_task          led.o
    0x0800556c   0x000000f8   Code   RO           14    i.main              test.o
    0x08005664   0x0000000e   Code   RO          553    i.opt_delay         lcd.o
    0x08005672   0x00000002   PAD
    0x08005674   0x00000054   Code   RO         1031    i.pcf8547_task      pcf8574.o
    0x080056c8   0x000000c8   Code   RO          405    i.pwm_init          pwm.o
    0x08005790   0x00000054   Code   RO          406    i.pwm_task          pwm.o
    0x080057e4   0x00000006   Code   RO         1218    i.read_addr         usmart.o
    0x080057ea   0x00000002   PAD
    0x080057ec   0x000000f4   Code   RO          918    i.rtc_init          rtc.o
    0x080058e0   0x000000c8   Code   RO          919    i.rtc_task          rtc.o
    0x080059a8   0x00000002   Code   RO          478    i.sd_task           sdram.o
    0x080059aa   0x00000002   PAD
    0x080059ac   0x000002cc   Code   RO          479    i.sdram_init        sdram.o
    0x08005c78   0x0000000c   Code   RO           15    i.test_fun          test.o
    0x08005c84   0x0000005c   Code   RO          372    i.time3_init        time_task.o
    0x08005ce0   0x00000100   Code   RO          285    i.uart_init         usart.o
    0x08005de0   0x000000b0   Code   RO         1219    i.usmart_cmd_rec    usmart.o
    0x08005e90   0x000002d4   Code   RO         1220    i.usmart_exe        usmart.o
    0x08006164   0x000000d4   Code   RO         1329    i.usmart_get_aparm  usmart_str.o
    0x08006238   0x00000036   Code   RO         1330    i.usmart_get_cmdname  usmart_str.o
    0x0800626e   0x00000002   PAD
    0x08006270   0x000001c0   Code   RO         1331    i.usmart_get_fname  usmart_str.o
    0x08006430   0x0000010c   Code   RO         1332    i.usmart_get_fparam  usmart_str.o
    0x0800653c   0x00000020   Code   RO         1333    i.usmart_get_parmpos  usmart_str.o
    0x0800655c   0x00000040   Code   RO         1221    i.usmart_get_runtime  usmart.o
    0x0800659c   0x00000028   Code   RO         1222    i.usmart_init       usmart.o
    0x080065c4   0x00000016   Code   RO         1334    i.usmart_pow        usmart_str.o
    0x080065da   0x00000002   PAD
    0x080065dc   0x00000030   Code   RO         1223    i.usmart_reset_runtime  usmart.o
    0x0800660c   0x000000bc   Code   RO         1224    i.usmart_scan       usmart.o
    0x080066c8   0x00000016   Code   RO         1335    i.usmart_search_nextc  usmart_str.o
    0x080066de   0x00000106   Code   RO         1336    i.usmart_str2num    usmart_str.o
    0x080067e4   0x00000022   Code   RO         1337    i.usmart_strcmp     usmart_str.o
    0x08006806   0x00000016   Code   RO         1338    i.usmart_strcopy    usmart_str.o
    0x0800681c   0x00000018   Code   RO         1339    i.usmart_strlen     usmart_str.o
    0x08006834   0x000006f4   Code   RO         1225    i.usmart_sys_cmd_exe  usmart.o
    0x08006f28   0x00000004   Code   RO         1226    i.write_addr        usmart.o
    0x08006f2c   0x0000005a   Code   RO         1484    x$fpl$dfixu         fz_wm.l(dfixu.o)
    0x08006f86   0x00000026   Code   RO         1488    x$fpl$dfltu         fz_wm.l(dflt_clz.o)
    0x08006fac   0x00000154   Code   RO         1494    x$fpl$dmul          fz_wm.l(dmul.o)
    0x08007100   0x0000009c   Code   RO         1513    x$fpl$dnaninf       fz_wm.l(dnaninf.o)
    0x0800719c   0x0000000c   Code   RO         1515    x$fpl$dretinf       fz_wm.l(dretinf.o)
    0x080071a8   0x0000000a   Code   RO         1608    x$fpl$fpinit        fz_wm.l(fpinit.o)
    0x080071b2   0x00000000   Code   RO         1517    x$fpl$usenofp       fz_wm.l(usenofp.o)
    0x080071b2   0x00000002   PAD
    0x080071b4   0x00000028   Data   RO          373    .constdata          time_task.o
    0x080071dc   0x00004740   Data   RO          555    .constdata          lcd.o
    0x0800b91c   0x00000028   Data   RO         1436    .constdata          c_w.l(_printf_hex_int.o)
    0x0800b944   0x00000011   Data   RO         1471    .constdata          c_w.l(__printf_flags_ss_wp.o)
    0x0800b955   0x00000003   PAD
    0x0800b958   0x00000028   Data   RO         1227    .conststring        usmart.o
    0x0800b980   0x0000043b   Data   RO         1304    .conststring        usmart_config.o
    0x0800bdbb   0x00000001   PAD
    0x0800bdbc   0x00000020   Data   RO         1670    Region$$Table       anon$$obj.o


    Execution Region RW_IRAM1 (Base: 0x20000000, Size: 0x00000ba8, Max: 0x00030000, ABSOLUTE, COMPRESSED[0x00000108])

    Base Addr    Size         Type   Attr      Idx    E Section Name        Object

    0x20000000   0x00000004   Data   RW          141    .data               delay.o
    0x20000004   0x00000006   Data   RW          287    .data               usart.o
    0x2000000a   0x00000002   Data   RW          342    .data               led.o
    0x2000000c   0x0000003c   Data   RW          374    .data               time_task.o
    0x20000048   0x00000002   Data   RW          407    .data               pwm.o
    0x2000004a   0x00000002   PAD
    0x2000004c   0x00000008   Data   RW          439    .data               cap.o
    0x20000054   0x00000008   Data   RW          556    .data               lcd.o
    0x2000005c   0x00000008   Data   RW          765    .data               ltdc.o
    0x20000064   0x00000005   Data   RW          863    .data               key.o
    0x20000069   0x00000001   Data   RW         1032    .data               pcf8574.o
    0x2000006a   0x00000002   PAD
    0x2000006c   0x0000001c   Data   RW         1228    .data               usmart.o
    0x20000088   0x000001c4   Data   RW         1305    .data               usmart_config.o
    0x2000024c   0x000000c8   Zero   RW          286    .bss                usart.o
    0x20000314   0x0000000e   Zero   RW          554    .bss                lcd.o
    0x20000322   0x00000002   PAD
    0x20000324   0x00000020   Zero   RW          764    .bss                ltdc.o
    0x20000344   0x00000060   Zero   RW         1550    .bss                c_w.l(libspace.o)
    0x200003a4   0x00000004   PAD
    0x200003a8   0x00000000   Zero   RW            2    HEAP                startup_stm32f429xx.o
    0x200003a8   0x00000800   Zero   RW            1    STACK               startup_stm32f429xx.o



  Load Region LR$$.ARM.__AT_0xC0000000 (Base: 0xc0000000, Size: 0x00000000, Max: 0x001f4000, ABSOLUTE)

    Execution Region ER$$.ARM.__AT_0xC0000000 (Base: 0xc0000000, Size: 0x001f4000, Max: 0x001f4000, ABSOLUTE, UNINIT)

    Base Addr    Size         Type   Attr      Idx    E Section Name        Object

    0xc0000000   0x001f4000   Zero   RW          763    .ARM.__AT_0xC0000000  ltdc.o


==============================================================================

Image component sizes


      Code (inc. data)   RO Data    RW Data    ZI Data      Debug   Object Name

       536         50          0          8          0       2088   cap.o
       232         18          0          4          0       2591   delay.o
       324         54          0          5          0       2501   key.o
     13064        222      18240          8         14      25586   lcd.o
       140         28          0          2          0       1062   led.o
      2384        148          0          8    2048032      10820   ltdc.o
       684        112          0          0          0       4614   myiic.o
       302         20          0          1          0       3688   pcf8574.o
       284         26          0          2          0       1110   pwm.o
      1110        134          0          0          0       9325   rtc.o
       790         34          0          0          0       2176   sdram.o
        68         24        428          0       2048        880   startup_stm32f429xx.o
       834         44          0          0          0       5318   sys.o
       272         76          0          0          0     278760   test.o
       192         28         40         60          0       2132   time_task.o
       416         34          0          6        200       4420   usart.o
      3170       1350         40         28          0       8150   usmart.o
         0          0       1083        452          0       1640   usmart_config.o
      1400         20          0          0          0       9313   usmart_str.o

    ----------------------------------------------------------------------
     26222       2422      19864        588    2050296     376174   Object Totals
         0          0         32          0          0          0   (incl. Generated)
        20          0          1          4          2          0   (incl. Padding)

    ----------------------------------------------------------------------

      Code (inc. data)   RO Data    RW Data    ZI Data      Debug   Library Member Name

        90          0          0          0          0          0   __dczerorl2.o
         8          0          0          0          0         68   __main.o
       392          4         17          0          0         92   __printf_flags_ss_wp.o
        14          0          0          0          0         68   __printf_wp.o
         0          0          0          0          0          0   __rtentry.o
        12          0          0          0          0          0   __rtentry2.o
         6          0          0          0          0          0   __rtentry4.o
        52          8          0          0          0          0   __scatter.o
        28          0          0          0          0          0   __scatter_zi.o
         6          0          0          0          0          0   _printf_c.o
        44          0          0          0          0        108   _printf_char.o
        48          6          0          0          0         96   _printf_char_common.o
        36          4          0          0          0         80   _printf_char_file.o
         6          0          0          0          0          0   _printf_d.o
       120         16          0          0          0         92   _printf_dec.o
        88          4         40          0          0         88   _printf_hex_int.o
       178          0          0          0          0         88   _printf_intcommon.o
        10          0          0          0          0          0   _printf_ll.o
         6          0          0          0          0          0   _printf_lld.o
       124         16          0          0          0         92   _printf_longlong_dec.o
        78          0          0          0          0        108   _printf_pad.o
         0          0          0          0          0          0   _printf_percent.o
         4          0          0          0          0          0   _printf_percent_end.o
         6          0          0          0          0          0   _printf_s.o
        82          0          0          0          0         80   _printf_str.o
         6          0          0          0          0          0   _printf_u.o
         6          0          0          0          0          0   _printf_x.o
        10          0          0          0          0         68   _sputc.o
        18          0          0          0          0         80   exit.o
         8          0          0          0          0         68   ferror.o
         6          0          0          0          0        152   heapauxi.o
         2          0          0          0          0          0   libinit.o
         6          0          0          0          0          0   libinit2.o
         2          0          0          0          0          0   libshutdown.o
         2          0          0          0          0          0   libshutdown2.o
         8          4          0          0         96         68   libspace.o
       138          0          0          0          0         80   lludiv10.o
        24          4          0          0          0         84   noretval__2printf.o
        40          6          0          0          0         84   noretval__2sprintf.o
         2          0          0          0          0          0   rtexit.o
        10          0          0          0          0          0   rtexit2.o
        74          0          0          0          0         80   sys_stackheap_outer.o
         2          0          0          0          0         68   use_no_semi.o
         2          0          0          0          0         68   use_no_semi_2.o
        90          4          0          0          0        140   dfixu.o
        38          0          0          0          0        116   dflt_clz.o
       340         12          0          0          0        152   dmul.o
       156          4          0          0          0        140   dnaninf.o
        12          0          0          0          0        116   dretinf.o
        10          0          0          0          0        116   fpinit.o
         0          0          0          0          0          0   usenofp.o

    ----------------------------------------------------------------------
      2458         92         60          0        100       2740   Library Totals
         8          0          3          0          4          0   (incl. Padding)

    ----------------------------------------------------------------------

      Code (inc. data)   RO Data    RW Data    ZI Data      Debug   Library Name

      1804         72         57          0         96       1960   c_w.l
       646         20          0          0          0        780   fz_wm.l

    ----------------------------------------------------------------------
      2458         92         60          0        100       2740   Library Totals

    ----------------------------------------------------------------------

==============================================================================


      Code (inc. data)   RO Data    RW Data    ZI Data      Debug   

     28680       2514      19924        588    2050396     366126   Grand Totals
     28680       2514      19924        264    2050396     366126   ELF Image Totals (compressed)
     28680       2514      19924        264          0          0   ROM Totals

==============================================================================

    Total RO  Size (Code + RO Data)                48604 (  47.46kB)
    Total RW  Size (RW Data + ZI Data)           2050984 (2002.91kB)
    Total ROM Size (Code + RO Data + RW Data)      48868 (  47.72kB)

==============================================================================

